<html>
<body>
<pre>
<h1>µVision Build Log</h1>
<h2>Tool Versions:</h2>
IDE-Version: ¦ÌVision V5.24.2.0
Copyright (C) 2017 ARM Ltd and ARM Germany GmbH. All rights reserved.
License Information: Z zsj, Z, LIC=ZB4EI-T5YYT-9U04U-SW29K-3ATN6-KBDQQ
 
Tool Versions:
Toolchain:       MDK-ARM Plus  Version: 5.24.1
Toolchain Path:  E:\Keil5\ARM\ARMCC\Bin
C Compiler:      Armcc.exe V5.06 update 5 (build 528)
Assembler:       Armasm.exe V5.06 update 5 (build 528)
Linker/Locator:  ArmLink.exe V5.06 update 5 (build 528)
Library Manager: ArmAr.exe V5.06 update 5 (build 528)
Hex Converter:   FromElf.exe V5.06 update 5 (build 528)
CPU DLL:         SARMCM3.DLL V5.24.1
Dialog DLL:      DCM.DLL V1.16.0.0
Target DLL:      STLink\ST-LINKIII-KEIL_SWO.dll V3.0.1.0
Dialog DLL:      TCM.DLL V1.32.0.0
 
<h2>Project:</h2>
E:\github\BMSProjects\Freertos\BMS_freertos\MDK-ARM\BMS.uvprojx
Project File Date:  09/16/2025

<h2>Output:</h2>
*** Using Compiler 'V5.06 update 5 (build 528)', folder: 'E:\Keil5\ARM\ARMCC\Bin'
Build target 'BMS'
compiling stm32f1xx_hal_can.c...
compiling stm32f1xx_hal_gpio_ex.c...
compiling stm32f1xx_hal_timebase_tim.c...
compiling freertos.c...
compiling stm32f1xx_hal.c...
compiling can.c...
compiling stm32f1xx_hal_msp.c...
compiling usart.c...
compiling main.c...
compiling stm32f1xx_it.c...
compiling gpio.c...
compiling stm32f1xx_hal_rcc_ex.c...
compiling stm32f1xx_hal_rcc.c...
compiling stm32f1xx_hal_gpio.c...
compiling stm32f1xx_hal_flash.c...
compiling stm32f1xx_hal_pwr.c...
compiling stm32f1xx_hal_cortex.c...
compiling stm32f1xx_hal_exti.c...
compiling stm32f1xx_hal_dma.c...
compiling stm32f1xx_hal_flash_ex.c...
compiling croutine.c...
compiling stm32f1xx_hal_tim_ex.c...
compiling list.c...
compiling event_groups.c...
compiling queue.c...
compiling stream_buffer.c...
compiling timers.c...
compiling stm32f1xx_hal_tim.c...
compiling heap_4.c...
compiling tasks.c...
compiling port.c...
compiling cmsis_os2.c...
compiling system_stm32f1xx.c...
compiling stm32f1xx_hal_uart.c...
compiling bms_app.c...
compiling bms_analysis.c...
compiling bms_energy.c...
compiling bms_info.c...
compiling bms_monitor.c...
compiling bms_hal_config.c...
compiling bms_protect.c...
compiling bms_hal_control.c...
compiling bms_hal_monitor.c...
compiling drv_soft_i2c.c...
..\User\Drivers\drv_soft_i2c.c(347): warning:  #223-D: function "print_usart1" declared implicitly
  				
..\User\Drivers\drv_soft_i2c.c: 1 warning, 0 errors
compiling drv_softi2c_bq769x0.c...
..\User\Drivers\drv_softi2c_bq769x0.c(262): warning:  #177-D: function "BQ769X0_WriteRegisterByte"  was declared but never referenced
  static bool BQ769X0_WriteRegisterByte(uint8_t Register, uint8_t data)
..\User\Drivers\drv_softi2c_bq769x0.c(309): warning:  #177-D: function "BQ769X0_WriteRegisterWordWithCRC"  was declared but never referenced
  static bool BQ769X0_WriteRegisterWordWithCRC(uint8_t Register, uint16_t data)
..\User\Drivers\drv_softi2c_bq769x0.c(383): warning:  #177-D: function "BQ769X0_ReadRegisterByte"  was declared but never referenced
  static bool BQ769X0_ReadRegisterByte(uint8_t Register, uint8_t *data)
..\User\Drivers\drv_softi2c_bq769x0.c: 3 warnings, 0 errors
linking...
Program Size: Code=35088 RO-data=880 RW-data=604 ZI-data=14996  
FromELF: creating hex file...
"BMS\BMS.axf" - 0 Error(s), 4 Warning(s).

<h2>Software Packages used:</h2>

Package Vendor: ARM
                http://www.keil.com/pack/ARM.CMSIS.5.0.1.pack
                ARM.CMSIS.5.0.1
                CMSIS (Cortex Microcontroller Software Interface Standard)
   * Component: CORE Version: 5.0.1

Package Vendor: Keil
                http://www.keil.com/pack/Keil.STM32F1xx_DFP.2.2.0.pack
                Keil.STM32F1xx_DFP.2.2.0
                STMicroelectronics STM32F1 Series Device Support, Drivers and Examples

<h2>Collection of Component include folders:</h2>
  .\RTE\_BMS
  E:\Keil5\ARM\PACK\ARM\CMSIS\5.0.1\CMSIS\Include
  E:\Keil5\ARM\PACK\Keil\STM32F1xx_DFP\2.2.0\Device\Include

<h2>Collection of Component Files used:</h2>

   * Component: ARM::CMSIS:CORE:5.0.1
Build Time Elapsed:  00:00:05
</pre>
</body>
</html>
