<!doctype html public "-//w3c//dtd html 4.0 transitional//en">
<html><head>
<title>Static Call Graph - [BMS\BMS.axf]</title></head>
<body><HR>
<H1>Static Call Graph for image BMS\BMS.axf</H1><HR>
<BR><P>#&#060CALLGRAPH&#062# ARM Linker, 5060528: Last Updated: Tue Sep 16 14:14:40 2025
<BR><P>
<H3>Maximum Stack Usage =        448 bytes + Unknown(Cycles, Untraceable Function Pointers)</H3><H3>
Call chain for Maximum Stack Depth:</H3>
StartDefaultTask &rArr; BMS_SysInitialize &rArr; BQ769X0_Initialize &rArr; BQ769X0_Configuration &rArr; BQ769X0_ReadBlockWithCRC &rArr; I2C_TransferMessages &rArr; I2C_BitSendAddress &rArr; print_usart1 &rArr; HAL_UART_Transmit &rArr; UART_WaitOnFlagUntilTimeout
<P>
<H3>
Mutually Recursive functions
</H3> <LI><a href="#[6]">HardFault_Handler</a>&nbsp;&nbsp;&nbsp;&rArr;&nbsp;&nbsp;&nbsp;<a href="#[6]">HardFault_Handler</a><BR>
 <LI><a href="#[20]">ADC1_2_IRQHandler</a>&nbsp;&nbsp;&nbsp;&rArr;&nbsp;&nbsp;&nbsp;<a href="#[20]">ADC1_2_IRQHandler</a><BR>
</UL>
<P>
<H3>
Function Pointers
</H3><UL>
 <LI><a href="#[20]">ADC1_2_IRQHandler</a> from startup_stm32f103xb.o(.text) referenced from startup_stm32f103xb.o(RESET)
 <LI><a href="#[3c]">BMS_AnalysisTaskEntry</a> from bms_analysis.o(i.BMS_AnalysisTaskEntry) referenced from bms_analysis.o(i.BMS_AnalysisInit)
 <LI><a href="#[3e]">BMS_BalanceTimerEntry</a> from bms_energy.o(i.BMS_BalanceTimerEntry) referenced from bms_energy.o(i.BMS_EnergyInit)
 <LI><a href="#[3d]">BMS_EnergyTaskEntry</a> from bms_energy.o(i.BMS_EnergyTaskEntry) referenced from bms_energy.o(i.BMS_EnergyInit)
 <LI><a href="#[3f]">BMS_InfoTaskEntry</a> from bms_info.o(i.BMS_InfoTaskEntry) referenced from bms_info.o(i.BMS_InfoInit)
 <LI><a href="#[47]">BMS_MonitorHwCurrent</a> from bms_monitor.o(i.BMS_MonitorHwCurrent) referenced from bms_app.o(i.BMS_SysInitialize)
 <LI><a href="#[40]">BMS_MonitorTaskEntry</a> from bms_monitor.o(i.BMS_MonitorTaskEntry) referenced from bms_monitor.o(i.BMS_MonitorInit)
 <LI><a href="#[48]">BMS_ProtectHwDevice</a> from bms_protect.o(i.BMS_ProtectHwDevice) referenced from bms_app.o(i.BMS_SysInitialize)
 <LI><a href="#[43]">BMS_ProtectHwOCD</a> from bms_protect.o(i.BMS_ProtectHwOCD) referenced from bms_app.o(i.BMS_SysInitialize)
 <LI><a href="#[45]">BMS_ProtectHwOV</a> from bms_protect.o(i.BMS_ProtectHwOV) referenced from bms_app.o(i.BMS_SysInitialize)
 <LI><a href="#[49]">BMS_ProtectHwOvrd</a> from bms_protect.o(i.BMS_ProtectHwOvrd) referenced from bms_app.o(i.BMS_SysInitialize)
 <LI><a href="#[44]">BMS_ProtectHwSCD</a> from bms_protect.o(i.BMS_ProtectHwSCD) referenced from bms_app.o(i.BMS_SysInitialize)
 <LI><a href="#[46]">BMS_ProtectHwUV</a> from bms_protect.o(i.BMS_ProtectHwUV) referenced from bms_app.o(i.BMS_SysInitialize)
 <LI><a href="#[41]">BMS_ProtectTaskEntry</a> from bms_protect.o(i.BMS_ProtectTaskEntry) referenced from bms_protect.o(i.BMS_ProtectInit)
 <LI><a href="#[42]">BMS_ProtectTimerEntry</a> from bms_protect.o(i.BMS_ProtectTimerEntry) referenced from bms_protect.o(i.BMS_ProtectInit)
 <LI><a href="#[8]">BusFault_Handler</a> from stm32f1xx_it.o(i.BusFault_Handler) referenced from startup_stm32f103xb.o(RESET)
 <LI><a href="#[23]">CAN1_RX1_IRQHandler</a> from stm32f1xx_it.o(i.CAN1_RX1_IRQHandler) referenced from startup_stm32f103xb.o(RESET)
 <LI><a href="#[24]">CAN1_SCE_IRQHandler</a> from startup_stm32f103xb.o(.text) referenced from startup_stm32f103xb.o(RESET)
 <LI><a href="#[19]">DMA1_Channel1_IRQHandler</a> from startup_stm32f103xb.o(.text) referenced from startup_stm32f103xb.o(RESET)
 <LI><a href="#[1a]">DMA1_Channel2_IRQHandler</a> from startup_stm32f103xb.o(.text) referenced from startup_stm32f103xb.o(RESET)
 <LI><a href="#[1b]">DMA1_Channel3_IRQHandler</a> from startup_stm32f103xb.o(.text) referenced from startup_stm32f103xb.o(RESET)
 <LI><a href="#[1c]">DMA1_Channel4_IRQHandler</a> from startup_stm32f103xb.o(.text) referenced from startup_stm32f103xb.o(RESET)
 <LI><a href="#[1d]">DMA1_Channel5_IRQHandler</a> from startup_stm32f103xb.o(.text) referenced from startup_stm32f103xb.o(RESET)
 <LI><a href="#[1e]">DMA1_Channel6_IRQHandler</a> from startup_stm32f103xb.o(.text) referenced from startup_stm32f103xb.o(RESET)
 <LI><a href="#[1f]">DMA1_Channel7_IRQHandler</a> from startup_stm32f103xb.o(.text) referenced from startup_stm32f103xb.o(RESET)
 <LI><a href="#[b]">DebugMon_Handler</a> from stm32f1xx_it.o(i.DebugMon_Handler) referenced from startup_stm32f103xb.o(RESET)
 <LI><a href="#[14]">EXTI0_IRQHandler</a> from startup_stm32f103xb.o(.text) referenced from startup_stm32f103xb.o(RESET)
 <LI><a href="#[36]">EXTI15_10_IRQHandler</a> from stm32f1xx_it.o(i.EXTI15_10_IRQHandler) referenced from startup_stm32f103xb.o(RESET)
 <LI><a href="#[15]">EXTI1_IRQHandler</a> from startup_stm32f103xb.o(.text) referenced from startup_stm32f103xb.o(RESET)
 <LI><a href="#[16]">EXTI2_IRQHandler</a> from startup_stm32f103xb.o(.text) referenced from startup_stm32f103xb.o(RESET)
 <LI><a href="#[17]">EXTI3_IRQHandler</a> from startup_stm32f103xb.o(.text) referenced from startup_stm32f103xb.o(RESET)
 <LI><a href="#[18]">EXTI4_IRQHandler</a> from startup_stm32f103xb.o(.text) referenced from startup_stm32f103xb.o(RESET)
 <LI><a href="#[25]">EXTI9_5_IRQHandler</a> from startup_stm32f103xb.o(.text) referenced from startup_stm32f103xb.o(RESET)
 <LI><a href="#[12]">FLASH_IRQHandler</a> from startup_stm32f103xb.o(.text) referenced from startup_stm32f103xb.o(RESET)
 <LI><a href="#[6]">HardFault_Handler</a> from startup_stm32f103xb.o(.text) referenced from startup_stm32f103xb.o(RESET)
 <LI><a href="#[2e]">I2C1_ER_IRQHandler</a> from startup_stm32f103xb.o(.text) referenced from startup_stm32f103xb.o(RESET)
 <LI><a href="#[2d]">I2C1_EV_IRQHandler</a> from startup_stm32f103xb.o(.text) referenced from startup_stm32f103xb.o(RESET)
 <LI><a href="#[2]">I2C1_Lock</a> from drv_soft_i2c.o(i.I2C1_Lock) referenced 2 times from drv_soft_i2c.o(.data)
 <LI><a href="#[1]">I2C1_LockInit</a> from drv_soft_i2c.o(i.I2C1_LockInit) referenced 2 times from drv_soft_i2c.o(.data)
 <LI><a href="#[3]">I2C1_Unlock</a> from drv_soft_i2c.o(i.I2C1_Unlock) referenced 2 times from drv_soft_i2c.o(.data)
 <LI><a href="#[30]">I2C2_ER_IRQHandler</a> from startup_stm32f103xb.o(.text) referenced from startup_stm32f103xb.o(RESET)
 <LI><a href="#[2f]">I2C2_EV_IRQHandler</a> from startup_stm32f103xb.o(.text) referenced from startup_stm32f103xb.o(RESET)
 <LI><a href="#[7]">MemManage_Handler</a> from stm32f1xx_it.o(i.MemManage_Handler) referenced from startup_stm32f103xb.o(RESET)
 <LI><a href="#[5]">NMI_Handler</a> from stm32f1xx_it.o(i.NMI_Handler) referenced from startup_stm32f103xb.o(RESET)
 <LI><a href="#[f]">PVD_IRQHandler</a> from startup_stm32f103xb.o(.text) referenced from startup_stm32f103xb.o(RESET)
 <LI><a href="#[c]">PendSV_Handler</a> from port.o(.emb_text) referenced from startup_stm32f103xb.o(RESET)
 <LI><a href="#[13]">RCC_IRQHandler</a> from startup_stm32f103xb.o(.text) referenced from startup_stm32f103xb.o(RESET)
 <LI><a href="#[37]">RTC_Alarm_IRQHandler</a> from startup_stm32f103xb.o(.text) referenced from startup_stm32f103xb.o(RESET)
 <LI><a href="#[11]">RTC_IRQHandler</a> from startup_stm32f103xb.o(.text) referenced from startup_stm32f103xb.o(RESET)
 <LI><a href="#[4]">Reset_Handler</a> from startup_stm32f103xb.o(.text) referenced from startup_stm32f103xb.o(RESET)
 <LI><a href="#[31]">SPI1_IRQHandler</a> from startup_stm32f103xb.o(.text) referenced from startup_stm32f103xb.o(RESET)
 <LI><a href="#[32]">SPI2_IRQHandler</a> from startup_stm32f103xb.o(.text) referenced from startup_stm32f103xb.o(RESET)
 <LI><a href="#[a]">SVC_Handler</a> from port.o(.emb_text) referenced from startup_stm32f103xb.o(RESET)
 <LI><a href="#[4c]">StartDefaultTask</a> from freertos.o(i.StartDefaultTask) referenced from freertos.o(i.MX_FREERTOS_Init)
 <LI><a href="#[d]">SysTick_Handler</a> from port.o(i.SysTick_Handler) referenced from startup_stm32f103xb.o(RESET)
 <LI><a href="#[3a]">SystemInit</a> from system_stm32f1xx.o(i.SystemInit) referenced from startup_stm32f103xb.o(.text)
 <LI><a href="#[10]">TAMPER_IRQHandler</a> from startup_stm32f103xb.o(.text) referenced from startup_stm32f103xb.o(RESET)
 <LI><a href="#[26]">TIM1_BRK_IRQHandler</a> from startup_stm32f103xb.o(.text) referenced from startup_stm32f103xb.o(RESET)
 <LI><a href="#[29]">TIM1_CC_IRQHandler</a> from startup_stm32f103xb.o(.text) referenced from startup_stm32f103xb.o(RESET)
 <LI><a href="#[28]">TIM1_TRG_COM_IRQHandler</a> from startup_stm32f103xb.o(.text) referenced from startup_stm32f103xb.o(RESET)
 <LI><a href="#[27]">TIM1_UP_IRQHandler</a> from startup_stm32f103xb.o(.text) referenced from startup_stm32f103xb.o(RESET)
 <LI><a href="#[2a]">TIM2_IRQHandler</a> from startup_stm32f103xb.o(.text) referenced from startup_stm32f103xb.o(RESET)
 <LI><a href="#[2b]">TIM3_IRQHandler</a> from startup_stm32f103xb.o(.text) referenced from startup_stm32f103xb.o(RESET)
 <LI><a href="#[2c]">TIM4_IRQHandler</a> from stm32f1xx_it.o(i.TIM4_IRQHandler) referenced from startup_stm32f103xb.o(RESET)
 <LI><a href="#[4e]">TimerCallback</a> from cmsis_os2.o(i.TimerCallback) referenced from cmsis_os2.o(i.osTimerNew)
 <LI><a href="#[4b]">UART_DMAAbortOnError</a> from stm32f1xx_hal_uart.o(i.UART_DMAAbortOnError) referenced from stm32f1xx_hal_uart.o(i.HAL_UART_IRQHandler)
 <LI><a href="#[33]">USART1_IRQHandler</a> from startup_stm32f103xb.o(.text) referenced from startup_stm32f103xb.o(RESET)
 <LI><a href="#[34]">USART2_IRQHandler</a> from stm32f1xx_it.o(i.USART2_IRQHandler) referenced from startup_stm32f103xb.o(RESET)
 <LI><a href="#[35]">USART3_IRQHandler</a> from startup_stm32f103xb.o(.text) referenced from startup_stm32f103xb.o(RESET)
 <LI><a href="#[38]">USBWakeUp_IRQHandler</a> from startup_stm32f103xb.o(.text) referenced from startup_stm32f103xb.o(RESET)
 <LI><a href="#[21]">USB_HP_CAN1_TX_IRQHandler</a> from startup_stm32f103xb.o(.text) referenced from startup_stm32f103xb.o(RESET)
 <LI><a href="#[22]">USB_LP_CAN1_RX0_IRQHandler</a> from stm32f1xx_it.o(i.USB_LP_CAN1_RX0_IRQHandler) referenced from startup_stm32f103xb.o(RESET)
 <LI><a href="#[9]">UsageFault_Handler</a> from stm32f1xx_it.o(i.UsageFault_Handler) referenced from startup_stm32f103xb.o(RESET)
 <LI><a href="#[e]">WWDG_IRQHandler</a> from startup_stm32f103xb.o(.text) referenced from startup_stm32f103xb.o(RESET)
 <LI><a href="#[3b]">__main</a> from entry.o(.ARM.Collect$$$$00000000) referenced from startup_stm32f103xb.o(.text)
 <LI><a href="#[4d]">_sputc</a> from printfa.o(i._sputc) referenced from printfa.o(i.__0sprintf)
 <LI><a href="#[4d]">_sputc</a> from printfa.o(i._sputc) referenced from printfa.o(i.__0vsprintf)
 <LI><a href="#[4a]">compaer_cell</a> from bms_hal_monitor.o(i.compaer_cell) referenced from bms_hal_monitor.o(i.Bms_HalMonitorCellVoltage)
 <LI><a href="#[0]">delay_us</a> from drv_soft_i2c.o(i.delay_us) referenced 2 times from drv_soft_i2c.o(.data)
 <LI><a href="#[39]">main</a> from main.o(i.main) referenced from entry9a.o(.ARM.Collect$$$$0000000B)
 <LI><a href="#[50]">prvIdleTask</a> from tasks.o(i.prvIdleTask) referenced from tasks.o(i.vTaskStartScheduler)
 <LI><a href="#[4f]">prvTaskExitError</a> from port.o(i.prvTaskExitError) referenced from port.o(i.pxPortInitialiseStack)
 <LI><a href="#[51]">prvTimerTask</a> from timers.o(i.prvTimerTask) referenced from timers.o(i.xTimerCreateTimerTask)
</UL>
<P>
<H3>
Global Symbols
</H3>
<P><STRONG><a name="[3b]"></a>__main</STRONG> (Thumb, 0 bytes, Stack size unknown bytes, entry.o(.ARM.Collect$$$$00000000))
<BR>[Address Reference Count : 1]<UL><LI> startup_stm32f103xb.o(.text)
</UL>
<P><STRONG><a name="[17d]"></a>_main_stk</STRONG> (Thumb, 0 bytes, Stack size unknown bytes, entry2.o(.ARM.Collect$$$$00000001))

<P><STRONG><a name="[52]"></a>_main_scatterload</STRONG> (Thumb, 0 bytes, Stack size unknown bytes, entry5.o(.ARM.Collect$$$$00000004))
<BR><BR>[Calls]<UL><LI><a href="#[53]">&gt;&gt;</a>&nbsp;&nbsp;&nbsp;__scatterload
</UL>

<P><STRONG><a name="[6f]"></a>__main_after_scatterload</STRONG> (Thumb, 0 bytes, Stack size unknown bytes, entry5.o(.ARM.Collect$$$$00000004))
<BR><BR>[Called By]<UL><LI><a href="#[53]">&gt;&gt;</a>&nbsp;&nbsp;&nbsp;__scatterload
</UL>

<P><STRONG><a name="[17e]"></a>_main_clock</STRONG> (Thumb, 0 bytes, Stack size unknown bytes, entry7b.o(.ARM.Collect$$$$00000008))

<P><STRONG><a name="[17f]"></a>_main_cpp_init</STRONG> (Thumb, 0 bytes, Stack size unknown bytes, entry8b.o(.ARM.Collect$$$$0000000A))

<P><STRONG><a name="[180]"></a>_main_init</STRONG> (Thumb, 0 bytes, Stack size unknown bytes, entry9a.o(.ARM.Collect$$$$0000000B))

<P><STRONG><a name="[181]"></a>__rt_final_cpp</STRONG> (Thumb, 0 bytes, Stack size unknown bytes, entry10a.o(.ARM.Collect$$$$0000000D))

<P><STRONG><a name="[182]"></a>__rt_final_exit</STRONG> (Thumb, 0 bytes, Stack size unknown bytes, entry11a.o(.ARM.Collect$$$$0000000F))

<P><STRONG><a name="[a]"></a>SVC_Handler</STRONG> (Thumb, 32 bytes, Stack size 0 bytes, port.o(.emb_text))
<BR>[Address Reference Count : 1]<UL><LI> startup_stm32f103xb.o(RESET)
</UL>
<P><STRONG><a name="[173]"></a>__asm___6_port_c_39a90d8d__prvStartFirstTask</STRONG> (Thumb, 28 bytes, Stack size 0 bytes, port.o(.emb_text))
<BR><BR>[Called By]<UL><LI><a href="#[171]">&gt;&gt;</a>&nbsp;&nbsp;&nbsp;xPortStartScheduler
</UL>

<P><STRONG><a name="[c]"></a>PendSV_Handler</STRONG> (Thumb, 72 bytes, Stack size 0 bytes, port.o(.emb_text))
<BR><BR>[Calls]<UL><LI><a href="#[54]">&gt;&gt;</a>&nbsp;&nbsp;&nbsp;vTaskSwitchContext
</UL>
<BR>[Address Reference Count : 1]<UL><LI> startup_stm32f103xb.o(RESET)
</UL>
<P><STRONG><a name="[16a]"></a>vPortGetIPSR</STRONG> (Thumb, 6 bytes, Stack size 0 bytes, port.o(.emb_text))
<BR><BR>[Called By]<UL><LI><a href="#[169]">&gt;&gt;</a>&nbsp;&nbsp;&nbsp;vPortValidateInterruptPriority
</UL>

<P><STRONG><a name="[4]"></a>Reset_Handler</STRONG> (Thumb, 8 bytes, Stack size 0 bytes, startup_stm32f103xb.o(.text))
<BR>[Address Reference Count : 1]<UL><LI> startup_stm32f103xb.o(RESET)
</UL>
<P><STRONG><a name="[6]"></a>HardFault_Handler</STRONG> (Thumb, 2 bytes, Stack size 0 bytes, startup_stm32f103xb.o(.text))
<BR><BR>[Calls]<UL><LI><a href="#[6]">&gt;&gt;</a>&nbsp;&nbsp;&nbsp;HardFault_Handler
</UL>
<BR>[Called By]<UL><LI><a href="#[6]">&gt;&gt;</a>&nbsp;&nbsp;&nbsp;HardFault_Handler
</UL>
<BR>[Address Reference Count : 1]<UL><LI> startup_stm32f103xb.o(RESET)
</UL>
<P><STRONG><a name="[20]"></a>ADC1_2_IRQHandler</STRONG> (Thumb, 0 bytes, Stack size 0 bytes, startup_stm32f103xb.o(.text))
<BR><BR>[Calls]<UL><LI><a href="#[20]">&gt;&gt;</a>&nbsp;&nbsp;&nbsp;ADC1_2_IRQHandler
</UL>
<BR>[Called By]<UL><LI><a href="#[20]">&gt;&gt;</a>&nbsp;&nbsp;&nbsp;ADC1_2_IRQHandler
</UL>
<BR>[Address Reference Count : 1]<UL><LI> startup_stm32f103xb.o(RESET)
</UL>
<P><STRONG><a name="[24]"></a>CAN1_SCE_IRQHandler</STRONG> (Thumb, 0 bytes, Stack size 0 bytes, startup_stm32f103xb.o(.text))
<BR>[Address Reference Count : 1]<UL><LI> startup_stm32f103xb.o(RESET)
</UL>
<P><STRONG><a name="[19]"></a>DMA1_Channel1_IRQHandler</STRONG> (Thumb, 0 bytes, Stack size 0 bytes, startup_stm32f103xb.o(.text))
<BR>[Address Reference Count : 1]<UL><LI> startup_stm32f103xb.o(RESET)
</UL>
<P><STRONG><a name="[1a]"></a>DMA1_Channel2_IRQHandler</STRONG> (Thumb, 0 bytes, Stack size 0 bytes, startup_stm32f103xb.o(.text))
<BR>[Address Reference Count : 1]<UL><LI> startup_stm32f103xb.o(RESET)
</UL>
<P><STRONG><a name="[1b]"></a>DMA1_Channel3_IRQHandler</STRONG> (Thumb, 0 bytes, Stack size 0 bytes, startup_stm32f103xb.o(.text))
<BR>[Address Reference Count : 1]<UL><LI> startup_stm32f103xb.o(RESET)
</UL>
<P><STRONG><a name="[1c]"></a>DMA1_Channel4_IRQHandler</STRONG> (Thumb, 0 bytes, Stack size 0 bytes, startup_stm32f103xb.o(.text))
<BR>[Address Reference Count : 1]<UL><LI> startup_stm32f103xb.o(RESET)
</UL>
<P><STRONG><a name="[1d]"></a>DMA1_Channel5_IRQHandler</STRONG> (Thumb, 0 bytes, Stack size 0 bytes, startup_stm32f103xb.o(.text))
<BR>[Address Reference Count : 1]<UL><LI> startup_stm32f103xb.o(RESET)
</UL>
<P><STRONG><a name="[1e]"></a>DMA1_Channel6_IRQHandler</STRONG> (Thumb, 0 bytes, Stack size 0 bytes, startup_stm32f103xb.o(.text))
<BR>[Address Reference Count : 1]<UL><LI> startup_stm32f103xb.o(RESET)
</UL>
<P><STRONG><a name="[1f]"></a>DMA1_Channel7_IRQHandler</STRONG> (Thumb, 0 bytes, Stack size 0 bytes, startup_stm32f103xb.o(.text))
<BR>[Address Reference Count : 1]<UL><LI> startup_stm32f103xb.o(RESET)
</UL>
<P><STRONG><a name="[14]"></a>EXTI0_IRQHandler</STRONG> (Thumb, 0 bytes, Stack size 0 bytes, startup_stm32f103xb.o(.text))
<BR>[Address Reference Count : 1]<UL><LI> startup_stm32f103xb.o(RESET)
</UL>
<P><STRONG><a name="[15]"></a>EXTI1_IRQHandler</STRONG> (Thumb, 0 bytes, Stack size 0 bytes, startup_stm32f103xb.o(.text))
<BR>[Address Reference Count : 1]<UL><LI> startup_stm32f103xb.o(RESET)
</UL>
<P><STRONG><a name="[16]"></a>EXTI2_IRQHandler</STRONG> (Thumb, 0 bytes, Stack size 0 bytes, startup_stm32f103xb.o(.text))
<BR>[Address Reference Count : 1]<UL><LI> startup_stm32f103xb.o(RESET)
</UL>
<P><STRONG><a name="[17]"></a>EXTI3_IRQHandler</STRONG> (Thumb, 0 bytes, Stack size 0 bytes, startup_stm32f103xb.o(.text))
<BR>[Address Reference Count : 1]<UL><LI> startup_stm32f103xb.o(RESET)
</UL>
<P><STRONG><a name="[18]"></a>EXTI4_IRQHandler</STRONG> (Thumb, 0 bytes, Stack size 0 bytes, startup_stm32f103xb.o(.text))
<BR>[Address Reference Count : 1]<UL><LI> startup_stm32f103xb.o(RESET)
</UL>
<P><STRONG><a name="[25]"></a>EXTI9_5_IRQHandler</STRONG> (Thumb, 0 bytes, Stack size 0 bytes, startup_stm32f103xb.o(.text))
<BR>[Address Reference Count : 1]<UL><LI> startup_stm32f103xb.o(RESET)
</UL>
<P><STRONG><a name="[12]"></a>FLASH_IRQHandler</STRONG> (Thumb, 0 bytes, Stack size 0 bytes, startup_stm32f103xb.o(.text))
<BR>[Address Reference Count : 1]<UL><LI> startup_stm32f103xb.o(RESET)
</UL>
<P><STRONG><a name="[2e]"></a>I2C1_ER_IRQHandler</STRONG> (Thumb, 0 bytes, Stack size 0 bytes, startup_stm32f103xb.o(.text))
<BR>[Address Reference Count : 1]<UL><LI> startup_stm32f103xb.o(RESET)
</UL>
<P><STRONG><a name="[2d]"></a>I2C1_EV_IRQHandler</STRONG> (Thumb, 0 bytes, Stack size 0 bytes, startup_stm32f103xb.o(.text))
<BR>[Address Reference Count : 1]<UL><LI> startup_stm32f103xb.o(RESET)
</UL>
<P><STRONG><a name="[30]"></a>I2C2_ER_IRQHandler</STRONG> (Thumb, 0 bytes, Stack size 0 bytes, startup_stm32f103xb.o(.text))
<BR>[Address Reference Count : 1]<UL><LI> startup_stm32f103xb.o(RESET)
</UL>
<P><STRONG><a name="[2f]"></a>I2C2_EV_IRQHandler</STRONG> (Thumb, 0 bytes, Stack size 0 bytes, startup_stm32f103xb.o(.text))
<BR>[Address Reference Count : 1]<UL><LI> startup_stm32f103xb.o(RESET)
</UL>
<P><STRONG><a name="[f]"></a>PVD_IRQHandler</STRONG> (Thumb, 0 bytes, Stack size 0 bytes, startup_stm32f103xb.o(.text))
<BR>[Address Reference Count : 1]<UL><LI> startup_stm32f103xb.o(RESET)
</UL>
<P><STRONG><a name="[13]"></a>RCC_IRQHandler</STRONG> (Thumb, 0 bytes, Stack size 0 bytes, startup_stm32f103xb.o(.text))
<BR>[Address Reference Count : 1]<UL><LI> startup_stm32f103xb.o(RESET)
</UL>
<P><STRONG><a name="[37]"></a>RTC_Alarm_IRQHandler</STRONG> (Thumb, 0 bytes, Stack size 0 bytes, startup_stm32f103xb.o(.text))
<BR>[Address Reference Count : 1]<UL><LI> startup_stm32f103xb.o(RESET)
</UL>
<P><STRONG><a name="[11]"></a>RTC_IRQHandler</STRONG> (Thumb, 0 bytes, Stack size 0 bytes, startup_stm32f103xb.o(.text))
<BR>[Address Reference Count : 1]<UL><LI> startup_stm32f103xb.o(RESET)
</UL>
<P><STRONG><a name="[31]"></a>SPI1_IRQHandler</STRONG> (Thumb, 0 bytes, Stack size 0 bytes, startup_stm32f103xb.o(.text))
<BR>[Address Reference Count : 1]<UL><LI> startup_stm32f103xb.o(RESET)
</UL>
<P><STRONG><a name="[32]"></a>SPI2_IRQHandler</STRONG> (Thumb, 0 bytes, Stack size 0 bytes, startup_stm32f103xb.o(.text))
<BR>[Address Reference Count : 1]<UL><LI> startup_stm32f103xb.o(RESET)
</UL>
<P><STRONG><a name="[10]"></a>TAMPER_IRQHandler</STRONG> (Thumb, 0 bytes, Stack size 0 bytes, startup_stm32f103xb.o(.text))
<BR>[Address Reference Count : 1]<UL><LI> startup_stm32f103xb.o(RESET)
</UL>
<P><STRONG><a name="[26]"></a>TIM1_BRK_IRQHandler</STRONG> (Thumb, 0 bytes, Stack size 0 bytes, startup_stm32f103xb.o(.text))
<BR>[Address Reference Count : 1]<UL><LI> startup_stm32f103xb.o(RESET)
</UL>
<P><STRONG><a name="[29]"></a>TIM1_CC_IRQHandler</STRONG> (Thumb, 0 bytes, Stack size 0 bytes, startup_stm32f103xb.o(.text))
<BR>[Address Reference Count : 1]<UL><LI> startup_stm32f103xb.o(RESET)
</UL>
<P><STRONG><a name="[28]"></a>TIM1_TRG_COM_IRQHandler</STRONG> (Thumb, 0 bytes, Stack size 0 bytes, startup_stm32f103xb.o(.text))
<BR>[Address Reference Count : 1]<UL><LI> startup_stm32f103xb.o(RESET)
</UL>
<P><STRONG><a name="[27]"></a>TIM1_UP_IRQHandler</STRONG> (Thumb, 0 bytes, Stack size 0 bytes, startup_stm32f103xb.o(.text))
<BR>[Address Reference Count : 1]<UL><LI> startup_stm32f103xb.o(RESET)
</UL>
<P><STRONG><a name="[2a]"></a>TIM2_IRQHandler</STRONG> (Thumb, 0 bytes, Stack size 0 bytes, startup_stm32f103xb.o(.text))
<BR>[Address Reference Count : 1]<UL><LI> startup_stm32f103xb.o(RESET)
</UL>
<P><STRONG><a name="[2b]"></a>TIM3_IRQHandler</STRONG> (Thumb, 0 bytes, Stack size 0 bytes, startup_stm32f103xb.o(.text))
<BR>[Address Reference Count : 1]<UL><LI> startup_stm32f103xb.o(RESET)
</UL>
<P><STRONG><a name="[33]"></a>USART1_IRQHandler</STRONG> (Thumb, 0 bytes, Stack size 0 bytes, startup_stm32f103xb.o(.text))
<BR>[Address Reference Count : 1]<UL><LI> startup_stm32f103xb.o(RESET)
</UL>
<P><STRONG><a name="[35]"></a>USART3_IRQHandler</STRONG> (Thumb, 0 bytes, Stack size 0 bytes, startup_stm32f103xb.o(.text))
<BR>[Address Reference Count : 1]<UL><LI> startup_stm32f103xb.o(RESET)
</UL>
<P><STRONG><a name="[38]"></a>USBWakeUp_IRQHandler</STRONG> (Thumb, 0 bytes, Stack size 0 bytes, startup_stm32f103xb.o(.text))
<BR>[Address Reference Count : 1]<UL><LI> startup_stm32f103xb.o(RESET)
</UL>
<P><STRONG><a name="[21]"></a>USB_HP_CAN1_TX_IRQHandler</STRONG> (Thumb, 0 bytes, Stack size 0 bytes, startup_stm32f103xb.o(.text))
<BR>[Address Reference Count : 1]<UL><LI> startup_stm32f103xb.o(RESET)
</UL>
<P><STRONG><a name="[e]"></a>WWDG_IRQHandler</STRONG> (Thumb, 0 bytes, Stack size 0 bytes, startup_stm32f103xb.o(.text))
<BR>[Address Reference Count : 1]<UL><LI> startup_stm32f103xb.o(RESET)
</UL>
<P><STRONG><a name="[6d]"></a>__aeabi_llsr</STRONG> (Thumb, 32 bytes, Stack size 0 bytes, llushr.o(.text))
<BR><BR>[Called By]<UL><LI><a href="#[6c]">&gt;&gt;</a>&nbsp;&nbsp;&nbsp;__aeabi_uldivmod
<LI><a href="#[61]">&gt;&gt;</a>&nbsp;&nbsp;&nbsp;_double_epilogue
<LI><a href="#[6e]">&gt;&gt;</a>&nbsp;&nbsp;&nbsp;__aeabi_d2ulz
</UL>

<P><STRONG><a name="[183]"></a>_ll_ushift_r</STRONG> (Thumb, 0 bytes, Stack size 0 bytes, llushr.o(.text), UNUSED)

<P><STRONG><a name="[14e]"></a>__aeabi_memcpy</STRONG> (Thumb, 36 bytes, Stack size 0 bytes, memcpya.o(.text))
<BR><BR>[Called By]<UL><LI><a href="#[14f]">&gt;&gt;</a>&nbsp;&nbsp;&nbsp;prvCopyDataToQueue
<LI><a href="#[14d]">&gt;&gt;</a>&nbsp;&nbsp;&nbsp;prvCopyDataFromQueue
</UL>

<P><STRONG><a name="[b5]"></a>__aeabi_memcpy4</STRONG> (Thumb, 0 bytes, Stack size 0 bytes, memcpya.o(.text))
<BR><BR>[Called By]<UL><LI><a href="#[ab]">&gt;&gt;</a>&nbsp;&nbsp;&nbsp;BQ769X0_Initialize
</UL>

<P><STRONG><a name="[184]"></a>__aeabi_memcpy8</STRONG> (Thumb, 0 bytes, Stack size 0 bytes, memcpya.o(.text), UNUSED)

<P><STRONG><a name="[56]"></a>__aeabi_memset</STRONG> (Thumb, 14 bytes, Stack size 0 bytes, memseta.o(.text))
<BR><BR>[Called By]<UL><LI><a href="#[153]">&gt;&gt;</a>&nbsp;&nbsp;&nbsp;prvInitialiseNewTask
<LI><a href="#[57]">&gt;&gt;</a>&nbsp;&nbsp;&nbsp;memset
<LI><a href="#[55]">&gt;&gt;</a>&nbsp;&nbsp;&nbsp;__aeabi_memclr
</UL>

<P><STRONG><a name="[185]"></a>__aeabi_memset4</STRONG> (Thumb, 0 bytes, Stack size 0 bytes, memseta.o(.text), UNUSED)

<P><STRONG><a name="[186]"></a>__aeabi_memset8</STRONG> (Thumb, 0 bytes, Stack size 0 bytes, memseta.o(.text), UNUSED)

<P><STRONG><a name="[55]"></a>__aeabi_memclr</STRONG> (Thumb, 4 bytes, Stack size 0 bytes, memseta.o(.text), UNUSED)
<BR><BR>[Calls]<UL><LI><a href="#[56]">&gt;&gt;</a>&nbsp;&nbsp;&nbsp;__aeabi_memset
</UL>

<P><STRONG><a name="[b6]"></a>__aeabi_memclr4</STRONG> (Thumb, 0 bytes, Stack size 0 bytes, memseta.o(.text))
<BR><BR>[Called By]<UL><LI><a href="#[11f]">&gt;&gt;</a>&nbsp;&nbsp;&nbsp;SystemClock_Config
<LI><a href="#[bb]">&gt;&gt;</a>&nbsp;&nbsp;&nbsp;BQ769X0_ReadRegisterWordWithCRC
<LI><a href="#[ad]">&gt;&gt;</a>&nbsp;&nbsp;&nbsp;BQ769X0_ReadRegisterByteWithCRC
<LI><a href="#[b1]">&gt;&gt;</a>&nbsp;&nbsp;&nbsp;BQ769X0_ReadBlockWithCRC
</UL>

<P><STRONG><a name="[187]"></a>__aeabi_memclr8</STRONG> (Thumb, 0 bytes, Stack size 0 bytes, memseta.o(.text), UNUSED)

<P><STRONG><a name="[57]"></a>memset</STRONG> (Thumb, 18 bytes, Stack size 8 bytes, memseta.o(.text), UNUSED)
<BR><BR>[Calls]<UL><LI><a href="#[56]">&gt;&gt;</a>&nbsp;&nbsp;&nbsp;__aeabi_memset
</UL>

<P><STRONG><a name="[140]"></a>strlen</STRONG> (Thumb, 14 bytes, Stack size 0 bytes, strlen.o(.text))
<BR><BR>[Called By]<UL><LI><a href="#[7d]">&gt;&gt;</a>&nbsp;&nbsp;&nbsp;print_usart1
</UL>

<P><STRONG><a name="[58]"></a>__aeabi_fadd</STRONG> (Thumb, 164 bytes, Stack size 16 bytes, fadd.o(.text))
<BR><BR>[Stack]<UL><LI>Max Depth = 20<LI>Call Chain = __aeabi_fadd &rArr; _float_epilogue
</UL>
<BR>[Calls]<UL><LI><a href="#[5a]">&gt;&gt;</a>&nbsp;&nbsp;&nbsp;_float_round
<LI><a href="#[59]">&gt;&gt;</a>&nbsp;&nbsp;&nbsp;_float_epilogue
</UL>
<BR>[Called By]<UL><LI><a href="#[5b]">&gt;&gt;</a>&nbsp;&nbsp;&nbsp;__aeabi_fsub
<LI><a href="#[7a]">&gt;&gt;</a>&nbsp;&nbsp;&nbsp;BMS_AnalysisEasy
<LI><a href="#[70]">&gt;&gt;</a>&nbsp;&nbsp;&nbsp;BMS_AnalysisAHSocCalculate
<LI><a href="#[bf]">&gt;&gt;</a>&nbsp;&nbsp;&nbsp;BQ769X0_UpadteBatVolt
<LI><a href="#[5c]">&gt;&gt;</a>&nbsp;&nbsp;&nbsp;__aeabi_frsub
</UL>

<P><STRONG><a name="[5b]"></a>__aeabi_fsub</STRONG> (Thumb, 6 bytes, Stack size 0 bytes, fadd.o(.text))
<BR><BR>[Stack]<UL><LI>Max Depth = 20<LI>Call Chain = __aeabi_fsub &rArr; __aeabi_fadd &rArr; _float_epilogue
</UL>
<BR>[Calls]<UL><LI><a href="#[58]">&gt;&gt;</a>&nbsp;&nbsp;&nbsp;__aeabi_fadd
</UL>
<BR>[Called By]<UL><LI><a href="#[90]">&gt;&gt;</a>&nbsp;&nbsp;&nbsp;BMS_EnergyBalanceManage
<LI><a href="#[7a]">&gt;&gt;</a>&nbsp;&nbsp;&nbsp;BMS_AnalysisEasy
<LI><a href="#[70]">&gt;&gt;</a>&nbsp;&nbsp;&nbsp;BMS_AnalysisAHSocCalculate
</UL>

<P><STRONG><a name="[5c]"></a>__aeabi_frsub</STRONG> (Thumb, 6 bytes, Stack size 0 bytes, fadd.o(.text), UNUSED)
<BR><BR>[Calls]<UL><LI><a href="#[58]">&gt;&gt;</a>&nbsp;&nbsp;&nbsp;__aeabi_fadd
</UL>

<P><STRONG><a name="[71]"></a>__aeabi_fmul</STRONG> (Thumb, 100 bytes, Stack size 8 bytes, fmul.o(.text))
<BR><BR>[Stack]<UL><LI>Max Depth = 8<LI>Call Chain = __aeabi_fmul
</UL>
<BR>[Called By]<UL><LI><a href="#[76]">&gt;&gt;</a>&nbsp;&nbsp;&nbsp;BMS_AnalysisTempCal
<LI><a href="#[7e]">&gt;&gt;</a>&nbsp;&nbsp;&nbsp;BMS_AnalysisOcvSocCalculate
<LI><a href="#[7a]">&gt;&gt;</a>&nbsp;&nbsp;&nbsp;BMS_AnalysisEasy
<LI><a href="#[77]">&gt;&gt;</a>&nbsp;&nbsp;&nbsp;BMS_AnalysisCapAndSocInit
<LI><a href="#[70]">&gt;&gt;</a>&nbsp;&nbsp;&nbsp;BMS_AnalysisAHSocCalculate
<LI><a href="#[9a]">&gt;&gt;</a>&nbsp;&nbsp;&nbsp;BMS_InfoPrintf
<LI><a href="#[bf]">&gt;&gt;</a>&nbsp;&nbsp;&nbsp;BQ769X0_UpadteBatVolt
</UL>

<P><STRONG><a name="[5d]"></a>__aeabi_fdiv</STRONG> (Thumb, 124 bytes, Stack size 8 bytes, fdiv.o(.text))
<BR><BR>[Stack]<UL><LI>Max Depth = 8<LI>Call Chain = __aeabi_fdiv
</UL>
<BR>[Calls]<UL><LI><a href="#[5a]">&gt;&gt;</a>&nbsp;&nbsp;&nbsp;_float_round
</UL>
<BR>[Called By]<UL><LI><a href="#[76]">&gt;&gt;</a>&nbsp;&nbsp;&nbsp;BMS_AnalysisTempCal
<LI><a href="#[7a]">&gt;&gt;</a>&nbsp;&nbsp;&nbsp;BMS_AnalysisEasy
<LI><a href="#[70]">&gt;&gt;</a>&nbsp;&nbsp;&nbsp;BMS_AnalysisAHSocCalculate
<LI><a href="#[ab]">&gt;&gt;</a>&nbsp;&nbsp;&nbsp;BQ769X0_Initialize
<LI><a href="#[bf]">&gt;&gt;</a>&nbsp;&nbsp;&nbsp;BQ769X0_UpadteBatVolt
</UL>

<P><STRONG><a name="[5e]"></a>__aeabi_dadd</STRONG> (Thumb, 322 bytes, Stack size 48 bytes, dadd.o(.text), UNUSED)
<BR><BR>[Calls]<UL><LI><a href="#[60]">&gt;&gt;</a>&nbsp;&nbsp;&nbsp;__aeabi_lasr
<LI><a href="#[5f]">&gt;&gt;</a>&nbsp;&nbsp;&nbsp;__aeabi_llsl
<LI><a href="#[62]">&gt;&gt;</a>&nbsp;&nbsp;&nbsp;_double_round
<LI><a href="#[61]">&gt;&gt;</a>&nbsp;&nbsp;&nbsp;_double_epilogue
</UL>
<BR>[Called By]<UL><LI><a href="#[63]">&gt;&gt;</a>&nbsp;&nbsp;&nbsp;__aeabi_dsub
<LI><a href="#[64]">&gt;&gt;</a>&nbsp;&nbsp;&nbsp;__aeabi_drsub
<LI><a href="#[126]">&gt;&gt;</a>&nbsp;&nbsp;&nbsp;_fp_digits
</UL>

<P><STRONG><a name="[63]"></a>__aeabi_dsub</STRONG> (Thumb, 6 bytes, Stack size 0 bytes, dadd.o(.text), UNUSED)
<BR><BR>[Calls]<UL><LI><a href="#[5e]">&gt;&gt;</a>&nbsp;&nbsp;&nbsp;__aeabi_dadd
</UL>

<P><STRONG><a name="[64]"></a>__aeabi_drsub</STRONG> (Thumb, 6 bytes, Stack size 0 bytes, dadd.o(.text), UNUSED)
<BR><BR>[Calls]<UL><LI><a href="#[5e]">&gt;&gt;</a>&nbsp;&nbsp;&nbsp;__aeabi_dadd
</UL>

<P><STRONG><a name="[65]"></a>__aeabi_dmul</STRONG> (Thumb, 228 bytes, Stack size 48 bytes, dmul.o(.text))
<BR><BR>[Stack]<UL><LI>Max Depth = 88<LI>Call Chain = __aeabi_dmul &rArr; _double_epilogue &rArr; _double_round
</UL>
<BR>[Calls]<UL><LI><a href="#[61]">&gt;&gt;</a>&nbsp;&nbsp;&nbsp;_double_epilogue
</UL>
<BR>[Called By]<UL><LI><a href="#[c1]">&gt;&gt;</a>&nbsp;&nbsp;&nbsp;BQ769X0_UpdateCurrent
<LI><a href="#[126]">&gt;&gt;</a>&nbsp;&nbsp;&nbsp;_fp_digits
</UL>

<P><STRONG><a name="[66]"></a>__aeabi_ddiv</STRONG> (Thumb, 222 bytes, Stack size 32 bytes, ddiv.o(.text))
<BR><BR>[Stack]<UL><LI>Max Depth = 40<LI>Call Chain = __aeabi_ddiv &rArr; _double_round
</UL>
<BR>[Calls]<UL><LI><a href="#[62]">&gt;&gt;</a>&nbsp;&nbsp;&nbsp;_double_round
</UL>
<BR>[Called By]<UL><LI><a href="#[7e]">&gt;&gt;</a>&nbsp;&nbsp;&nbsp;BMS_AnalysisOcvSocCalculate
<LI><a href="#[77]">&gt;&gt;</a>&nbsp;&nbsp;&nbsp;BMS_AnalysisCapAndSocInit
<LI><a href="#[70]">&gt;&gt;</a>&nbsp;&nbsp;&nbsp;BMS_AnalysisAHSocCalculate
<LI><a href="#[b3]">&gt;&gt;</a>&nbsp;&nbsp;&nbsp;BQ769X0_GetADCGainOffset
<LI><a href="#[c2]">&gt;&gt;</a>&nbsp;&nbsp;&nbsp;BQ769X0_UpdateTsTemp
<LI><a href="#[c1]">&gt;&gt;</a>&nbsp;&nbsp;&nbsp;BQ769X0_UpdateCurrent
<LI><a href="#[c0]">&gt;&gt;</a>&nbsp;&nbsp;&nbsp;BQ769X0_UpdateCellVolt
<LI><a href="#[126]">&gt;&gt;</a>&nbsp;&nbsp;&nbsp;_fp_digits
</UL>

<P><STRONG><a name="[67]"></a>__aeabi_i2f</STRONG> (Thumb, 18 bytes, Stack size 0 bytes, fflti.o(.text))
<BR><BR>[Stack]<UL><LI>Max Depth = 4<LI>Call Chain = __aeabi_i2f &rArr; _float_epilogue
</UL>
<BR>[Calls]<UL><LI><a href="#[59]">&gt;&gt;</a>&nbsp;&nbsp;&nbsp;_float_epilogue
</UL>
<BR>[Called By]<UL><LI><a href="#[ab]">&gt;&gt;</a>&nbsp;&nbsp;&nbsp;BQ769X0_Initialize
<LI><a href="#[bf]">&gt;&gt;</a>&nbsp;&nbsp;&nbsp;BQ769X0_UpadteBatVolt
</UL>

<P><STRONG><a name="[68]"></a>__aeabi_ui2f</STRONG> (Thumb, 10 bytes, Stack size 0 bytes, ffltui.o(.text))
<BR><BR>[Stack]<UL><LI>Max Depth = 4<LI>Call Chain = __aeabi_ui2f &rArr; _float_epilogue
</UL>
<BR>[Calls]<UL><LI><a href="#[59]">&gt;&gt;</a>&nbsp;&nbsp;&nbsp;_float_epilogue
</UL>
<BR>[Called By]<UL><LI><a href="#[76]">&gt;&gt;</a>&nbsp;&nbsp;&nbsp;BMS_AnalysisTempCal
<LI><a href="#[7a]">&gt;&gt;</a>&nbsp;&nbsp;&nbsp;BMS_AnalysisEasy
<LI><a href="#[bf]">&gt;&gt;</a>&nbsp;&nbsp;&nbsp;BQ769X0_UpadteBatVolt
</UL>

<P><STRONG><a name="[69]"></a>__aeabi_i2d</STRONG> (Thumb, 34 bytes, Stack size 16 bytes, dflti.o(.text))
<BR><BR>[Stack]<UL><LI>Max Depth = 56<LI>Call Chain = __aeabi_i2d &rArr; _double_epilogue &rArr; _double_round
</UL>
<BR>[Calls]<UL><LI><a href="#[61]">&gt;&gt;</a>&nbsp;&nbsp;&nbsp;_double_epilogue
</UL>
<BR>[Called By]<UL><LI><a href="#[70]">&gt;&gt;</a>&nbsp;&nbsp;&nbsp;BMS_AnalysisAHSocCalculate
<LI><a href="#[b3]">&gt;&gt;</a>&nbsp;&nbsp;&nbsp;BQ769X0_GetADCGainOffset
<LI><a href="#[c2]">&gt;&gt;</a>&nbsp;&nbsp;&nbsp;BQ769X0_UpdateTsTemp
<LI><a href="#[c1]">&gt;&gt;</a>&nbsp;&nbsp;&nbsp;BQ769X0_UpdateCurrent
</UL>

<P><STRONG><a name="[6a]"></a>__aeabi_ui2d</STRONG> (Thumb, 26 bytes, Stack size 16 bytes, dfltui.o(.text))
<BR><BR>[Stack]<UL><LI>Max Depth = 56<LI>Call Chain = __aeabi_ui2d &rArr; _double_epilogue &rArr; _double_round
</UL>
<BR>[Calls]<UL><LI><a href="#[61]">&gt;&gt;</a>&nbsp;&nbsp;&nbsp;_double_epilogue
</UL>
<BR>[Called By]<UL><LI><a href="#[7e]">&gt;&gt;</a>&nbsp;&nbsp;&nbsp;BMS_AnalysisOcvSocCalculate
<LI><a href="#[77]">&gt;&gt;</a>&nbsp;&nbsp;&nbsp;BMS_AnalysisCapAndSocInit
<LI><a href="#[c0]">&gt;&gt;</a>&nbsp;&nbsp;&nbsp;BQ769X0_UpdateCellVolt
</UL>

<P><STRONG><a name="[72]"></a>__aeabi_f2iz</STRONG> (Thumb, 50 bytes, Stack size 0 bytes, ffixi.o(.text))
<BR><BR>[Called By]<UL><LI><a href="#[76]">&gt;&gt;</a>&nbsp;&nbsp;&nbsp;BMS_AnalysisTempCal
<LI><a href="#[70]">&gt;&gt;</a>&nbsp;&nbsp;&nbsp;BMS_AnalysisAHSocCalculate
</UL>

<P><STRONG><a name="[78]"></a>__aeabi_f2uiz</STRONG> (Thumb, 40 bytes, Stack size 0 bytes, ffixui.o(.text))
<BR><BR>[Called By]<UL><LI><a href="#[7e]">&gt;&gt;</a>&nbsp;&nbsp;&nbsp;BMS_AnalysisOcvSocCalculate
<LI><a href="#[77]">&gt;&gt;</a>&nbsp;&nbsp;&nbsp;BMS_AnalysisCapAndSocInit
<LI><a href="#[ab]">&gt;&gt;</a>&nbsp;&nbsp;&nbsp;BQ769X0_Initialize
</UL>

<P><STRONG><a name="[89]"></a>__aeabi_f2d</STRONG> (Thumb, 38 bytes, Stack size 0 bytes, f2d.o(.text))
<BR><BR>[Called By]<UL><LI><a href="#[a2]">&gt;&gt;</a>&nbsp;&nbsp;&nbsp;BMS_MonitorSysMode
<LI><a href="#[9a]">&gt;&gt;</a>&nbsp;&nbsp;&nbsp;BMS_InfoPrintf
<LI><a href="#[86]">&gt;&gt;</a>&nbsp;&nbsp;&nbsp;BMS_BattLow
<LI><a href="#[c1]">&gt;&gt;</a>&nbsp;&nbsp;&nbsp;BQ769X0_UpdateCurrent
</UL>

<P><STRONG><a name="[188]"></a>__aeabi_cdcmpeq</STRONG> (Thumb, 0 bytes, Stack size 0 bytes, cdcmple.o(.text), UNUSED)

<P><STRONG><a name="[8a]"></a>__aeabi_cdcmple</STRONG> (Thumb, 48 bytes, Stack size 0 bytes, cdcmple.o(.text))
<BR><BR>[Called By]<UL><LI><a href="#[a2]">&gt;&gt;</a>&nbsp;&nbsp;&nbsp;BMS_MonitorSysMode
<LI><a href="#[86]">&gt;&gt;</a>&nbsp;&nbsp;&nbsp;BMS_BattLow
</UL>

<P><STRONG><a name="[a3]"></a>__aeabi_cdrcmple</STRONG> (Thumb, 48 bytes, Stack size 0 bytes, cdrcmple.o(.text))
<BR><BR>[Called By]<UL><LI><a href="#[a2]">&gt;&gt;</a>&nbsp;&nbsp;&nbsp;BMS_MonitorSysMode
<LI><a href="#[126]">&gt;&gt;</a>&nbsp;&nbsp;&nbsp;_fp_digits
</UL>

<P><STRONG><a name="[6b]"></a>__aeabi_d2f</STRONG> (Thumb, 56 bytes, Stack size 8 bytes, d2f.o(.text))
<BR><BR>[Stack]<UL><LI>Max Depth = 8<LI>Call Chain = __aeabi_d2f
</UL>
<BR>[Calls]<UL><LI><a href="#[5a]">&gt;&gt;</a>&nbsp;&nbsp;&nbsp;_float_round
</UL>
<BR>[Called By]<UL><LI><a href="#[7e]">&gt;&gt;</a>&nbsp;&nbsp;&nbsp;BMS_AnalysisOcvSocCalculate
<LI><a href="#[77]">&gt;&gt;</a>&nbsp;&nbsp;&nbsp;BMS_AnalysisCapAndSocInit
<LI><a href="#[70]">&gt;&gt;</a>&nbsp;&nbsp;&nbsp;BMS_AnalysisAHSocCalculate
<LI><a href="#[b3]">&gt;&gt;</a>&nbsp;&nbsp;&nbsp;BQ769X0_GetADCGainOffset
<LI><a href="#[c2]">&gt;&gt;</a>&nbsp;&nbsp;&nbsp;BQ769X0_UpdateTsTemp
<LI><a href="#[c1]">&gt;&gt;</a>&nbsp;&nbsp;&nbsp;BQ769X0_UpdateCurrent
<LI><a href="#[c0]">&gt;&gt;</a>&nbsp;&nbsp;&nbsp;BQ769X0_UpdateCellVolt
</UL>

<P><STRONG><a name="[87]"></a>__aeabi_cfcmpeq</STRONG> (Thumb, 0 bytes, Stack size 0 bytes, cfcmple.o(.text))
<BR><BR>[Called By]<UL><LI><a href="#[86]">&gt;&gt;</a>&nbsp;&nbsp;&nbsp;BMS_BattLow
</UL>

<P><STRONG><a name="[74]"></a>__aeabi_cfcmple</STRONG> (Thumb, 20 bytes, Stack size 0 bytes, cfcmple.o(.text))
<BR><BR>[Called By]<UL><LI><a href="#[a7]">&gt;&gt;</a>&nbsp;&nbsp;&nbsp;BMS_ProtectRelieveWait
<LI><a href="#[8e]">&gt;&gt;</a>&nbsp;&nbsp;&nbsp;BMS_DischargeMonitor
<LI><a href="#[8b]">&gt;&gt;</a>&nbsp;&nbsp;&nbsp;BMS_ChargeMonitor
<LI><a href="#[9f]">&gt;&gt;</a>&nbsp;&nbsp;&nbsp;Bms_HalMonitorCellTemperature
<LI><a href="#[93]">&gt;&gt;</a>&nbsp;&nbsp;&nbsp;BMS_EnergyChgDsgManage
<LI><a href="#[70]">&gt;&gt;</a>&nbsp;&nbsp;&nbsp;BMS_AnalysisAHSocCalculate
<LI><a href="#[86]">&gt;&gt;</a>&nbsp;&nbsp;&nbsp;BMS_BattLow
</UL>

<P><STRONG><a name="[73]"></a>__aeabi_cfrcmple</STRONG> (Thumb, 20 bytes, Stack size 0 bytes, cfrcmple.o(.text))
<BR><BR>[Called By]<UL><LI><a href="#[4a]">&gt;&gt;</a>&nbsp;&nbsp;&nbsp;compaer_cell
<LI><a href="#[c4]">&gt;&gt;</a>&nbsp;&nbsp;&nbsp;BubbleFloat
<LI><a href="#[a7]">&gt;&gt;</a>&nbsp;&nbsp;&nbsp;BMS_ProtectRelieveWait
<LI><a href="#[8e]">&gt;&gt;</a>&nbsp;&nbsp;&nbsp;BMS_DischargeMonitor
<LI><a href="#[8b]">&gt;&gt;</a>&nbsp;&nbsp;&nbsp;BMS_ChargeMonitor
<LI><a href="#[9f]">&gt;&gt;</a>&nbsp;&nbsp;&nbsp;Bms_HalMonitorCellTemperature
<LI><a href="#[93]">&gt;&gt;</a>&nbsp;&nbsp;&nbsp;BMS_EnergyChgDsgManage
<LI><a href="#[90]">&gt;&gt;</a>&nbsp;&nbsp;&nbsp;BMS_EnergyBalanceManage
<LI><a href="#[70]">&gt;&gt;</a>&nbsp;&nbsp;&nbsp;BMS_AnalysisAHSocCalculate
</UL>

<P><STRONG><a name="[189]"></a>__aeabi_uidiv</STRONG> (Thumb, 0 bytes, Stack size 12 bytes, uidiv.o(.text), UNUSED)

<P><STRONG><a name="[129]"></a>__aeabi_uidivmod</STRONG> (Thumb, 44 bytes, Stack size 12 bytes, uidiv.o(.text), UNUSED)
<BR><BR>[Called By]<UL><LI><a href="#[124]">&gt;&gt;</a>&nbsp;&nbsp;&nbsp;_printf_core
</UL>

<P><STRONG><a name="[6c]"></a>__aeabi_uldivmod</STRONG> (Thumb, 98 bytes, Stack size 40 bytes, uldiv.o(.text), UNUSED)
<BR><BR>[Calls]<UL><LI><a href="#[6d]">&gt;&gt;</a>&nbsp;&nbsp;&nbsp;__aeabi_llsr
<LI><a href="#[5f]">&gt;&gt;</a>&nbsp;&nbsp;&nbsp;__aeabi_llsl
</UL>
<BR>[Called By]<UL><LI><a href="#[124]">&gt;&gt;</a>&nbsp;&nbsp;&nbsp;_printf_core
<LI><a href="#[126]">&gt;&gt;</a>&nbsp;&nbsp;&nbsp;_fp_digits
</UL>

<P><STRONG><a name="[5f]"></a>__aeabi_llsl</STRONG> (Thumb, 30 bytes, Stack size 0 bytes, llshl.o(.text))
<BR><BR>[Called By]<UL><LI><a href="#[6c]">&gt;&gt;</a>&nbsp;&nbsp;&nbsp;__aeabi_uldivmod
<LI><a href="#[61]">&gt;&gt;</a>&nbsp;&nbsp;&nbsp;_double_epilogue
<LI><a href="#[5e]">&gt;&gt;</a>&nbsp;&nbsp;&nbsp;__aeabi_dadd
<LI><a href="#[6e]">&gt;&gt;</a>&nbsp;&nbsp;&nbsp;__aeabi_d2ulz
</UL>

<P><STRONG><a name="[18a]"></a>_ll_shift_l</STRONG> (Thumb, 0 bytes, Stack size 0 bytes, llshl.o(.text), UNUSED)

<P><STRONG><a name="[60]"></a>__aeabi_lasr</STRONG> (Thumb, 36 bytes, Stack size 0 bytes, llsshr.o(.text), UNUSED)
<BR><BR>[Called By]<UL><LI><a href="#[5e]">&gt;&gt;</a>&nbsp;&nbsp;&nbsp;__aeabi_dadd
</UL>

<P><STRONG><a name="[18b]"></a>_ll_sshift_r</STRONG> (Thumb, 0 bytes, Stack size 0 bytes, llsshr.o(.text), UNUSED)

<P><STRONG><a name="[18c]"></a>__I$use$fp</STRONG> (Thumb, 0 bytes, Stack size 0 bytes, iusefp.o(.text), UNUSED)

<P><STRONG><a name="[5a]"></a>_float_round</STRONG> (Thumb, 18 bytes, Stack size 0 bytes, fepilogue.o(.text))
<BR><BR>[Called By]<UL><LI><a href="#[5d]">&gt;&gt;</a>&nbsp;&nbsp;&nbsp;__aeabi_fdiv
<LI><a href="#[58]">&gt;&gt;</a>&nbsp;&nbsp;&nbsp;__aeabi_fadd
<LI><a href="#[6b]">&gt;&gt;</a>&nbsp;&nbsp;&nbsp;__aeabi_d2f
</UL>

<P><STRONG><a name="[59]"></a>_float_epilogue</STRONG> (Thumb, 92 bytes, Stack size 4 bytes, fepilogue.o(.text))
<BR><BR>[Stack]<UL><LI>Max Depth = 4<LI>Call Chain = _float_epilogue
</UL>
<BR>[Called By]<UL><LI><a href="#[68]">&gt;&gt;</a>&nbsp;&nbsp;&nbsp;__aeabi_ui2f
<LI><a href="#[58]">&gt;&gt;</a>&nbsp;&nbsp;&nbsp;__aeabi_fadd
<LI><a href="#[67]">&gt;&gt;</a>&nbsp;&nbsp;&nbsp;__aeabi_i2f
</UL>

<P><STRONG><a name="[62]"></a>_double_round</STRONG> (Thumb, 30 bytes, Stack size 8 bytes, depilogue.o(.text))
<BR><BR>[Stack]<UL><LI>Max Depth = 8<LI>Call Chain = _double_round
</UL>
<BR>[Called By]<UL><LI><a href="#[66]">&gt;&gt;</a>&nbsp;&nbsp;&nbsp;__aeabi_ddiv
<LI><a href="#[61]">&gt;&gt;</a>&nbsp;&nbsp;&nbsp;_double_epilogue
<LI><a href="#[5e]">&gt;&gt;</a>&nbsp;&nbsp;&nbsp;__aeabi_dadd
</UL>

<P><STRONG><a name="[61]"></a>_double_epilogue</STRONG> (Thumb, 156 bytes, Stack size 32 bytes, depilogue.o(.text))
<BR><BR>[Stack]<UL><LI>Max Depth = 40<LI>Call Chain = _double_epilogue &rArr; _double_round
</UL>
<BR>[Calls]<UL><LI><a href="#[6d]">&gt;&gt;</a>&nbsp;&nbsp;&nbsp;__aeabi_llsr
<LI><a href="#[5f]">&gt;&gt;</a>&nbsp;&nbsp;&nbsp;__aeabi_llsl
<LI><a href="#[62]">&gt;&gt;</a>&nbsp;&nbsp;&nbsp;_double_round
</UL>
<BR>[Called By]<UL><LI><a href="#[6a]">&gt;&gt;</a>&nbsp;&nbsp;&nbsp;__aeabi_ui2d
<LI><a href="#[69]">&gt;&gt;</a>&nbsp;&nbsp;&nbsp;__aeabi_i2d
<LI><a href="#[65]">&gt;&gt;</a>&nbsp;&nbsp;&nbsp;__aeabi_dmul
<LI><a href="#[5e]">&gt;&gt;</a>&nbsp;&nbsp;&nbsp;__aeabi_dadd
</UL>

<P><STRONG><a name="[6e]"></a>__aeabi_d2ulz</STRONG> (Thumb, 48 bytes, Stack size 0 bytes, dfixul.o(.text), UNUSED)
<BR><BR>[Calls]<UL><LI><a href="#[6d]">&gt;&gt;</a>&nbsp;&nbsp;&nbsp;__aeabi_llsr
<LI><a href="#[5f]">&gt;&gt;</a>&nbsp;&nbsp;&nbsp;__aeabi_llsl
</UL>
<BR>[Called By]<UL><LI><a href="#[126]">&gt;&gt;</a>&nbsp;&nbsp;&nbsp;_fp_digits
</UL>

<P><STRONG><a name="[53]"></a>__scatterload</STRONG> (Thumb, 28 bytes, Stack size 0 bytes, init.o(.text))
<BR><BR>[Calls]<UL><LI><a href="#[6f]">&gt;&gt;</a>&nbsp;&nbsp;&nbsp;__main_after_scatterload
</UL>
<BR>[Called By]<UL><LI><a href="#[52]">&gt;&gt;</a>&nbsp;&nbsp;&nbsp;_main_scatterload
</UL>

<P><STRONG><a name="[18d]"></a>__scatterload_rt2</STRONG> (Thumb, 0 bytes, Stack size 0 bytes, init.o(.text), UNUSED)

<P><STRONG><a name="[18e]"></a>__decompress</STRONG> (Thumb, 0 bytes, Stack size unknown bytes, __dczerorl2.o(.text), UNUSED)

<P><STRONG><a name="[18f]"></a>__decompress1</STRONG> (Thumb, 86 bytes, Stack size unknown bytes, __dczerorl2.o(.text), UNUSED)

<P><STRONG><a name="[7b]"></a>BMS_AnalysisInit</STRONG> (Thumb, 36 bytes, Stack size 8 bytes, bms_analysis.o(i.BMS_AnalysisInit))
<BR><BR>[Stack]<UL><LI>Max Depth = 232<LI>Call Chain = BMS_AnalysisInit &rArr; print_usart1 &rArr; HAL_UART_Transmit &rArr; UART_WaitOnFlagUntilTimeout
</UL>
<BR>[Calls]<UL><LI><a href="#[7d]">&gt;&gt;</a>&nbsp;&nbsp;&nbsp;print_usart1
<LI><a href="#[7c]">&gt;&gt;</a>&nbsp;&nbsp;&nbsp;osThreadNew
</UL>
<BR>[Called By]<UL><LI><a href="#[a9]">&gt;&gt;</a>&nbsp;&nbsp;&nbsp;BMS_SysInitialize
</UL>

<P><STRONG><a name="[94]"></a>BMS_EnergyInit</STRONG> (Thumb, 90 bytes, Stack size 8 bytes, bms_energy.o(i.BMS_EnergyInit))
<BR><BR>[Stack]<UL><LI>Max Depth = 232<LI>Call Chain = BMS_EnergyInit &rArr; print_usart1 &rArr; HAL_UART_Transmit &rArr; UART_WaitOnFlagUntilTimeout
</UL>
<BR>[Calls]<UL><LI><a href="#[7d]">&gt;&gt;</a>&nbsp;&nbsp;&nbsp;print_usart1
<LI><a href="#[7c]">&gt;&gt;</a>&nbsp;&nbsp;&nbsp;osThreadNew
<LI><a href="#[95]">&gt;&gt;</a>&nbsp;&nbsp;&nbsp;osTimerNew
<LI><a href="#[96]">&gt;&gt;</a>&nbsp;&nbsp;&nbsp;osSemaphoreNew
</UL>
<BR>[Called By]<UL><LI><a href="#[a9]">&gt;&gt;</a>&nbsp;&nbsp;&nbsp;BMS_SysInitialize
</UL>

<P><STRONG><a name="[84]"></a>BMS_HalCtrlCellsBalance</STRONG> (Thumb, 16 bytes, Stack size 16 bytes, bms_hal_control.o(i.BMS_HalCtrlCellsBalance))
<BR><BR>[Stack]<UL><LI>Max Depth = 376<LI>Call Chain = BMS_HalCtrlCellsBalance &rArr; BQ769X0_CellBalanceControl &rArr; BQ769X0_WriteBlockWithCRC &rArr; I2C_TransferMessages &rArr; I2C_BitSendAddress &rArr; print_usart1 &rArr; HAL_UART_Transmit &rArr; UART_WaitOnFlagUntilTimeout
</UL>
<BR>[Calls]<UL><LI><a href="#[97]">&gt;&gt;</a>&nbsp;&nbsp;&nbsp;BQ769X0_CellBalanceControl
</UL>
<BR>[Called By]<UL><LI><a href="#[90]">&gt;&gt;</a>&nbsp;&nbsp;&nbsp;BMS_EnergyBalanceManage
<LI><a href="#[3e]">&gt;&gt;</a>&nbsp;&nbsp;&nbsp;BMS_BalanceTimerEntry
</UL>

<P><STRONG><a name="[8c]"></a>BMS_HalCtrlCharge</STRONG> (Thumb, 14 bytes, Stack size 8 bytes, bms_hal_control.o(i.BMS_HalCtrlCharge))
<BR><BR>[Stack]<UL><LI>Max Depth = 352<LI>Call Chain = BMS_HalCtrlCharge &rArr; BQ769X0_ControlDSGOrCHG &rArr; BQ769X0_WriteRegisterByteWithCRC &rArr; I2C_TransferMessages &rArr; I2C_BitSendAddress &rArr; print_usart1 &rArr; HAL_UART_Transmit &rArr; UART_WaitOnFlagUntilTimeout
</UL>
<BR>[Calls]<UL><LI><a href="#[98]">&gt;&gt;</a>&nbsp;&nbsp;&nbsp;BQ769X0_ControlDSGOrCHG
</UL>
<BR>[Called By]<UL><LI><a href="#[a6]">&gt;&gt;</a>&nbsp;&nbsp;&nbsp;BMS_ProtectRelieve
<LI><a href="#[8b]">&gt;&gt;</a>&nbsp;&nbsp;&nbsp;BMS_ChargeMonitor
<LI><a href="#[93]">&gt;&gt;</a>&nbsp;&nbsp;&nbsp;BMS_EnergyChgDsgManage
</UL>

<P><STRONG><a name="[8f]"></a>BMS_HalCtrlDischarge</STRONG> (Thumb, 14 bytes, Stack size 8 bytes, bms_hal_control.o(i.BMS_HalCtrlDischarge))
<BR><BR>[Stack]<UL><LI>Max Depth = 352<LI>Call Chain = BMS_HalCtrlDischarge &rArr; BQ769X0_ControlDSGOrCHG &rArr; BQ769X0_WriteRegisterByteWithCRC &rArr; I2C_TransferMessages &rArr; I2C_BitSendAddress &rArr; print_usart1 &rArr; HAL_UART_Transmit &rArr; UART_WaitOnFlagUntilTimeout
</UL>
<BR>[Calls]<UL><LI><a href="#[98]">&gt;&gt;</a>&nbsp;&nbsp;&nbsp;BQ769X0_ControlDSGOrCHG
</UL>
<BR>[Called By]<UL><LI><a href="#[a6]">&gt;&gt;</a>&nbsp;&nbsp;&nbsp;BMS_ProtectRelieve
<LI><a href="#[8e]">&gt;&gt;</a>&nbsp;&nbsp;&nbsp;BMS_DischargeMonitor
<LI><a href="#[93]">&gt;&gt;</a>&nbsp;&nbsp;&nbsp;BMS_EnergyChgDsgManage
</UL>

<P><STRONG><a name="[99]"></a>BMS_InfoInit</STRONG> (Thumb, 36 bytes, Stack size 8 bytes, bms_info.o(i.BMS_InfoInit))
<BR><BR>[Stack]<UL><LI>Max Depth = 232<LI>Call Chain = BMS_InfoInit &rArr; print_usart1 &rArr; HAL_UART_Transmit &rArr; UART_WaitOnFlagUntilTimeout
</UL>
<BR>[Calls]<UL><LI><a href="#[7d]">&gt;&gt;</a>&nbsp;&nbsp;&nbsp;print_usart1
<LI><a href="#[7c]">&gt;&gt;</a>&nbsp;&nbsp;&nbsp;osThreadNew
</UL>
<BR>[Called By]<UL><LI><a href="#[a9]">&gt;&gt;</a>&nbsp;&nbsp;&nbsp;BMS_SysInitialize
</UL>

<P><STRONG><a name="[47]"></a>BMS_MonitorHwCurrent</STRONG> (Thumb, 8 bytes, Stack size 0 bytes, bms_monitor.o(i.BMS_MonitorHwCurrent))
<BR>[Address Reference Count : 1]<UL><LI> bms_app.o(i.BMS_SysInitialize)
</UL>
<P><STRONG><a name="[a1]"></a>BMS_MonitorInit</STRONG> (Thumb, 36 bytes, Stack size 8 bytes, bms_monitor.o(i.BMS_MonitorInit))
<BR><BR>[Stack]<UL><LI>Max Depth = 232<LI>Call Chain = BMS_MonitorInit &rArr; print_usart1 &rArr; HAL_UART_Transmit &rArr; UART_WaitOnFlagUntilTimeout
</UL>
<BR>[Calls]<UL><LI><a href="#[7d]">&gt;&gt;</a>&nbsp;&nbsp;&nbsp;print_usart1
<LI><a href="#[7c]">&gt;&gt;</a>&nbsp;&nbsp;&nbsp;osThreadNew
</UL>
<BR>[Called By]<UL><LI><a href="#[a9]">&gt;&gt;</a>&nbsp;&nbsp;&nbsp;BMS_SysInitialize
</UL>

<P><STRONG><a name="[48]"></a>BMS_ProtectHwDevice</STRONG> (Thumb, 22 bytes, Stack size 8 bytes, bms_protect.o(i.BMS_ProtectHwDevice))
<BR><BR>[Stack]<UL><LI>Max Depth = 232<LI>Call Chain = BMS_ProtectHwDevice &rArr; print_usart1 &rArr; HAL_UART_Transmit &rArr; UART_WaitOnFlagUntilTimeout
</UL>
<BR>[Calls]<UL><LI><a href="#[7d]">&gt;&gt;</a>&nbsp;&nbsp;&nbsp;print_usart1
</UL>
<BR>[Address Reference Count : 1]<UL><LI> bms_app.o(i.BMS_SysInitialize)
</UL>
<P><STRONG><a name="[a4]"></a>BMS_ProtectHwMonitor</STRONG> (Thumb, 154 bytes, Stack size 8 bytes, bms_protect.o(i.BMS_ProtectHwMonitor))
<BR><BR>[Stack]<UL><LI>Max Depth = 248<LI>Call Chain = BMS_ProtectHwMonitor &rArr; BMS_ProtectStartTimer &rArr; print_usart1 &rArr; HAL_UART_Transmit &rArr; UART_WaitOnFlagUntilTimeout
</UL>
<BR>[Calls]<UL><LI><a href="#[7d]">&gt;&gt;</a>&nbsp;&nbsp;&nbsp;print_usart1
<LI><a href="#[8d]">&gt;&gt;</a>&nbsp;&nbsp;&nbsp;BMS_ProtectStartTimer
</UL>
<BR>[Called By]<UL><LI><a href="#[41]">&gt;&gt;</a>&nbsp;&nbsp;&nbsp;BMS_ProtectTaskEntry
</UL>

<P><STRONG><a name="[43]"></a>BMS_ProtectHwOCD</STRONG> (Thumb, 14 bytes, Stack size 0 bytes, bms_protect.o(i.BMS_ProtectHwOCD))
<BR>[Address Reference Count : 1]<UL><LI> bms_app.o(i.BMS_SysInitialize)
</UL>
<P><STRONG><a name="[45]"></a>BMS_ProtectHwOV</STRONG> (Thumb, 14 bytes, Stack size 0 bytes, bms_protect.o(i.BMS_ProtectHwOV))
<BR>[Address Reference Count : 1]<UL><LI> bms_app.o(i.BMS_SysInitialize)
</UL>
<P><STRONG><a name="[49]"></a>BMS_ProtectHwOvrd</STRONG> (Thumb, 22 bytes, Stack size 8 bytes, bms_protect.o(i.BMS_ProtectHwOvrd))
<BR><BR>[Stack]<UL><LI>Max Depth = 232<LI>Call Chain = BMS_ProtectHwOvrd &rArr; print_usart1 &rArr; HAL_UART_Transmit &rArr; UART_WaitOnFlagUntilTimeout
</UL>
<BR>[Calls]<UL><LI><a href="#[7d]">&gt;&gt;</a>&nbsp;&nbsp;&nbsp;print_usart1
</UL>
<BR>[Address Reference Count : 1]<UL><LI> bms_app.o(i.BMS_SysInitialize)
</UL>
<P><STRONG><a name="[44]"></a>BMS_ProtectHwSCD</STRONG> (Thumb, 14 bytes, Stack size 0 bytes, bms_protect.o(i.BMS_ProtectHwSCD))
<BR>[Address Reference Count : 1]<UL><LI> bms_app.o(i.BMS_SysInitialize)
</UL>
<P><STRONG><a name="[46]"></a>BMS_ProtectHwUV</STRONG> (Thumb, 14 bytes, Stack size 0 bytes, bms_protect.o(i.BMS_ProtectHwUV))
<BR>[Address Reference Count : 1]<UL><LI> bms_app.o(i.BMS_SysInitialize)
</UL>
<P><STRONG><a name="[a5]"></a>BMS_ProtectInit</STRONG> (Thumb, 76 bytes, Stack size 8 bytes, bms_protect.o(i.BMS_ProtectInit))
<BR><BR>[Stack]<UL><LI>Max Depth = 232<LI>Call Chain = BMS_ProtectInit &rArr; print_usart1 &rArr; HAL_UART_Transmit &rArr; UART_WaitOnFlagUntilTimeout
</UL>
<BR>[Calls]<UL><LI><a href="#[7d]">&gt;&gt;</a>&nbsp;&nbsp;&nbsp;print_usart1
<LI><a href="#[7c]">&gt;&gt;</a>&nbsp;&nbsp;&nbsp;osThreadNew
<LI><a href="#[95]">&gt;&gt;</a>&nbsp;&nbsp;&nbsp;osTimerNew
</UL>
<BR>[Called By]<UL><LI><a href="#[a9]">&gt;&gt;</a>&nbsp;&nbsp;&nbsp;BMS_SysInitialize
</UL>

<P><STRONG><a name="[a9]"></a>BMS_SysInitialize</STRONG> (Thumb, 104 bytes, Stack size 40 bytes, bms_app.o(i.BMS_SysInitialize))
<BR><BR>[Stack]<UL><LI>Max Depth = 448<LI>Call Chain = BMS_SysInitialize &rArr; BQ769X0_Initialize &rArr; BQ769X0_Configuration &rArr; BQ769X0_ReadBlockWithCRC &rArr; I2C_TransferMessages &rArr; I2C_BitSendAddress &rArr; print_usart1 &rArr; HAL_UART_Transmit &rArr; UART_WaitOnFlagUntilTimeout
</UL>
<BR>[Calls]<UL><LI><a href="#[aa]">&gt;&gt;</a>&nbsp;&nbsp;&nbsp;I2C_BusInitialize
<LI><a href="#[ab]">&gt;&gt;</a>&nbsp;&nbsp;&nbsp;BQ769X0_Initialize
<LI><a href="#[a5]">&gt;&gt;</a>&nbsp;&nbsp;&nbsp;BMS_ProtectInit
<LI><a href="#[a1]">&gt;&gt;</a>&nbsp;&nbsp;&nbsp;BMS_MonitorInit
<LI><a href="#[99]">&gt;&gt;</a>&nbsp;&nbsp;&nbsp;BMS_InfoInit
<LI><a href="#[94]">&gt;&gt;</a>&nbsp;&nbsp;&nbsp;BMS_EnergyInit
<LI><a href="#[7b]">&gt;&gt;</a>&nbsp;&nbsp;&nbsp;BMS_AnalysisInit
</UL>
<BR>[Called By]<UL><LI><a href="#[4c]">&gt;&gt;</a>&nbsp;&nbsp;&nbsp;StartDefaultTask
</UL>

<P><STRONG><a name="[97]"></a>BQ769X0_CellBalanceControl</STRONG> (Thumb, 110 bytes, Stack size 16 bytes, drv_softi2c_bq769x0.o(i.BQ769X0_CellBalanceControl))
<BR><BR>[Stack]<UL><LI>Max Depth = 360<LI>Call Chain = BQ769X0_CellBalanceControl &rArr; BQ769X0_WriteBlockWithCRC &rArr; I2C_TransferMessages &rArr; I2C_BitSendAddress &rArr; print_usart1 &rArr; HAL_UART_Transmit &rArr; UART_WaitOnFlagUntilTimeout
</UL>
<BR>[Calls]<UL><LI><a href="#[af]">&gt;&gt;</a>&nbsp;&nbsp;&nbsp;BQ769X0_WriteBlockWithCRC
</UL>
<BR>[Called By]<UL><LI><a href="#[84]">&gt;&gt;</a>&nbsp;&nbsp;&nbsp;BMS_HalCtrlCellsBalance
</UL>

<P><STRONG><a name="[98]"></a>BQ769X0_ControlDSGOrCHG</STRONG> (Thumb, 42 bytes, Stack size 16 bytes, drv_softi2c_bq769x0.o(i.BQ769X0_ControlDSGOrCHG))
<BR><BR>[Stack]<UL><LI>Max Depth = 344<LI>Call Chain = BQ769X0_ControlDSGOrCHG &rArr; BQ769X0_WriteRegisterByteWithCRC &rArr; I2C_TransferMessages &rArr; I2C_BitSendAddress &rArr; print_usart1 &rArr; HAL_UART_Transmit &rArr; UART_WaitOnFlagUntilTimeout
</UL>
<BR>[Calls]<UL><LI><a href="#[ae]">&gt;&gt;</a>&nbsp;&nbsp;&nbsp;BQ769X0_WriteRegisterByteWithCRC
</UL>
<BR>[Called By]<UL><LI><a href="#[8f]">&gt;&gt;</a>&nbsp;&nbsp;&nbsp;BMS_HalCtrlDischarge
<LI><a href="#[8c]">&gt;&gt;</a>&nbsp;&nbsp;&nbsp;BMS_HalCtrlCharge
</UL>

<P><STRONG><a name="[b2]"></a>BQ769X0_EntryShip</STRONG> (Thumb, 28 bytes, Stack size 8 bytes, drv_softi2c_bq769x0.o(i.BQ769X0_EntryShip))
<BR><BR>[Stack]<UL><LI>Max Depth = 336<LI>Call Chain = BQ769X0_EntryShip &rArr; BQ769X0_WriteRegisterByteWithCRC &rArr; I2C_TransferMessages &rArr; I2C_BitSendAddress &rArr; print_usart1 &rArr; HAL_UART_Transmit &rArr; UART_WaitOnFlagUntilTimeout
</UL>
<BR>[Calls]<UL><LI><a href="#[ae]">&gt;&gt;</a>&nbsp;&nbsp;&nbsp;BQ769X0_WriteRegisterByteWithCRC
</UL>
<BR>[Called By]<UL><LI><a href="#[ab]">&gt;&gt;</a>&nbsp;&nbsp;&nbsp;BQ769X0_Initialize
</UL>

<P><STRONG><a name="[b3]"></a>BQ769X0_GetADCGainOffset</STRONG> (Thumb, 176 bytes, Stack size 24 bytes, drv_softi2c_bq769x0.o(i.BQ769X0_GetADCGainOffset))
<BR><BR>[Stack]<UL><LI>Max Depth = 384<LI>Call Chain = BQ769X0_GetADCGainOffset &rArr; BQ769X0_ReadRegisterByteWithCRC &rArr; I2C_TransferMessages &rArr; I2C_BitSendAddress &rArr; print_usart1 &rArr; HAL_UART_Transmit &rArr; UART_WaitOnFlagUntilTimeout
</UL>
<BR>[Calls]<UL><LI><a href="#[69]">&gt;&gt;</a>&nbsp;&nbsp;&nbsp;__aeabi_i2d
<LI><a href="#[66]">&gt;&gt;</a>&nbsp;&nbsp;&nbsp;__aeabi_ddiv
<LI><a href="#[6b]">&gt;&gt;</a>&nbsp;&nbsp;&nbsp;__aeabi_d2f
<LI><a href="#[ad]">&gt;&gt;</a>&nbsp;&nbsp;&nbsp;BQ769X0_ReadRegisterByteWithCRC
</UL>
<BR>[Called By]<UL><LI><a href="#[ab]">&gt;&gt;</a>&nbsp;&nbsp;&nbsp;BQ769X0_Initialize
</UL>

<P><STRONG><a name="[ab]"></a>BQ769X0_Initialize</STRONG> (Thumb, 222 bytes, Stack size 16 bytes, drv_softi2c_bq769x0.o(i.BQ769X0_Initialize))
<BR><BR>[Stack]<UL><LI>Max Depth = 408<LI>Call Chain = BQ769X0_Initialize &rArr; BQ769X0_Configuration &rArr; BQ769X0_ReadBlockWithCRC &rArr; I2C_TransferMessages &rArr; I2C_BitSendAddress &rArr; print_usart1 &rArr; HAL_UART_Transmit &rArr; UART_WaitOnFlagUntilTimeout
</UL>
<BR>[Calls]<UL><LI><a href="#[7d]">&gt;&gt;</a>&nbsp;&nbsp;&nbsp;print_usart1
<LI><a href="#[7f]">&gt;&gt;</a>&nbsp;&nbsp;&nbsp;osDelay
<LI><a href="#[b4]">&gt;&gt;</a>&nbsp;&nbsp;&nbsp;BQ769X0_Wakeup
<LI><a href="#[b2]">&gt;&gt;</a>&nbsp;&nbsp;&nbsp;BQ769X0_EntryShip
<LI><a href="#[5d]">&gt;&gt;</a>&nbsp;&nbsp;&nbsp;__aeabi_fdiv
<LI><a href="#[78]">&gt;&gt;</a>&nbsp;&nbsp;&nbsp;__aeabi_f2uiz
<LI><a href="#[b5]">&gt;&gt;</a>&nbsp;&nbsp;&nbsp;__aeabi_memcpy4
<LI><a href="#[67]">&gt;&gt;</a>&nbsp;&nbsp;&nbsp;__aeabi_i2f
<LI><a href="#[b3]">&gt;&gt;</a>&nbsp;&nbsp;&nbsp;BQ769X0_GetADCGainOffset
<LI><a href="#[b0]">&gt;&gt;</a>&nbsp;&nbsp;&nbsp;BQ769X0_Configuration
</UL>
<BR>[Called By]<UL><LI><a href="#[a9]">&gt;&gt;</a>&nbsp;&nbsp;&nbsp;BMS_SysInitialize
</UL>

<P><STRONG><a name="[bf]"></a>BQ769X0_UpadteBatVolt</STRONG> (Thumb, 124 bytes, Stack size 16 bytes, drv_softi2c_bq769x0.o(i.BQ769X0_UpadteBatVolt))
<BR><BR>[Stack]<UL><LI>Max Depth = 376<LI>Call Chain = BQ769X0_UpadteBatVolt &rArr; BQ769X0_ReadRegisterWordWithCRC &rArr; I2C_TransferMessages &rArr; I2C_BitSendAddress &rArr; print_usart1 &rArr; HAL_UART_Transmit &rArr; UART_WaitOnFlagUntilTimeout
</UL>
<BR>[Calls]<UL><LI><a href="#[7d]">&gt;&gt;</a>&nbsp;&nbsp;&nbsp;print_usart1
<LI><a href="#[68]">&gt;&gt;</a>&nbsp;&nbsp;&nbsp;__aeabi_ui2f
<LI><a href="#[5d]">&gt;&gt;</a>&nbsp;&nbsp;&nbsp;__aeabi_fdiv
<LI><a href="#[58]">&gt;&gt;</a>&nbsp;&nbsp;&nbsp;__aeabi_fadd
<LI><a href="#[71]">&gt;&gt;</a>&nbsp;&nbsp;&nbsp;__aeabi_fmul
<LI><a href="#[67]">&gt;&gt;</a>&nbsp;&nbsp;&nbsp;__aeabi_i2f
<LI><a href="#[bb]">&gt;&gt;</a>&nbsp;&nbsp;&nbsp;BQ769X0_ReadRegisterWordWithCRC
</UL>
<BR>[Called By]<UL><LI><a href="#[9e]">&gt;&gt;</a>&nbsp;&nbsp;&nbsp;Bms_HalMonitorBatteryVoltage
</UL>

<P><STRONG><a name="[c0]"></a>BQ769X0_UpdateCellVolt</STRONG> (Thumb, 134 bytes, Stack size 40 bytes, drv_softi2c_bq769x0.o(i.BQ769X0_UpdateCellVolt))
<BR><BR>[Stack]<UL><LI>Max Depth = 416<LI>Call Chain = BQ769X0_UpdateCellVolt &rArr; BQ769X0_ReadBlockWithCRC &rArr; I2C_TransferMessages &rArr; I2C_BitSendAddress &rArr; print_usart1 &rArr; HAL_UART_Transmit &rArr; UART_WaitOnFlagUntilTimeout
</UL>
<BR>[Calls]<UL><LI><a href="#[7d]">&gt;&gt;</a>&nbsp;&nbsp;&nbsp;print_usart1
<LI><a href="#[6a]">&gt;&gt;</a>&nbsp;&nbsp;&nbsp;__aeabi_ui2d
<LI><a href="#[66]">&gt;&gt;</a>&nbsp;&nbsp;&nbsp;__aeabi_ddiv
<LI><a href="#[6b]">&gt;&gt;</a>&nbsp;&nbsp;&nbsp;__aeabi_d2f
<LI><a href="#[b1]">&gt;&gt;</a>&nbsp;&nbsp;&nbsp;BQ769X0_ReadBlockWithCRC
</UL>
<BR>[Called By]<UL><LI><a href="#[9d]">&gt;&gt;</a>&nbsp;&nbsp;&nbsp;Bms_HalMonitorCellVoltage
</UL>

<P><STRONG><a name="[c1]"></a>BQ769X0_UpdateCurrent</STRONG> (Thumb, 134 bytes, Stack size 48 bytes, drv_softi2c_bq769x0.o(i.BQ769X0_UpdateCurrent))
<BR><BR>[Stack]<UL><LI>Max Depth = 408<LI>Call Chain = BQ769X0_UpdateCurrent &rArr; BQ769X0_ReadRegisterWordWithCRC &rArr; I2C_TransferMessages &rArr; I2C_BitSendAddress &rArr; print_usart1 &rArr; HAL_UART_Transmit &rArr; UART_WaitOnFlagUntilTimeout
</UL>
<BR>[Calls]<UL><LI><a href="#[7d]">&gt;&gt;</a>&nbsp;&nbsp;&nbsp;print_usart1
<LI><a href="#[69]">&gt;&gt;</a>&nbsp;&nbsp;&nbsp;__aeabi_i2d
<LI><a href="#[66]">&gt;&gt;</a>&nbsp;&nbsp;&nbsp;__aeabi_ddiv
<LI><a href="#[6b]">&gt;&gt;</a>&nbsp;&nbsp;&nbsp;__aeabi_d2f
<LI><a href="#[89]">&gt;&gt;</a>&nbsp;&nbsp;&nbsp;__aeabi_f2d
<LI><a href="#[65]">&gt;&gt;</a>&nbsp;&nbsp;&nbsp;__aeabi_dmul
<LI><a href="#[bb]">&gt;&gt;</a>&nbsp;&nbsp;&nbsp;BQ769X0_ReadRegisterWordWithCRC
</UL>
<BR>[Called By]<UL><LI><a href="#[a0]">&gt;&gt;</a>&nbsp;&nbsp;&nbsp;Bms_HalMonitorBatteryCurrent
</UL>

<P><STRONG><a name="[c2]"></a>BQ769X0_UpdateTsTemp</STRONG> (Thumb, 174 bytes, Stack size 40 bytes, drv_softi2c_bq769x0.o(i.BQ769X0_UpdateTsTemp))
<BR><BR>[Stack]<UL><LI>Max Depth = 416<LI>Call Chain = BQ769X0_UpdateTsTemp &rArr; BQ769X0_ReadBlockWithCRC &rArr; I2C_TransferMessages &rArr; I2C_BitSendAddress &rArr; print_usart1 &rArr; HAL_UART_Transmit &rArr; UART_WaitOnFlagUntilTimeout
</UL>
<BR>[Calls]<UL><LI><a href="#[7d]">&gt;&gt;</a>&nbsp;&nbsp;&nbsp;print_usart1
<LI><a href="#[7f]">&gt;&gt;</a>&nbsp;&nbsp;&nbsp;osDelay
<LI><a href="#[69]">&gt;&gt;</a>&nbsp;&nbsp;&nbsp;__aeabi_i2d
<LI><a href="#[66]">&gt;&gt;</a>&nbsp;&nbsp;&nbsp;__aeabi_ddiv
<LI><a href="#[6b]">&gt;&gt;</a>&nbsp;&nbsp;&nbsp;__aeabi_d2f
<LI><a href="#[c3]">&gt;&gt;</a>&nbsp;&nbsp;&nbsp;TempChange
<LI><a href="#[ae]">&gt;&gt;</a>&nbsp;&nbsp;&nbsp;BQ769X0_WriteRegisterByteWithCRC
<LI><a href="#[b1]">&gt;&gt;</a>&nbsp;&nbsp;&nbsp;BQ769X0_ReadBlockWithCRC
</UL>
<BR>[Called By]<UL><LI><a href="#[9f]">&gt;&gt;</a>&nbsp;&nbsp;&nbsp;Bms_HalMonitorCellTemperature
</UL>

<P><STRONG><a name="[b4]"></a>BQ769X0_Wakeup</STRONG> (Thumb, 50 bytes, Stack size 8 bytes, drv_softi2c_bq769x0.o(i.BQ769X0_Wakeup))
<BR><BR>[Stack]<UL><LI>Max Depth = 80<LI>Call Chain = BQ769X0_Wakeup &rArr; osDelay &rArr; vTaskDelay &rArr; xTaskResumeAll &rArr; xTaskIncrementTick
</UL>
<BR>[Calls]<UL><LI><a href="#[7f]">&gt;&gt;</a>&nbsp;&nbsp;&nbsp;osDelay
<LI><a href="#[88]">&gt;&gt;</a>&nbsp;&nbsp;&nbsp;HAL_GPIO_WritePin
<LI><a href="#[be]">&gt;&gt;</a>&nbsp;&nbsp;&nbsp;BQ769X0_TS1_SetOutMode
<LI><a href="#[bc]">&gt;&gt;</a>&nbsp;&nbsp;&nbsp;BQ769X0_TS1_SetInMode
</UL>
<BR>[Called By]<UL><LI><a href="#[ab]">&gt;&gt;</a>&nbsp;&nbsp;&nbsp;BQ769X0_Initialize
</UL>

<P><STRONG><a name="[a0]"></a>Bms_HalMonitorBatteryCurrent</STRONG> (Thumb, 16 bytes, Stack size 8 bytes, bms_hal_monitor.o(i.Bms_HalMonitorBatteryCurrent))
<BR><BR>[Stack]<UL><LI>Max Depth = 416<LI>Call Chain = Bms_HalMonitorBatteryCurrent &rArr; BQ769X0_UpdateCurrent &rArr; BQ769X0_ReadRegisterWordWithCRC &rArr; I2C_TransferMessages &rArr; I2C_BitSendAddress &rArr; print_usart1 &rArr; HAL_UART_Transmit &rArr; UART_WaitOnFlagUntilTimeout
</UL>
<BR>[Calls]<UL><LI><a href="#[c1]">&gt;&gt;</a>&nbsp;&nbsp;&nbsp;BQ769X0_UpdateCurrent
</UL>
<BR>[Called By]<UL><LI><a href="#[9c]">&gt;&gt;</a>&nbsp;&nbsp;&nbsp;BMS_MonitorBattery
</UL>

<P><STRONG><a name="[9e]"></a>Bms_HalMonitorBatteryVoltage</STRONG> (Thumb, 16 bytes, Stack size 8 bytes, bms_hal_monitor.o(i.Bms_HalMonitorBatteryVoltage))
<BR><BR>[Stack]<UL><LI>Max Depth = 384<LI>Call Chain = Bms_HalMonitorBatteryVoltage &rArr; BQ769X0_UpadteBatVolt &rArr; BQ769X0_ReadRegisterWordWithCRC &rArr; I2C_TransferMessages &rArr; I2C_BitSendAddress &rArr; print_usart1 &rArr; HAL_UART_Transmit &rArr; UART_WaitOnFlagUntilTimeout
</UL>
<BR>[Calls]<UL><LI><a href="#[bf]">&gt;&gt;</a>&nbsp;&nbsp;&nbsp;BQ769X0_UpadteBatVolt
</UL>
<BR>[Called By]<UL><LI><a href="#[9c]">&gt;&gt;</a>&nbsp;&nbsp;&nbsp;BMS_MonitorBattery
</UL>

<P><STRONG><a name="[9f]"></a>Bms_HalMonitorCellTemperature</STRONG> (Thumb, 82 bytes, Stack size 16 bytes, bms_hal_monitor.o(i.Bms_HalMonitorCellTemperature))
<BR><BR>[Stack]<UL><LI>Max Depth = 432<LI>Call Chain = Bms_HalMonitorCellTemperature &rArr; BQ769X0_UpdateTsTemp &rArr; BQ769X0_ReadBlockWithCRC &rArr; I2C_TransferMessages &rArr; I2C_BitSendAddress &rArr; print_usart1 &rArr; HAL_UART_Transmit &rArr; UART_WaitOnFlagUntilTimeout
</UL>
<BR>[Calls]<UL><LI><a href="#[c4]">&gt;&gt;</a>&nbsp;&nbsp;&nbsp;BubbleFloat
<LI><a href="#[73]">&gt;&gt;</a>&nbsp;&nbsp;&nbsp;__aeabi_cfrcmple
<LI><a href="#[74]">&gt;&gt;</a>&nbsp;&nbsp;&nbsp;__aeabi_cfcmple
<LI><a href="#[c2]">&gt;&gt;</a>&nbsp;&nbsp;&nbsp;BQ769X0_UpdateTsTemp
</UL>
<BR>[Called By]<UL><LI><a href="#[9c]">&gt;&gt;</a>&nbsp;&nbsp;&nbsp;BMS_MonitorBattery
</UL>

<P><STRONG><a name="[9d]"></a>Bms_HalMonitorCellVoltage</STRONG> (Thumb, 72 bytes, Stack size 8 bytes, bms_hal_monitor.o(i.Bms_HalMonitorCellVoltage))
<BR><BR>[Stack]<UL><LI>Max Depth = 424<LI>Call Chain = Bms_HalMonitorCellVoltage &rArr; BQ769X0_UpdateCellVolt &rArr; BQ769X0_ReadBlockWithCRC &rArr; I2C_TransferMessages &rArr; I2C_BitSendAddress &rArr; print_usart1 &rArr; HAL_UART_Transmit &rArr; UART_WaitOnFlagUntilTimeout
</UL>
<BR>[Calls]<UL><LI><a href="#[c5]">&gt;&gt;</a>&nbsp;&nbsp;&nbsp;BubbleSort
<LI><a href="#[c0]">&gt;&gt;</a>&nbsp;&nbsp;&nbsp;BQ769X0_UpdateCellVolt
</UL>
<BR>[Called By]<UL><LI><a href="#[9c]">&gt;&gt;</a>&nbsp;&nbsp;&nbsp;BMS_MonitorBattery
</UL>

<P><STRONG><a name="[c4]"></a>BubbleFloat</STRONG> (Thumb, 70 bytes, Stack size 24 bytes, bms_utils.o(i.BubbleFloat))
<BR><BR>[Stack]<UL><LI>Max Depth = 24<LI>Call Chain = BubbleFloat
</UL>
<BR>[Calls]<UL><LI><a href="#[73]">&gt;&gt;</a>&nbsp;&nbsp;&nbsp;__aeabi_cfrcmple
</UL>
<BR>[Called By]<UL><LI><a href="#[9f]">&gt;&gt;</a>&nbsp;&nbsp;&nbsp;Bms_HalMonitorCellTemperature
</UL>

<P><STRONG><a name="[c5]"></a>BubbleSort</STRONG> (Thumb, 82 bytes, Stack size 32 bytes, bms_utils.o(i.BubbleSort))
<BR><BR>[Stack]<UL><LI>Max Depth = 44<LI>Call Chain = BubbleSort &rArr; swap
</UL>
<BR>[Calls]<UL><LI><a href="#[c6]">&gt;&gt;</a>&nbsp;&nbsp;&nbsp;swap
</UL>
<BR>[Called By]<UL><LI><a href="#[9d]">&gt;&gt;</a>&nbsp;&nbsp;&nbsp;Bms_HalMonitorCellVoltage
</UL>

<P><STRONG><a name="[8]"></a>BusFault_Handler</STRONG> (Thumb, 4 bytes, Stack size 0 bytes, stm32f1xx_it.o(i.BusFault_Handler))
<BR>[Address Reference Count : 1]<UL><LI> startup_stm32f103xb.o(RESET)
</UL>
<P><STRONG><a name="[23]"></a>CAN1_RX1_IRQHandler</STRONG> (Thumb, 10 bytes, Stack size 8 bytes, stm32f1xx_it.o(i.CAN1_RX1_IRQHandler))
<BR><BR>[Stack]<UL><LI>Max Depth = 48<LI>Call Chain = CAN1_RX1_IRQHandler &rArr; HAL_CAN_IRQHandler
</UL>
<BR>[Calls]<UL><LI><a href="#[c7]">&gt;&gt;</a>&nbsp;&nbsp;&nbsp;HAL_CAN_IRQHandler
</UL>
<BR>[Address Reference Count : 1]<UL><LI> startup_stm32f103xb.o(RESET)
</UL>
<P><STRONG><a name="[b]"></a>DebugMon_Handler</STRONG> (Thumb, 2 bytes, Stack size 0 bytes, stm32f1xx_it.o(i.DebugMon_Handler))
<BR>[Address Reference Count : 1]<UL><LI> startup_stm32f103xb.o(RESET)
</UL>
<P><STRONG><a name="[36]"></a>EXTI15_10_IRQHandler</STRONG> (Thumb, 12 bytes, Stack size 8 bytes, stm32f1xx_it.o(i.EXTI15_10_IRQHandler))
<BR><BR>[Stack]<UL><LI>Max Depth = 400<LI>Call Chain = EXTI15_10_IRQHandler &rArr; HAL_GPIO_EXTI_IRQHandler &rArr; HAL_GPIO_EXTI_Callback &rArr; BQ769X0_AlertHandler &rArr; BQ769X0_ReadRegisterByteWithCRC &rArr; I2C_TransferMessages &rArr; I2C_BitSendAddress &rArr; print_usart1 &rArr; HAL_UART_Transmit &rArr; UART_WaitOnFlagUntilTimeout
</UL>
<BR>[Calls]<UL><LI><a href="#[c8]">&gt;&gt;</a>&nbsp;&nbsp;&nbsp;HAL_GPIO_EXTI_IRQHandler
</UL>
<BR>[Address Reference Count : 1]<UL><LI> startup_stm32f103xb.o(RESET)
</UL>
<P><STRONG><a name="[118]"></a>Error_Handler</STRONG> (Thumb, 6 bytes, Stack size 0 bytes, main.o(i.Error_Handler))
<BR><BR>[Called By]<UL><LI><a href="#[11c]">&gt;&gt;</a>&nbsp;&nbsp;&nbsp;MX_USART2_UART_Init
<LI><a href="#[11b]">&gt;&gt;</a>&nbsp;&nbsp;&nbsp;MX_USART1_UART_Init
<LI><a href="#[117]">&gt;&gt;</a>&nbsp;&nbsp;&nbsp;MX_CAN_Init
<LI><a href="#[11f]">&gt;&gt;</a>&nbsp;&nbsp;&nbsp;SystemClock_Config
</UL>

<P><STRONG><a name="[d7]"></a>HAL_CAN_ErrorCallback</STRONG> (Thumb, 2 bytes, Stack size 0 bytes, stm32f1xx_hal_can.o(i.HAL_CAN_ErrorCallback))
<BR><BR>[Called By]<UL><LI><a href="#[c7]">&gt;&gt;</a>&nbsp;&nbsp;&nbsp;HAL_CAN_IRQHandler
</UL>

<P><STRONG><a name="[c7]"></a>HAL_CAN_IRQHandler</STRONG> (Thumb, 590 bytes, Stack size 40 bytes, stm32f1xx_hal_can.o(i.HAL_CAN_IRQHandler))
<BR><BR>[Stack]<UL><LI>Max Depth = 40<LI>Call Chain = HAL_CAN_IRQHandler
</UL>
<BR>[Calls]<UL><LI><a href="#[d6]">&gt;&gt;</a>&nbsp;&nbsp;&nbsp;HAL_CAN_WakeUpFromRxMsgCallback
<LI><a href="#[cf]">&gt;&gt;</a>&nbsp;&nbsp;&nbsp;HAL_CAN_TxMailbox2CompleteCallback
<LI><a href="#[d0]">&gt;&gt;</a>&nbsp;&nbsp;&nbsp;HAL_CAN_TxMailbox2AbortCallback
<LI><a href="#[cd]">&gt;&gt;</a>&nbsp;&nbsp;&nbsp;HAL_CAN_TxMailbox1CompleteCallback
<LI><a href="#[ce]">&gt;&gt;</a>&nbsp;&nbsp;&nbsp;HAL_CAN_TxMailbox1AbortCallback
<LI><a href="#[cb]">&gt;&gt;</a>&nbsp;&nbsp;&nbsp;HAL_CAN_TxMailbox0CompleteCallback
<LI><a href="#[cc]">&gt;&gt;</a>&nbsp;&nbsp;&nbsp;HAL_CAN_TxMailbox0AbortCallback
<LI><a href="#[d5]">&gt;&gt;</a>&nbsp;&nbsp;&nbsp;HAL_CAN_SleepCallback
<LI><a href="#[d4]">&gt;&gt;</a>&nbsp;&nbsp;&nbsp;HAL_CAN_RxFifo1MsgPendingCallback
<LI><a href="#[d3]">&gt;&gt;</a>&nbsp;&nbsp;&nbsp;HAL_CAN_RxFifo1FullCallback
<LI><a href="#[d2]">&gt;&gt;</a>&nbsp;&nbsp;&nbsp;HAL_CAN_RxFifo0MsgPendingCallback
<LI><a href="#[d1]">&gt;&gt;</a>&nbsp;&nbsp;&nbsp;HAL_CAN_RxFifo0FullCallback
<LI><a href="#[d7]">&gt;&gt;</a>&nbsp;&nbsp;&nbsp;HAL_CAN_ErrorCallback
</UL>
<BR>[Called By]<UL><LI><a href="#[22]">&gt;&gt;</a>&nbsp;&nbsp;&nbsp;USB_LP_CAN1_RX0_IRQHandler
<LI><a href="#[23]">&gt;&gt;</a>&nbsp;&nbsp;&nbsp;CAN1_RX1_IRQHandler
</UL>

<P><STRONG><a name="[d8]"></a>HAL_CAN_Init</STRONG> (Thumb, 372 bytes, Stack size 16 bytes, stm32f1xx_hal_can.o(i.HAL_CAN_Init))
<BR><BR>[Stack]<UL><LI>Max Depth = 96<LI>Call Chain = HAL_CAN_Init &rArr; HAL_CAN_MspInit &rArr; HAL_NVIC_SetPriority &rArr; __NVIC_SetPriority
</UL>
<BR>[Calls]<UL><LI><a href="#[d9]">&gt;&gt;</a>&nbsp;&nbsp;&nbsp;HAL_CAN_MspInit
<LI><a href="#[da]">&gt;&gt;</a>&nbsp;&nbsp;&nbsp;HAL_GetTick
</UL>
<BR>[Called By]<UL><LI><a href="#[117]">&gt;&gt;</a>&nbsp;&nbsp;&nbsp;MX_CAN_Init
</UL>

<P><STRONG><a name="[d9]"></a>HAL_CAN_MspInit</STRONG> (Thumb, 154 bytes, Stack size 32 bytes, can.o(i.HAL_CAN_MspInit))
<BR><BR>[Stack]<UL><LI>Max Depth = 80<LI>Call Chain = HAL_CAN_MspInit &rArr; HAL_NVIC_SetPriority &rArr; __NVIC_SetPriority
</UL>
<BR>[Calls]<UL><LI><a href="#[db]">&gt;&gt;</a>&nbsp;&nbsp;&nbsp;HAL_NVIC_SetPriority
<LI><a href="#[dc]">&gt;&gt;</a>&nbsp;&nbsp;&nbsp;HAL_NVIC_EnableIRQ
<LI><a href="#[bd]">&gt;&gt;</a>&nbsp;&nbsp;&nbsp;HAL_GPIO_Init
</UL>
<BR>[Called By]<UL><LI><a href="#[d8]">&gt;&gt;</a>&nbsp;&nbsp;&nbsp;HAL_CAN_Init
</UL>

<P><STRONG><a name="[d1]"></a>HAL_CAN_RxFifo0FullCallback</STRONG> (Thumb, 2 bytes, Stack size 0 bytes, stm32f1xx_hal_can.o(i.HAL_CAN_RxFifo0FullCallback))
<BR><BR>[Called By]<UL><LI><a href="#[c7]">&gt;&gt;</a>&nbsp;&nbsp;&nbsp;HAL_CAN_IRQHandler
</UL>

<P><STRONG><a name="[d2]"></a>HAL_CAN_RxFifo0MsgPendingCallback</STRONG> (Thumb, 2 bytes, Stack size 0 bytes, stm32f1xx_hal_can.o(i.HAL_CAN_RxFifo0MsgPendingCallback))
<BR><BR>[Called By]<UL><LI><a href="#[c7]">&gt;&gt;</a>&nbsp;&nbsp;&nbsp;HAL_CAN_IRQHandler
</UL>

<P><STRONG><a name="[d3]"></a>HAL_CAN_RxFifo1FullCallback</STRONG> (Thumb, 2 bytes, Stack size 0 bytes, stm32f1xx_hal_can.o(i.HAL_CAN_RxFifo1FullCallback))
<BR><BR>[Called By]<UL><LI><a href="#[c7]">&gt;&gt;</a>&nbsp;&nbsp;&nbsp;HAL_CAN_IRQHandler
</UL>

<P><STRONG><a name="[d4]"></a>HAL_CAN_RxFifo1MsgPendingCallback</STRONG> (Thumb, 2 bytes, Stack size 0 bytes, stm32f1xx_hal_can.o(i.HAL_CAN_RxFifo1MsgPendingCallback))
<BR><BR>[Called By]<UL><LI><a href="#[c7]">&gt;&gt;</a>&nbsp;&nbsp;&nbsp;HAL_CAN_IRQHandler
</UL>

<P><STRONG><a name="[d5]"></a>HAL_CAN_SleepCallback</STRONG> (Thumb, 2 bytes, Stack size 0 bytes, stm32f1xx_hal_can.o(i.HAL_CAN_SleepCallback))
<BR><BR>[Called By]<UL><LI><a href="#[c7]">&gt;&gt;</a>&nbsp;&nbsp;&nbsp;HAL_CAN_IRQHandler
</UL>

<P><STRONG><a name="[cc]"></a>HAL_CAN_TxMailbox0AbortCallback</STRONG> (Thumb, 2 bytes, Stack size 0 bytes, stm32f1xx_hal_can.o(i.HAL_CAN_TxMailbox0AbortCallback))
<BR><BR>[Called By]<UL><LI><a href="#[c7]">&gt;&gt;</a>&nbsp;&nbsp;&nbsp;HAL_CAN_IRQHandler
</UL>

<P><STRONG><a name="[cb]"></a>HAL_CAN_TxMailbox0CompleteCallback</STRONG> (Thumb, 2 bytes, Stack size 0 bytes, stm32f1xx_hal_can.o(i.HAL_CAN_TxMailbox0CompleteCallback))
<BR><BR>[Called By]<UL><LI><a href="#[c7]">&gt;&gt;</a>&nbsp;&nbsp;&nbsp;HAL_CAN_IRQHandler
</UL>

<P><STRONG><a name="[ce]"></a>HAL_CAN_TxMailbox1AbortCallback</STRONG> (Thumb, 2 bytes, Stack size 0 bytes, stm32f1xx_hal_can.o(i.HAL_CAN_TxMailbox1AbortCallback))
<BR><BR>[Called By]<UL><LI><a href="#[c7]">&gt;&gt;</a>&nbsp;&nbsp;&nbsp;HAL_CAN_IRQHandler
</UL>

<P><STRONG><a name="[cd]"></a>HAL_CAN_TxMailbox1CompleteCallback</STRONG> (Thumb, 2 bytes, Stack size 0 bytes, stm32f1xx_hal_can.o(i.HAL_CAN_TxMailbox1CompleteCallback))
<BR><BR>[Called By]<UL><LI><a href="#[c7]">&gt;&gt;</a>&nbsp;&nbsp;&nbsp;HAL_CAN_IRQHandler
</UL>

<P><STRONG><a name="[d0]"></a>HAL_CAN_TxMailbox2AbortCallback</STRONG> (Thumb, 2 bytes, Stack size 0 bytes, stm32f1xx_hal_can.o(i.HAL_CAN_TxMailbox2AbortCallback))
<BR><BR>[Called By]<UL><LI><a href="#[c7]">&gt;&gt;</a>&nbsp;&nbsp;&nbsp;HAL_CAN_IRQHandler
</UL>

<P><STRONG><a name="[cf]"></a>HAL_CAN_TxMailbox2CompleteCallback</STRONG> (Thumb, 2 bytes, Stack size 0 bytes, stm32f1xx_hal_can.o(i.HAL_CAN_TxMailbox2CompleteCallback))
<BR><BR>[Called By]<UL><LI><a href="#[c7]">&gt;&gt;</a>&nbsp;&nbsp;&nbsp;HAL_CAN_IRQHandler
</UL>

<P><STRONG><a name="[d6]"></a>HAL_CAN_WakeUpFromRxMsgCallback</STRONG> (Thumb, 2 bytes, Stack size 0 bytes, stm32f1xx_hal_can.o(i.HAL_CAN_WakeUpFromRxMsgCallback))
<BR><BR>[Called By]<UL><LI><a href="#[c7]">&gt;&gt;</a>&nbsp;&nbsp;&nbsp;HAL_CAN_IRQHandler
</UL>

<P><STRONG><a name="[fe]"></a>HAL_DMA_Abort</STRONG> (Thumb, 86 bytes, Stack size 0 bytes, stm32f1xx_hal_dma.o(i.HAL_DMA_Abort))
<BR><BR>[Called By]<UL><LI><a href="#[f9]">&gt;&gt;</a>&nbsp;&nbsp;&nbsp;HAL_UART_IRQHandler
</UL>

<P><STRONG><a name="[fc]"></a>HAL_DMA_Abort_IT</STRONG> (Thumb, 172 bytes, Stack size 16 bytes, stm32f1xx_hal_dma.o(i.HAL_DMA_Abort_IT))
<BR><BR>[Stack]<UL><LI>Max Depth = 16<LI>Call Chain = HAL_DMA_Abort_IT
</UL>
<BR>[Called By]<UL><LI><a href="#[f9]">&gt;&gt;</a>&nbsp;&nbsp;&nbsp;HAL_UART_IRQHandler
</UL>

<P><STRONG><a name="[dd]"></a>HAL_GPIO_EXTI_Callback</STRONG> (Thumb, 16 bytes, Stack size 8 bytes, drv_softi2c_bq769x0.o(i.HAL_GPIO_EXTI_Callback))
<BR><BR>[Stack]<UL><LI>Max Depth = 384<LI>Call Chain = HAL_GPIO_EXTI_Callback &rArr; BQ769X0_AlertHandler &rArr; BQ769X0_ReadRegisterByteWithCRC &rArr; I2C_TransferMessages &rArr; I2C_BitSendAddress &rArr; print_usart1 &rArr; HAL_UART_Transmit &rArr; UART_WaitOnFlagUntilTimeout
</UL>
<BR>[Calls]<UL><LI><a href="#[ac]">&gt;&gt;</a>&nbsp;&nbsp;&nbsp;BQ769X0_AlertHandler
</UL>
<BR>[Called By]<UL><LI><a href="#[c8]">&gt;&gt;</a>&nbsp;&nbsp;&nbsp;HAL_GPIO_EXTI_IRQHandler
</UL>

<P><STRONG><a name="[c8]"></a>HAL_GPIO_EXTI_IRQHandler</STRONG> (Thumb, 24 bytes, Stack size 8 bytes, stm32f1xx_hal_gpio.o(i.HAL_GPIO_EXTI_IRQHandler))
<BR><BR>[Stack]<UL><LI>Max Depth = 392<LI>Call Chain = HAL_GPIO_EXTI_IRQHandler &rArr; HAL_GPIO_EXTI_Callback &rArr; BQ769X0_AlertHandler &rArr; BQ769X0_ReadRegisterByteWithCRC &rArr; I2C_TransferMessages &rArr; I2C_BitSendAddress &rArr; print_usart1 &rArr; HAL_UART_Transmit &rArr; UART_WaitOnFlagUntilTimeout
</UL>
<BR>[Calls]<UL><LI><a href="#[dd]">&gt;&gt;</a>&nbsp;&nbsp;&nbsp;HAL_GPIO_EXTI_Callback
</UL>
<BR>[Called By]<UL><LI><a href="#[36]">&gt;&gt;</a>&nbsp;&nbsp;&nbsp;EXTI15_10_IRQHandler
</UL>

<P><STRONG><a name="[bd]"></a>HAL_GPIO_Init</STRONG> (Thumb, 766 bytes, Stack size 36 bytes, stm32f1xx_hal_gpio.o(i.HAL_GPIO_Init))
<BR><BR>[Stack]<UL><LI>Max Depth = 36<LI>Call Chain = HAL_GPIO_Init
</UL>
<BR>[Called By]<UL><LI><a href="#[103]">&gt;&gt;</a>&nbsp;&nbsp;&nbsp;HAL_UART_MspInit
<LI><a href="#[d9]">&gt;&gt;</a>&nbsp;&nbsp;&nbsp;HAL_CAN_MspInit
<LI><a href="#[11a]">&gt;&gt;</a>&nbsp;&nbsp;&nbsp;MX_GPIO_Init
<LI><a href="#[be]">&gt;&gt;</a>&nbsp;&nbsp;&nbsp;BQ769X0_TS1_SetOutMode
<LI><a href="#[bc]">&gt;&gt;</a>&nbsp;&nbsp;&nbsp;BQ769X0_TS1_SetInMode
<LI><a href="#[111]">&gt;&gt;</a>&nbsp;&nbsp;&nbsp;SDA_SetOutMode
<LI><a href="#[10e]">&gt;&gt;</a>&nbsp;&nbsp;&nbsp;SDA_SetInMode
<LI><a href="#[10b]">&gt;&gt;</a>&nbsp;&nbsp;&nbsp;I2C_BusHardwareInitialize
</UL>

<P><STRONG><a name="[ca]"></a>HAL_GPIO_ReadPin</STRONG> (Thumb, 16 bytes, Stack size 0 bytes, stm32f1xx_hal_gpio.o(i.HAL_GPIO_ReadPin))
<BR><BR>[Called By]<UL><LI><a href="#[c9]">&gt;&gt;</a>&nbsp;&nbsp;&nbsp;GET_SDA
</UL>

<P><STRONG><a name="[11d]"></a>HAL_GPIO_TogglePin</STRONG> (Thumb, 20 bytes, Stack size 8 bytes, stm32f1xx_hal_gpio.o(i.HAL_GPIO_TogglePin))
<BR><BR>[Stack]<UL><LI>Max Depth = 8<LI>Call Chain = HAL_GPIO_TogglePin
</UL>
<BR>[Called By]<UL><LI><a href="#[4c]">&gt;&gt;</a>&nbsp;&nbsp;&nbsp;StartDefaultTask
</UL>

<P><STRONG><a name="[88]"></a>HAL_GPIO_WritePin</STRONG> (Thumb, 12 bytes, Stack size 0 bytes, stm32f1xx_hal_gpio.o(i.HAL_GPIO_WritePin))
<BR><BR>[Called By]<UL><LI><a href="#[11a]">&gt;&gt;</a>&nbsp;&nbsp;&nbsp;MX_GPIO_Init
<LI><a href="#[b4]">&gt;&gt;</a>&nbsp;&nbsp;&nbsp;BQ769X0_Wakeup
<LI><a href="#[86]">&gt;&gt;</a>&nbsp;&nbsp;&nbsp;BMS_BattLow
<LI><a href="#[113]">&gt;&gt;</a>&nbsp;&nbsp;&nbsp;SDA_L
<LI><a href="#[10d]">&gt;&gt;</a>&nbsp;&nbsp;&nbsp;SDA_H
<LI><a href="#[110]">&gt;&gt;</a>&nbsp;&nbsp;&nbsp;SCL_L
<LI><a href="#[10f]">&gt;&gt;</a>&nbsp;&nbsp;&nbsp;SCL_H
<LI><a href="#[10b]">&gt;&gt;</a>&nbsp;&nbsp;&nbsp;I2C_BusHardwareInitialize
</UL>

<P><STRONG><a name="[da]"></a>HAL_GetTick</STRONG> (Thumb, 6 bytes, Stack size 0 bytes, stm32f1xx_hal.o(i.HAL_GetTick))
<BR><BR>[Called By]<UL><LI><a href="#[105]">&gt;&gt;</a>&nbsp;&nbsp;&nbsp;HAL_UART_Transmit
<LI><a href="#[d8]">&gt;&gt;</a>&nbsp;&nbsp;&nbsp;HAL_CAN_Init
<LI><a href="#[ec]">&gt;&gt;</a>&nbsp;&nbsp;&nbsp;HAL_RCC_OscConfig
<LI><a href="#[e8]">&gt;&gt;</a>&nbsp;&nbsp;&nbsp;HAL_RCC_ClockConfig
<LI><a href="#[106]">&gt;&gt;</a>&nbsp;&nbsp;&nbsp;UART_WaitOnFlagUntilTimeout
</UL>

<P><STRONG><a name="[f8]"></a>HAL_IncTick</STRONG> (Thumb, 16 bytes, Stack size 0 bytes, stm32f1xx_hal.o(i.HAL_IncTick))
<BR><BR>[Called By]<UL><LI><a href="#[f4]">&gt;&gt;</a>&nbsp;&nbsp;&nbsp;HAL_TIM_PeriodElapsedCallback
</UL>

<P><STRONG><a name="[de]"></a>HAL_Init</STRONG> (Thumb, 34 bytes, Stack size 8 bytes, stm32f1xx_hal.o(i.HAL_Init))
<BR><BR>[Stack]<UL><LI>Max Depth = 112<LI>Call Chain = HAL_Init &rArr; HAL_InitTick &rArr; HAL_NVIC_SetPriority &rArr; __NVIC_SetPriority
</UL>
<BR>[Calls]<UL><LI><a href="#[e0]">&gt;&gt;</a>&nbsp;&nbsp;&nbsp;HAL_InitTick
<LI><a href="#[e1]">&gt;&gt;</a>&nbsp;&nbsp;&nbsp;HAL_MspInit
<LI><a href="#[df]">&gt;&gt;</a>&nbsp;&nbsp;&nbsp;HAL_NVIC_SetPriorityGrouping
</UL>
<BR>[Called By]<UL><LI><a href="#[39]">&gt;&gt;</a>&nbsp;&nbsp;&nbsp;main
</UL>

<P><STRONG><a name="[e0]"></a>HAL_InitTick</STRONG> (Thumb, 158 bytes, Stack size 56 bytes, stm32f1xx_hal_timebase_tim.o(i.HAL_InitTick))
<BR><BR>[Stack]<UL><LI>Max Depth = 104<LI>Call Chain = HAL_InitTick &rArr; HAL_NVIC_SetPriority &rArr; __NVIC_SetPriority
</UL>
<BR>[Calls]<UL><LI><a href="#[e5]">&gt;&gt;</a>&nbsp;&nbsp;&nbsp;HAL_TIM_Base_Start_IT
<LI><a href="#[e4]">&gt;&gt;</a>&nbsp;&nbsp;&nbsp;HAL_TIM_Base_Init
<LI><a href="#[e3]">&gt;&gt;</a>&nbsp;&nbsp;&nbsp;HAL_RCC_GetPCLK1Freq
<LI><a href="#[e2]">&gt;&gt;</a>&nbsp;&nbsp;&nbsp;HAL_RCC_GetClockConfig
<LI><a href="#[db]">&gt;&gt;</a>&nbsp;&nbsp;&nbsp;HAL_NVIC_SetPriority
<LI><a href="#[dc]">&gt;&gt;</a>&nbsp;&nbsp;&nbsp;HAL_NVIC_EnableIRQ
</UL>
<BR>[Called By]<UL><LI><a href="#[e8]">&gt;&gt;</a>&nbsp;&nbsp;&nbsp;HAL_RCC_ClockConfig
<LI><a href="#[de]">&gt;&gt;</a>&nbsp;&nbsp;&nbsp;HAL_Init
</UL>

<P><STRONG><a name="[e1]"></a>HAL_MspInit</STRONG> (Thumb, 86 bytes, Stack size 8 bytes, stm32f1xx_hal_msp.o(i.HAL_MspInit))
<BR><BR>[Stack]<UL><LI>Max Depth = 56<LI>Call Chain = HAL_MspInit &rArr; HAL_NVIC_SetPriority &rArr; __NVIC_SetPriority
</UL>
<BR>[Calls]<UL><LI><a href="#[db]">&gt;&gt;</a>&nbsp;&nbsp;&nbsp;HAL_NVIC_SetPriority
</UL>
<BR>[Called By]<UL><LI><a href="#[de]">&gt;&gt;</a>&nbsp;&nbsp;&nbsp;HAL_Init
</UL>

<P><STRONG><a name="[dc]"></a>HAL_NVIC_EnableIRQ</STRONG> (Thumb, 32 bytes, Stack size 0 bytes, stm32f1xx_hal_cortex.o(i.HAL_NVIC_EnableIRQ))
<BR><BR>[Called By]<UL><LI><a href="#[e0]">&gt;&gt;</a>&nbsp;&nbsp;&nbsp;HAL_InitTick
<LI><a href="#[103]">&gt;&gt;</a>&nbsp;&nbsp;&nbsp;HAL_UART_MspInit
<LI><a href="#[d9]">&gt;&gt;</a>&nbsp;&nbsp;&nbsp;HAL_CAN_MspInit
<LI><a href="#[11a]">&gt;&gt;</a>&nbsp;&nbsp;&nbsp;MX_GPIO_Init
</UL>

<P><STRONG><a name="[db]"></a>HAL_NVIC_SetPriority</STRONG> (Thumb, 124 bytes, Stack size 40 bytes, stm32f1xx_hal_cortex.o(i.HAL_NVIC_SetPriority))
<BR><BR>[Stack]<UL><LI>Max Depth = 48<LI>Call Chain = HAL_NVIC_SetPriority &rArr; __NVIC_SetPriority
</UL>
<BR>[Calls]<UL><LI><a href="#[e7]">&gt;&gt;</a>&nbsp;&nbsp;&nbsp;__NVIC_SetPriority
<LI><a href="#[e6]">&gt;&gt;</a>&nbsp;&nbsp;&nbsp;__NVIC_GetPriorityGrouping
</UL>
<BR>[Called By]<UL><LI><a href="#[e0]">&gt;&gt;</a>&nbsp;&nbsp;&nbsp;HAL_InitTick
<LI><a href="#[e1]">&gt;&gt;</a>&nbsp;&nbsp;&nbsp;HAL_MspInit
<LI><a href="#[103]">&gt;&gt;</a>&nbsp;&nbsp;&nbsp;HAL_UART_MspInit
<LI><a href="#[d9]">&gt;&gt;</a>&nbsp;&nbsp;&nbsp;HAL_CAN_MspInit
<LI><a href="#[11a]">&gt;&gt;</a>&nbsp;&nbsp;&nbsp;MX_GPIO_Init
</UL>

<P><STRONG><a name="[df]"></a>HAL_NVIC_SetPriorityGrouping</STRONG> (Thumb, 32 bytes, Stack size 0 bytes, stm32f1xx_hal_cortex.o(i.HAL_NVIC_SetPriorityGrouping))
<BR><BR>[Called By]<UL><LI><a href="#[de]">&gt;&gt;</a>&nbsp;&nbsp;&nbsp;HAL_Init
</UL>

<P><STRONG><a name="[e8]"></a>HAL_RCC_ClockConfig</STRONG> (Thumb, 376 bytes, Stack size 16 bytes, stm32f1xx_hal_rcc.o(i.HAL_RCC_ClockConfig))
<BR><BR>[Stack]<UL><LI>Max Depth = 120<LI>Call Chain = HAL_RCC_ClockConfig &rArr; HAL_InitTick &rArr; HAL_NVIC_SetPriority &rArr; __NVIC_SetPriority
</UL>
<BR>[Calls]<UL><LI><a href="#[e0]">&gt;&gt;</a>&nbsp;&nbsp;&nbsp;HAL_InitTick
<LI><a href="#[e9]">&gt;&gt;</a>&nbsp;&nbsp;&nbsp;HAL_RCC_GetSysClockFreq
<LI><a href="#[da]">&gt;&gt;</a>&nbsp;&nbsp;&nbsp;HAL_GetTick
</UL>
<BR>[Called By]<UL><LI><a href="#[11f]">&gt;&gt;</a>&nbsp;&nbsp;&nbsp;SystemClock_Config
</UL>

<P><STRONG><a name="[e2]"></a>HAL_RCC_GetClockConfig</STRONG> (Thumb, 58 bytes, Stack size 0 bytes, stm32f1xx_hal_rcc.o(i.HAL_RCC_GetClockConfig))
<BR><BR>[Called By]<UL><LI><a href="#[e0]">&gt;&gt;</a>&nbsp;&nbsp;&nbsp;HAL_InitTick
</UL>

<P><STRONG><a name="[ea]"></a>HAL_RCC_GetHCLKFreq</STRONG> (Thumb, 6 bytes, Stack size 0 bytes, stm32f1xx_hal_rcc.o(i.HAL_RCC_GetHCLKFreq))
<BR><BR>[Called By]<UL><LI><a href="#[e3]">&gt;&gt;</a>&nbsp;&nbsp;&nbsp;HAL_RCC_GetPCLK1Freq
<LI><a href="#[eb]">&gt;&gt;</a>&nbsp;&nbsp;&nbsp;HAL_RCC_GetPCLK2Freq
</UL>

<P><STRONG><a name="[e3]"></a>HAL_RCC_GetPCLK1Freq</STRONG> (Thumb, 22 bytes, Stack size 4 bytes, stm32f1xx_hal_rcc.o(i.HAL_RCC_GetPCLK1Freq))
<BR><BR>[Stack]<UL><LI>Max Depth = 4<LI>Call Chain = HAL_RCC_GetPCLK1Freq
</UL>
<BR>[Calls]<UL><LI><a href="#[ea]">&gt;&gt;</a>&nbsp;&nbsp;&nbsp;HAL_RCC_GetHCLKFreq
</UL>
<BR>[Called By]<UL><LI><a href="#[e0]">&gt;&gt;</a>&nbsp;&nbsp;&nbsp;HAL_InitTick
<LI><a href="#[104]">&gt;&gt;</a>&nbsp;&nbsp;&nbsp;UART_SetConfig
</UL>

<P><STRONG><a name="[eb]"></a>HAL_RCC_GetPCLK2Freq</STRONG> (Thumb, 22 bytes, Stack size 4 bytes, stm32f1xx_hal_rcc.o(i.HAL_RCC_GetPCLK2Freq))
<BR><BR>[Stack]<UL><LI>Max Depth = 4<LI>Call Chain = HAL_RCC_GetPCLK2Freq
</UL>
<BR>[Calls]<UL><LI><a href="#[ea]">&gt;&gt;</a>&nbsp;&nbsp;&nbsp;HAL_RCC_GetHCLKFreq
</UL>
<BR>[Called By]<UL><LI><a href="#[104]">&gt;&gt;</a>&nbsp;&nbsp;&nbsp;UART_SetConfig
</UL>

<P><STRONG><a name="[e9]"></a>HAL_RCC_GetSysClockFreq</STRONG> (Thumb, 116 bytes, Stack size 40 bytes, stm32f1xx_hal_rcc.o(i.HAL_RCC_GetSysClockFreq))
<BR><BR>[Stack]<UL><LI>Max Depth = 40<LI>Call Chain = HAL_RCC_GetSysClockFreq
</UL>
<BR>[Called By]<UL><LI><a href="#[e8]">&gt;&gt;</a>&nbsp;&nbsp;&nbsp;HAL_RCC_ClockConfig
</UL>

<P><STRONG><a name="[ec]"></a>HAL_RCC_OscConfig</STRONG> (Thumb, 1114 bytes, Stack size 24 bytes, stm32f1xx_hal_rcc.o(i.HAL_RCC_OscConfig))
<BR><BR>[Stack]<UL><LI>Max Depth = 32<LI>Call Chain = HAL_RCC_OscConfig &rArr; RCC_Delay
</UL>
[...]
</UL>

<P><STRONG><a name="[2]"></a>I2C1_Lock</STRONG> (Thumb, 20 bytes, Stack size 0 bytes, drv_soft_i2c.o(i.I2C1_Lock))
<BR>[Address Reference Count : 1]<UL><LI> drv_soft_i2c.o(.data)
</UL>
<P><STRONG><a name="[1]"></a>I2C1_LockInit</STRONG> (Thumb, 2 bytes, Stack size 0 bytes, drv_soft_i2c.o(i.I2C1_LockInit))
<BR>[Address Reference Count : 1]<UL><LI> drv_soft_i2c.o(.data)
</UL>
<P><STRONG><a name="[3]"></a>I2C1_Unlock</STRONG> (Thumb, 10 bytes, Stack size 0 bytes, drv_soft_i2c.o(i.I2C1_Unlock))
<BR>[Address Reference Count : 1]<UL><LI> drv_soft_i2c.o(.data)
</UL>
<P><STRONG><a name="[107]"></a>I2C_BitSendAddress</STRONG> (Thumb, 186 bytes, Stack size 40 bytes, drv_soft_i2c.o(i.I2C_BitSendAddress))
<BR><BR>[Stack]<UL><LI>Max Depth = 264<LI>Call Chain = I2C_BitSendAddress &rArr; print_usart1 &rArr; HAL_UART_Transmit &rArr; UART_WaitOnFlagUntilTimeout
</UL>
<BR>[Calls]<UL><LI><a href="#[7d]">&gt;&gt;</a>&nbsp;&nbsp;&nbsp;print_usart1
<LI><a href="#[109]">&gt;&gt;</a>&nbsp;&nbsp;&nbsp;I2C_WriteByte
<LI><a href="#[108]">&gt;&gt;</a>&nbsp;&nbsp;&nbsp;I2C_SendAddress
<LI><a href="#[10a]">&gt;&gt;</a>&nbsp;&nbsp;&nbsp;I2C_Restart
</UL>
<BR>[Called By]<UL><LI><a href="#[b8]">&gt;&gt;</a>&nbsp;&nbsp;&nbsp;I2C_TransferMessages
</UL>

<P><STRONG><a name="[10b]"></a>I2C_BusHardwareInitialize</STRONG> (Thumb, 62 bytes, Stack size 24 bytes, drv_soft_i2c.o(i.I2C_BusHardwareInitialize))
<BR><BR>[Stack]<UL><LI>Max Depth = 60<LI>Call Chain = I2C_BusHardwareInitialize &rArr; HAL_GPIO_Init
</UL>
<BR>[Calls]<UL><LI><a href="#[88]">&gt;&gt;</a>&nbsp;&nbsp;&nbsp;HAL_GPIO_WritePin
<LI><a href="#[bd]">&gt;&gt;</a>&nbsp;&nbsp;&nbsp;HAL_GPIO_Init
</UL>
<BR>[Called By]<UL><LI><a href="#[aa]">&gt;&gt;</a>&nbsp;&nbsp;&nbsp;I2C_BusInitialize
</UL>

<P><STRONG><a name="[10c]"></a>I2C_ReadByte</STRONG> (Thumb, 72 bytes, Stack size 16 bytes, drv_soft_i2c.o(i.I2C_ReadByte))
<BR><BR>[Stack]<UL><LI>Max Depth = 76<LI>Call Chain = I2C_ReadByte &rArr; SDA_SetOutMode &rArr; HAL_GPIO_Init
</UL>
<BR>[Calls]<UL><LI><a href="#[111]">&gt;&gt;</a>&nbsp;&nbsp;&nbsp;SDA_SetOutMode
<LI><a href="#[10e]">&gt;&gt;</a>&nbsp;&nbsp;&nbsp;SDA_SetInMode
<LI><a href="#[10d]">&gt;&gt;</a>&nbsp;&nbsp;&nbsp;SDA_H
<LI><a href="#[110]">&gt;&gt;</a>&nbsp;&nbsp;&nbsp;SCL_L
<LI><a href="#[10f]">&gt;&gt;</a>&nbsp;&nbsp;&nbsp;SCL_H
<LI><a href="#[c9]">&gt;&gt;</a>&nbsp;&nbsp;&nbsp;GET_SDA
</UL>
<BR>[Called By]<UL><LI><a href="#[112]">&gt;&gt;</a>&nbsp;&nbsp;&nbsp;I2C_RecvBytes
</UL>

<P><STRONG><a name="[112]"></a>I2C_RecvBytes</STRONG> (Thumb, 104 bytes, Stack size 40 bytes, drv_soft_i2c.o(i.I2C_RecvBytes))
<BR><BR>[Stack]<UL><LI>Max Depth = 116<LI>Call Chain = I2C_RecvBytes &rArr; I2C_ReadByte &rArr; SDA_SetOutMode &rArr; HAL_GPIO_Init
</UL>
<BR>[Calls]<UL><LI><a href="#[113]">&gt;&gt;</a>&nbsp;&nbsp;&nbsp;SDA_L
<LI><a href="#[110]">&gt;&gt;</a>&nbsp;&nbsp;&nbsp;SCL_L
<LI><a href="#[10f]">&gt;&gt;</a>&nbsp;&nbsp;&nbsp;SCL_H
<LI><a href="#[10c]">&gt;&gt;</a>&nbsp;&nbsp;&nbsp;I2C_ReadByte
</UL>
<BR>[Called By]<UL><LI><a href="#[b8]">&gt;&gt;</a>&nbsp;&nbsp;&nbsp;I2C_TransferMessages
</UL>

<P><STRONG><a name="[10a]"></a>I2C_Restart</STRONG> (Thumb, 42 bytes, Stack size 8 bytes, drv_soft_i2c.o(i.I2C_Restart))
<BR><BR>[Stack]<UL><LI>Max Depth = 16<LI>Call Chain = I2C_Restart &rArr; SDA_L
</UL>
<BR>[Calls]<UL><LI><a href="#[113]">&gt;&gt;</a>&nbsp;&nbsp;&nbsp;SDA_L
<LI><a href="#[10d]">&gt;&gt;</a>&nbsp;&nbsp;&nbsp;SDA_H
<LI><a href="#[110]">&gt;&gt;</a>&nbsp;&nbsp;&nbsp;SCL_L
<LI><a href="#[10f]">&gt;&gt;</a>&nbsp;&nbsp;&nbsp;SCL_H
</UL>
<BR>[Called By]<UL><LI><a href="#[b8]">&gt;&gt;</a>&nbsp;&nbsp;&nbsp;I2C_TransferMessages
<LI><a href="#[107]">&gt;&gt;</a>&nbsp;&nbsp;&nbsp;I2C_BitSendAddress
</UL>

<P><STRONG><a name="[108]"></a>I2C_SendAddress</STRONG> (Thumb, 72 bytes, Stack size 24 bytes, drv_soft_i2c.o(i.I2C_SendAddress))
<BR><BR>[Stack]<UL><LI>Max Depth = 108<LI>Call Chain = I2C_SendAddress &rArr; I2C_WriteByte &rArr; SDA_SetOutMode &rArr; HAL_GPIO_Init
</UL>
<BR>[Calls]<UL><LI><a href="#[109]">&gt;&gt;</a>&nbsp;&nbsp;&nbsp;I2C_WriteByte
<LI><a href="#[114]">&gt;&gt;</a>&nbsp;&nbsp;&nbsp;I2C_Stop
<LI><a href="#[115]">&gt;&gt;</a>&nbsp;&nbsp;&nbsp;I2C_Start
</UL>
<BR>[Called By]<UL><LI><a href="#[107]">&gt;&gt;</a>&nbsp;&nbsp;&nbsp;I2C_BitSendAddress
</UL>

<P><STRONG><a name="[116]"></a>I2C_SendBytes</STRONG> (Thumb, 114 bytes, Stack size 32 bytes, drv_soft_i2c.o(i.I2C_SendBytes))
<BR><BR>[Stack]<UL><LI>Max Depth = 116<LI>Call Chain = I2C_SendBytes &rArr; I2C_WriteByte &rArr; SDA_SetOutMode &rArr; HAL_GPIO_Init
</UL>
<BR>[Calls]<UL><LI><a href="#[109]">&gt;&gt;</a>&nbsp;&nbsp;&nbsp;I2C_WriteByte
</UL>
<BR>[Called By]<UL><LI><a href="#[b8]">&gt;&gt;</a>&nbsp;&nbsp;&nbsp;I2C_TransferMessages
</UL>

<P><STRONG><a name="[115]"></a>I2C_Start</STRONG> (Thumb, 24 bytes, Stack size 8 bytes, drv_soft_i2c.o(i.I2C_Start))
<BR><BR>[Stack]<UL><LI>Max Depth = 16<LI>Call Chain = I2C_Start &rArr; SDA_L
</UL>
<BR>[Calls]<UL><LI><a href="#[113]">&gt;&gt;</a>&nbsp;&nbsp;&nbsp;SDA_L
<LI><a href="#[110]">&gt;&gt;</a>&nbsp;&nbsp;&nbsp;SCL_L
</UL>
<BR>[Called By]<UL><LI><a href="#[b8]">&gt;&gt;</a>&nbsp;&nbsp;&nbsp;I2C_TransferMessages
<LI><a href="#[108]">&gt;&gt;</a>&nbsp;&nbsp;&nbsp;I2C_SendAddress
</UL>

<P><STRONG><a name="[114]"></a>I2C_Stop</STRONG> (Thumb, 42 bytes, Stack size 8 bytes, drv_soft_i2c.o(i.I2C_Stop))
<BR><BR>[Stack]<UL><LI>Max Depth = 16<LI>Call Chain = I2C_Stop &rArr; SDA_L
</UL>
<BR>[Calls]<UL><LI><a href="#[113]">&gt;&gt;</a>&nbsp;&nbsp;&nbsp;SDA_L
<LI><a href="#[10d]">&gt;&gt;</a>&nbsp;&nbsp;&nbsp;SDA_H
<LI><a href="#[10f]">&gt;&gt;</a>&nbsp;&nbsp;&nbsp;SCL_H
</UL>
<BR>[Called By]<UL><LI><a href="#[b8]">&gt;&gt;</a>&nbsp;&nbsp;&nbsp;I2C_TransferMessages
<LI><a href="#[108]">&gt;&gt;</a>&nbsp;&nbsp;&nbsp;I2C_SendAddress
</UL>

<P><STRONG><a name="[109]"></a>I2C_WriteByte</STRONG> (Thumb, 128 bytes, Stack size 24 bytes, drv_soft_i2c.o(i.I2C_WriteByte))
<BR><BR>[Stack]<UL><LI>Max Depth = 84<LI>Call Chain = I2C_WriteByte &rArr; SDA_SetOutMode &rArr; HAL_GPIO_Init
</UL>
<BR>[Calls]<UL><LI><a href="#[111]">&gt;&gt;</a>&nbsp;&nbsp;&nbsp;SDA_SetOutMode
<LI><a href="#[10e]">&gt;&gt;</a>&nbsp;&nbsp;&nbsp;SDA_SetInMode
<LI><a href="#[113]">&gt;&gt;</a>&nbsp;&nbsp;&nbsp;SDA_L
<LI><a href="#[10d]">&gt;&gt;</a>&nbsp;&nbsp;&nbsp;SDA_H
<LI><a href="#[110]">&gt;&gt;</a>&nbsp;&nbsp;&nbsp;SCL_L
<LI><a href="#[10f]">&gt;&gt;</a>&nbsp;&nbsp;&nbsp;SCL_H
<LI><a href="#[c9]">&gt;&gt;</a>&nbsp;&nbsp;&nbsp;GET_SDA
</UL>
<BR>[Called By]<UL><LI><a href="#[116]">&gt;&gt;</a>&nbsp;&nbsp;&nbsp;I2C_SendBytes
<LI><a href="#[108]">&gt;&gt;</a>&nbsp;&nbsp;&nbsp;I2C_SendAddress
<LI><a href="#[107]">&gt;&gt;</a>&nbsp;&nbsp;&nbsp;I2C_BitSendAddress
</UL>

<P><STRONG><a name="[10f]"></a>SCL_H</STRONG> (Thumb, 16 bytes, Stack size 8 bytes, drv_soft_i2c.o(i.SCL_H))
<BR><BR>[Stack]<UL><LI>Max Depth = 8<LI>Call Chain = SCL_H
</UL>
<BR>[Calls]<UL><LI><a href="#[88]">&gt;&gt;</a>&nbsp;&nbsp;&nbsp;HAL_GPIO_WritePin
</UL>
<BR>[Called By]<UL><LI><a href="#[109]">&gt;&gt;</a>&nbsp;&nbsp;&nbsp;I2C_WriteByte
<LI><a href="#[114]">&gt;&gt;</a>&nbsp;&nbsp;&nbsp;I2C_Stop
<LI><a href="#[10a]">&gt;&gt;</a>&nbsp;&nbsp;&nbsp;I2C_Restart
<LI><a href="#[112]">&gt;&gt;</a>&nbsp;&nbsp;&nbsp;I2C_RecvBytes
<LI><a href="#[10c]">&gt;&gt;</a>&nbsp;&nbsp;&nbsp;I2C_ReadByte
</UL>

<P><STRONG><a name="[110]"></a>SCL_L</STRONG> (Thumb, 16 bytes, Stack size 8 bytes, drv_soft_i2c.o(i.SCL_L))
<BR><BR>[Stack]<UL><LI>Max Depth = 8<LI>Call Chain = SCL_L
</UL>
<BR>[Calls]<UL><LI><a href="#[88]">&gt;&gt;</a>&nbsp;&nbsp;&nbsp;HAL_GPIO_WritePin
</UL>
<BR>[Called By]<UL><LI><a href="#[109]">&gt;&gt;</a>&nbsp;&nbsp;&nbsp;I2C_WriteByte
<LI><a href="#[115]">&gt;&gt;</a>&nbsp;&nbsp;&nbsp;I2C_Start
<LI><a href="#[10a]">&gt;&gt;</a>&nbsp;&nbsp;&nbsp;I2C_Restart
<LI><a href="#[112]">&gt;&gt;</a>&nbsp;&nbsp;&nbsp;I2C_RecvBytes
<LI><a href="#[10c]">&gt;&gt;</a>&nbsp;&nbsp;&nbsp;I2C_ReadByte
</UL>

<P><STRONG><a name="[10d]"></a>SDA_H</STRONG> (Thumb, 16 bytes, Stack size 8 bytes, drv_soft_i2c.o(i.SDA_H))
<BR><BR>[Stack]<UL><LI>Max Depth = 8<LI>Call Chain = SDA_H
</UL>
<BR>[Calls]<UL><LI><a href="#[88]">&gt;&gt;</a>&nbsp;&nbsp;&nbsp;HAL_GPIO_WritePin
</UL>
<BR>[Called By]<UL><LI><a href="#[109]">&gt;&gt;</a>&nbsp;&nbsp;&nbsp;I2C_WriteByte
<LI><a href="#[114]">&gt;&gt;</a>&nbsp;&nbsp;&nbsp;I2C_Stop
<LI><a href="#[10a]">&gt;&gt;</a>&nbsp;&nbsp;&nbsp;I2C_Restart
<LI><a href="#[10c]">&gt;&gt;</a>&nbsp;&nbsp;&nbsp;I2C_ReadByte
</UL>

<P><STRONG><a name="[113]"></a>SDA_L</STRONG> (Thumb, 16 bytes, Stack size 8 bytes, drv_soft_i2c.o(i.SDA_L))
<BR><BR>[Stack]<UL><LI>Max Depth = 8<LI>Call Chain = SDA_L
</UL>
<BR>[Calls]<UL><LI><a href="#[88]">&gt;&gt;</a>&nbsp;&nbsp;&nbsp;HAL_GPIO_WritePin
</UL>
<BR>[Called By]<UL><LI><a href="#[109]">&gt;&gt;</a>&nbsp;&nbsp;&nbsp;I2C_WriteByte
<LI><a href="#[114]">&gt;&gt;</a>&nbsp;&nbsp;&nbsp;I2C_Stop
<LI><a href="#[115]">&gt;&gt;</a>&nbsp;&nbsp;&nbsp;I2C_Start
<LI><a href="#[10a]">&gt;&gt;</a>&nbsp;&nbsp;&nbsp;I2C_Restart
<LI><a href="#[112]">&gt;&gt;</a>&nbsp;&nbsp;&nbsp;I2C_RecvBytes
</UL>

<P><STRONG><a name="[10e]"></a>SDA_SetInMode</STRONG> (Thumb, 28 bytes, Stack size 24 bytes, drv_soft_i2c.o(i.SDA_SetInMode))
<BR><BR>[Stack]<UL><LI>Max Depth = 60<LI>Call Chain = SDA_SetInMode &rArr; HAL_GPIO_Init
</UL>
<BR>[Calls]<UL><LI><a href="#[bd]">&gt;&gt;</a>&nbsp;&nbsp;&nbsp;HAL_GPIO_Init
</UL>
<BR>[Called By]<UL><LI><a href="#[109]">&gt;&gt;</a>&nbsp;&nbsp;&nbsp;I2C_WriteByte
<LI><a href="#[10c]">&gt;&gt;</a>&nbsp;&nbsp;&nbsp;I2C_ReadByte
</UL>

<P><STRONG><a name="[111]"></a>SDA_SetOutMode</STRONG> (Thumb, 30 bytes, Stack size 24 bytes, drv_soft_i2c.o(i.SDA_SetOutMode))
<BR><BR>[Stack]<UL><LI>Max Depth = 60<LI>Call Chain = SDA_SetOutMode &rArr; HAL_GPIO_Init
</UL>
<BR>[Calls]<UL><LI><a href="#[bd]">&gt;&gt;</a>&nbsp;&nbsp;&nbsp;HAL_GPIO_Init
</UL>
<BR>[Called By]<UL><LI><a href="#[109]">&gt;&gt;</a>&nbsp;&nbsp;&nbsp;I2C_WriteByte
<LI><a href="#[10c]">&gt;&gt;</a>&nbsp;&nbsp;&nbsp;I2C_ReadByte
</UL>

<P><STRONG><a name="[0]"></a>delay_us</STRONG> (Thumb, 28 bytes, Stack size 0 bytes, drv_soft_i2c.o(i.delay_us))
<BR>[Address Reference Count : 1]<UL><LI> drv_soft_i2c.o(.data)
</UL>
<P><STRONG><a name="[ac]"></a>BQ769X0_AlertHandler</STRONG> (Thumb, 206 bytes, Stack size 16 bytes, drv_softi2c_bq769x0.o(i.BQ769X0_AlertHandler))
<BR><BR>[Stack]<UL><LI>Max Depth = 376<LI>Call Chain = BQ769X0_AlertHandler &rArr; BQ769X0_ReadRegisterByteWithCRC &rArr; I2C_TransferMessages &rArr; I2C_BitSendAddress &rArr; print_usart1 &rArr; HAL_UART_Transmit &rArr; UART_WaitOnFlagUntilTimeout
</UL>
<BR>[Calls]<UL><LI><a href="#[ae]">&gt;&gt;</a>&nbsp;&nbsp;&nbsp;BQ769X0_WriteRegisterByteWithCRC
<LI><a href="#[ad]">&gt;&gt;</a>&nbsp;&nbsp;&nbsp;BQ769X0_ReadRegisterByteWithCRC
</UL>
<BR>[Called By]<UL><LI><a href="#[dd]">&gt;&gt;</a>&nbsp;&nbsp;&nbsp;HAL_GPIO_EXTI_Callback
</UL>

<P><STRONG><a name="[b0]"></a>BQ769X0_Configuration</STRONG> (Thumb, 158 bytes, Stack size 16 bytes, drv_softi2c_bq769x0.o(i.BQ769X0_Configuration))
<BR><BR>[Stack]<UL><LI>Max Depth = 392<LI>Call Chain = BQ769X0_Configuration &rArr; BQ769X0_ReadBlockWithCRC &rArr; I2C_TransferMessages &rArr; I2C_BitSendAddress &rArr; print_usart1 &rArr; HAL_UART_Transmit &rArr; UART_WaitOnFlagUntilTimeout
</UL>
<BR>[Calls]<UL><LI><a href="#[7d]">&gt;&gt;</a>&nbsp;&nbsp;&nbsp;print_usart1
<LI><a href="#[af]">&gt;&gt;</a>&nbsp;&nbsp;&nbsp;BQ769X0_WriteBlockWithCRC
<LI><a href="#[b1]">&gt;&gt;</a>&nbsp;&nbsp;&nbsp;BQ769X0_ReadBlockWithCRC
</UL>
<BR>[Called By]<UL><LI><a href="#[ab]">&gt;&gt;</a>&nbsp;&nbsp;&nbsp;BQ769X0_Initialize
</UL>

<P><STRONG><a name="[b1]"></a>BQ769X0_ReadBlockWithCRC</STRONG> (Thumb, 284 bytes, Stack size 80 bytes, drv_softi2c_bq769x0.o(i.BQ769X0_ReadBlockWithCRC))
<BR><BR>[Stack]<UL><LI>Max Depth = 376<LI>Call Chain = BQ769X0_ReadBlockWithCRC &rArr; I2C_TransferMessages &rArr; I2C_BitSendAddress &rArr; print_usart1 &rArr; HAL_UART_Transmit &rArr; UART_WaitOnFlagUntilTimeout
</UL>
<BR>[Calls]<UL><LI><a href="#[7d]">&gt;&gt;</a>&nbsp;&nbsp;&nbsp;print_usart1
<LI><a href="#[b9]">&gt;&gt;</a>&nbsp;&nbsp;&nbsp;vPortFree
<LI><a href="#[b7]">&gt;&gt;</a>&nbsp;&nbsp;&nbsp;pvPortMalloc
<LI><a href="#[b6]">&gt;&gt;</a>&nbsp;&nbsp;&nbsp;__aeabi_memclr4
<LI><a href="#[ba]">&gt;&gt;</a>&nbsp;&nbsp;&nbsp;CRC8
<LI><a href="#[b8]">&gt;&gt;</a>&nbsp;&nbsp;&nbsp;I2C_TransferMessages
</UL>
<BR>[Called By]<UL><LI><a href="#[b0]">&gt;&gt;</a>&nbsp;&nbsp;&nbsp;BQ769X0_Configuration
<LI><a href="#[c2]">&gt;&gt;</a>&nbsp;&nbsp;&nbsp;BQ769X0_UpdateTsTemp
<LI><a href="#[c0]">&gt;&gt;</a>&nbsp;&nbsp;&nbsp;BQ769X0_UpdateCellVolt
</UL>

<P><STRONG><a name="[ad]"></a>BQ769X0_ReadRegisterByteWithCRC</STRONG> (Thumb, 158 bytes, Stack size 64 bytes, drv_softi2c_bq769x0.o(i.BQ769X0_ReadRegisterByteWithCRC))
<BR><BR>[Stack]<UL><LI>Max Depth = 360<LI>Call Chain = BQ769X0_ReadRegisterByteWithCRC &rArr; I2C_TransferMessages &rArr; I2C_BitSendAddress &rArr; print_usart1 &rArr; HAL_UART_Transmit &rArr; UART_WaitOnFlagUntilTimeout
</UL>
<BR>[Calls]<UL><LI><a href="#[7d]">&gt;&gt;</a>&nbsp;&nbsp;&nbsp;print_usart1
<LI><a href="#[b6]">&gt;&gt;</a>&nbsp;&nbsp;&nbsp;__aeabi_memclr4
<LI><a href="#[ba]">&gt;&gt;</a>&nbsp;&nbsp;&nbsp;CRC8
<LI><a href="#[b8]">&gt;&gt;</a>&nbsp;&nbsp;&nbsp;I2C_TransferMessages
</UL>
<BR>[Called By]<UL><LI><a href="#[b3]">&gt;&gt;</a>&nbsp;&nbsp;&nbsp;BQ769X0_GetADCGainOffset
<LI><a href="#[ac]">&gt;&gt;</a>&nbsp;&nbsp;&nbsp;BQ769X0_AlertHandler
</UL>

<P><STRONG><a name="[bb]"></a>BQ769X0_ReadRegisterWordWithCRC</STRONG> (Thumb, 208 bytes, Stack size 64 bytes, drv_softi2c_bq769x0.o(i.BQ769X0_ReadRegisterWordWithCRC))
<BR><BR>[Stack]<UL><LI>Max Depth = 360<LI>Call Chain = BQ769X0_ReadRegisterWordWithCRC &rArr; I2C_TransferMessages &rArr; I2C_BitSendAddress &rArr; print_usart1 &rArr; HAL_UART_Transmit &rArr; UART_WaitOnFlagUntilTimeout
</UL>
<BR>[Calls]<UL><LI><a href="#[7d]">&gt;&gt;</a>&nbsp;&nbsp;&nbsp;print_usart1
<LI><a href="#[b6]">&gt;&gt;</a>&nbsp;&nbsp;&nbsp;__aeabi_memclr4
<LI><a href="#[ba]">&gt;&gt;</a>&nbsp;&nbsp;&nbsp;CRC8
<LI><a href="#[b8]">&gt;&gt;</a>&nbsp;&nbsp;&nbsp;I2C_TransferMessages
</UL>
<BR>[Called By]<UL><LI><a href="#[c1]">&gt;&gt;</a>&nbsp;&nbsp;&nbsp;BQ769X0_UpdateCurrent
<LI><a href="#[bf]">&gt;&gt;</a>&nbsp;&nbsp;&nbsp;BQ769X0_UpadteBatVolt
</UL>

<P><STRONG><a name="[bc]"></a>BQ769X0_TS1_SetInMode</STRONG> (Thumb, 28 bytes, Stack size 24 bytes, drv_softi2c_bq769x0.o(i.BQ769X0_TS1_SetInMode))
<BR><BR>[Stack]<UL><LI>Max Depth = 60<LI>Call Chain = BQ769X0_TS1_SetInMode &rArr; HAL_GPIO_Init
</UL>
<BR>[Calls]<UL><LI><a href="#[bd]">&gt;&gt;</a>&nbsp;&nbsp;&nbsp;HAL_GPIO_Init
</UL>
<BR>[Called By]<UL><LI><a href="#[b4]">&gt;&gt;</a>&nbsp;&nbsp;&nbsp;BQ769X0_Wakeup
</UL>

<P><STRONG><a name="[be]"></a>BQ769X0_TS1_SetOutMode</STRONG> (Thumb, 30 bytes, Stack size 24 bytes, drv_softi2c_bq769x0.o(i.BQ769X0_TS1_SetOutMode))
<BR><BR>[Stack]<UL><LI>Max Depth = 60<LI>Call Chain = BQ769X0_TS1_SetOutMode &rArr; HAL_GPIO_Init
</UL>
<BR>[Calls]<UL><LI><a href="#[bd]">&gt;&gt;</a>&nbsp;&nbsp;&nbsp;HAL_GPIO_Init
</UL>
<BR>[Called By]<UL><LI><a href="#[b4]">&gt;&gt;</a>&nbsp;&nbsp;&nbsp;BQ769X0_Wakeup
</UL>

<P><STRONG><a name="[af]"></a>BQ769X0_WriteBlockWithCRC</STRONG> (Thumb, 194 bytes, Stack size 48 bytes, drv_softi2c_bq769x0.o(i.BQ769X0_WriteBlockWithCRC))
<BR><BR>[Stack]<UL><LI>Max Depth = 344<LI>Call Chain = BQ769X0_WriteBlockWithCRC &rArr; I2C_TransferMessages &rArr; I2C_BitSendAddress &rArr; print_usart1 &rArr; HAL_UART_Transmit &rArr; UART_WaitOnFlagUntilTimeout
</UL>
<BR>[Calls]<UL><LI><a href="#[7d]">&gt;&gt;</a>&nbsp;&nbsp;&nbsp;print_usart1
<LI><a href="#[b9]">&gt;&gt;</a>&nbsp;&nbsp;&nbsp;vPortFree
<LI><a href="#[b7]">&gt;&gt;</a>&nbsp;&nbsp;&nbsp;pvPortMalloc
<LI><a href="#[ba]">&gt;&gt;</a>&nbsp;&nbsp;&nbsp;CRC8
<LI><a href="#[b8]">&gt;&gt;</a>&nbsp;&nbsp;&nbsp;I2C_TransferMessages
</UL>
<BR>[Called By]<UL><LI><a href="#[97]">&gt;&gt;</a>&nbsp;&nbsp;&nbsp;BQ769X0_CellBalanceControl
<LI><a href="#[b0]">&gt;&gt;</a>&nbsp;&nbsp;&nbsp;BQ769X0_Configuration
</UL>

<P><STRONG><a name="[ae]"></a>BQ769X0_WriteRegisterByteWithCRC</STRONG> (Thumb, 110 bytes, Stack size 32 bytes, drv_softi2c_bq769x0.o(i.BQ769X0_WriteRegisterByteWithCRC))
<BR><BR>[Stack]<UL><LI>Max Depth = 328<LI>Call Chain = BQ769X0_WriteRegisterByteWithCRC &rArr; I2C_TransferMessages &rArr; I2C_BitSendAddress &rArr; print_usart1 &rArr; HAL_UART_Transmit &rArr; UART_WaitOnFlagUntilTimeout
</UL>
<BR>[Calls]<UL><LI><a href="#[7d]">&gt;&gt;</a>&nbsp;&nbsp;&nbsp;print_usart1
<LI><a href="#[ba]">&gt;&gt;</a>&nbsp;&nbsp;&nbsp;CRC8
<LI><a href="#[b8]">&gt;&gt;</a>&nbsp;&nbsp;&nbsp;I2C_TransferMessages
</UL>
<BR>[Called By]<UL><LI><a href="#[b2]">&gt;&gt;</a>&nbsp;&nbsp;&nbsp;BQ769X0_EntryShip
<LI><a href="#[98]">&gt;&gt;</a>&nbsp;&nbsp;&nbsp;BQ769X0_ControlDSGOrCHG
<LI><a href="#[ac]">&gt;&gt;</a>&nbsp;&nbsp;&nbsp;BQ769X0_AlertHandler
<LI><a href="#[c2]">&gt;&gt;</a>&nbsp;&nbsp;&nbsp;BQ769X0_UpdateTsTemp
</UL>

<P><STRONG><a name="[ba]"></a>CRC8</STRONG> (Thumb, 68 bytes, Stack size 16 bytes, drv_softi2c_bq769x0.o(i.CRC8))
<BR><BR>[Stack]<UL><LI>Max Depth = 16<LI>Call Chain = CRC8
</UL>
<BR>[Called By]<UL><LI><a href="#[ae]">&gt;&gt;</a>&nbsp;&nbsp;&nbsp;BQ769X0_WriteRegisterByteWithCRC
<LI><a href="#[af]">&gt;&gt;</a>&nbsp;&nbsp;&nbsp;BQ769X0_WriteBlockWithCRC
<LI><a href="#[bb]">&gt;&gt;</a>&nbsp;&nbsp;&nbsp;BQ769X0_ReadRegisterWordWithCRC
<LI><a href="#[ad]">&gt;&gt;</a>&nbsp;&nbsp;&nbsp;BQ769X0_ReadRegisterByteWithCRC
<LI><a href="#[b1]">&gt;&gt;</a>&nbsp;&nbsp;&nbsp;BQ769X0_ReadBlockWithCRC
</UL>

<P><STRONG><a name="[c3]"></a>TempChange</STRONG> (Thumb, 316 bytes, Stack size 12 bytes, drv_softi2c_bq769x0.o(i.TempChange))
<BR><BR>[Stack]<UL><LI>Max Depth = 12<LI>Call Chain = TempChange
</UL>
<BR>[Called By]<UL><LI><a href="#[c2]">&gt;&gt;</a>&nbsp;&nbsp;&nbsp;BQ769X0_UpdateTsTemp
</UL>

<P><STRONG><a name="[126]"></a>_fp_digits</STRONG> (Thumb, 366 bytes, Stack size 64 bytes, printfa.o(i._fp_digits), UNUSED)
<BR><BR>[Calls]<UL><LI><a href="#[a3]">&gt;&gt;</a>&nbsp;&nbsp;&nbsp;__aeabi_cdrcmple
<LI><a href="#[66]">&gt;&gt;</a>&nbsp;&nbsp;&nbsp;__aeabi_ddiv
<LI><a href="#[65]">&gt;&gt;</a>&nbsp;&nbsp;&nbsp;__aeabi_dmul
<LI><a href="#[6c]">&gt;&gt;</a>&nbsp;&nbsp;&nbsp;__aeabi_uldivmod
<LI><a href="#[5e]">&gt;&gt;</a>&nbsp;&nbsp;&nbsp;__aeabi_dadd
<LI><a href="#[6e]">&gt;&gt;</a>&nbsp;&nbsp;&nbsp;__aeabi_d2ulz
</UL>
<BR>[Called By]<UL><LI><a href="#[124]">&gt;&gt;</a>&nbsp;&nbsp;&nbsp;_printf_core
</UL>

<P><STRONG><a name="[124]"></a>_printf_core</STRONG> (Thumb, 1744 bytes, Stack size 136 bytes, printfa.o(i._printf_core), UNUSED)
<BR><BR>[Calls]<UL><LI><a href="#[6c]">&gt;&gt;</a>&nbsp;&nbsp;&nbsp;__aeabi_uldivmod
<LI><a href="#[129]">&gt;&gt;</a>&nbsp;&nbsp;&nbsp;__aeabi_uidivmod
<LI><a href="#[127]">&gt;&gt;</a>&nbsp;&nbsp;&nbsp;_printf_pre_padding
<LI><a href="#[128]">&gt;&gt;</a>&nbsp;&nbsp;&nbsp;_printf_post_padding
<LI><a href="#[126]">&gt;&gt;</a>&nbsp;&nbsp;&nbsp;_fp_digits
</UL>
<BR>[Called By]<UL><LI><a href="#[125]">&gt;&gt;</a>&nbsp;&nbsp;&nbsp;__0vsprintf
<LI><a href="#[123]">&gt;&gt;</a>&nbsp;&nbsp;&nbsp;__0sprintf
</UL>

<P><STRONG><a name="[128]"></a>_printf_post_padding</STRONG> (Thumb, 36 bytes, Stack size 24 bytes, printfa.o(i._printf_post_padding), UNUSED)
<BR><BR>[Called By]<UL><LI><a href="#[124]">&gt;&gt;</a>&nbsp;&nbsp;&nbsp;_printf_core
</UL>

<P><STRONG><a name="[127]"></a>_printf_pre_padding</STRONG> (Thumb, 46 bytes, Stack size 24 bytes, printfa.o(i._printf_pre_padding), UNUSED)
<BR><BR>[Called By]<UL><LI><a href="#[124]">&gt;&gt;</a>&nbsp;&nbsp;&nbsp;_printf_core
</UL>

<P><STRONG><a name="[4d]"></a>_sputc</STRONG> (Thumb, 10 bytes, Stack size 0 bytes, printfa.o(i._sputc))
<BR><BR>[Called By]<UL><LI><a href="#[125]">&gt;&gt;</a>&nbsp;&nbsp;&nbsp;__0vsprintf
<LI><a href="#[123]">&gt;&gt;</a>&nbsp;&nbsp;&nbsp;__0sprintf
</UL>
<BR>[Address Reference Count : 2]<UL><LI> printfa.o(i.__0sprintf)
<LI> printfa.o(i.__0vsprintf)
</UL><P>
<H3>
Undefined Global Symbols
</H3><HR></body></html>
