Component: ARM Compiler 5.06 update 5 (build 528) Tool: armlink [4d35e2]

==============================================================================

Section Cross References

    startup_stm32f103xb.o(RESET) refers to startup_stm32f103xb.o(STACK) for __initial_sp
    startup_stm32f103xb.o(RESET) refers to startup_stm32f103xb.o(.text) for Reset_Handler
    startup_stm32f103xb.o(RESET) refers to stm32f1xx_it.o(i.NMI_Handler) for NMI_Handler
    startup_stm32f103xb.o(RESET) refers to stm32f1xx_it.o(i.MemManage_Handler) for MemManage_Handler
    startup_stm32f103xb.o(RESET) refers to stm32f1xx_it.o(i.BusFault_Handler) for BusFault_Handler
    startup_stm32f103xb.o(RESET) refers to stm32f1xx_it.o(i.UsageFault_Handler) for UsageFault_Handler
    startup_stm32f103xb.o(RESET) refers to port.o(.emb_text) for SVC_Handler
    startup_stm32f103xb.o(RESET) refers to stm32f1xx_it.o(i.DebugMon_Handler) for DebugMon_Handler
    startup_stm32f103xb.o(RESET) refers to port.o(i.SysTick_Handler) for SysTick_Handler
    startup_stm32f103xb.o(RESET) refers to stm32f1xx_it.o(i.USB_LP_CAN1_RX0_IRQHandler) for USB_LP_CAN1_RX0_IRQHandler
    startup_stm32f103xb.o(RESET) refers to stm32f1xx_it.o(i.CAN1_RX1_IRQHandler) for CAN1_RX1_IRQHandler
    startup_stm32f103xb.o(RESET) refers to stm32f1xx_it.o(i.TIM4_IRQHandler) for TIM4_IRQHandler
    startup_stm32f103xb.o(RESET) refers to stm32f1xx_it.o(i.USART2_IRQHandler) for USART2_IRQHandler
    startup_stm32f103xb.o(RESET) refers to stm32f1xx_it.o(i.EXTI15_10_IRQHandler) for EXTI15_10_IRQHandler
    startup_stm32f103xb.o(.text) refers to system_stm32f1xx.o(i.SystemInit) for SystemInit
    startup_stm32f103xb.o(.text) refers to entry.o(.ARM.Collect$$$$00000000) for __main
    main.o(i.HAL_TIM_PeriodElapsedCallback) refers to stm32f1xx_hal.o(i.HAL_IncTick) for HAL_IncTick
    main.o(i.SystemClock_Config) refers to memseta.o(.text) for __aeabi_memclr4
    main.o(i.SystemClock_Config) refers to stm32f1xx_hal_rcc.o(i.HAL_RCC_OscConfig) for HAL_RCC_OscConfig
    main.o(i.SystemClock_Config) refers to main.o(i.Error_Handler) for Error_Handler
    main.o(i.SystemClock_Config) refers to stm32f1xx_hal_rcc.o(i.HAL_RCC_ClockConfig) for HAL_RCC_ClockConfig
    main.o(i.main) refers to stm32f1xx_hal.o(i.HAL_Init) for HAL_Init
    main.o(i.main) refers to main.o(i.SystemClock_Config) for SystemClock_Config
    main.o(i.main) refers to gpio.o(i.MX_GPIO_Init) for MX_GPIO_Init
    main.o(i.main) refers to usart.o(i.MX_USART1_UART_Init) for MX_USART1_UART_Init
    main.o(i.main) refers to usart.o(i.MX_USART2_UART_Init) for MX_USART2_UART_Init
    main.o(i.main) refers to can.o(i.MX_CAN_Init) for MX_CAN_Init
    main.o(i.main) refers to cmsis_os2.o(i.osKernelInitialize) for osKernelInitialize
    main.o(i.main) refers to freertos.o(i.MX_FREERTOS_Init) for MX_FREERTOS_Init
    main.o(i.main) refers to cmsis_os2.o(i.osKernelStart) for osKernelStart
    gpio.o(i.MX_GPIO_Init) refers to stm32f1xx_hal_gpio.o(i.HAL_GPIO_WritePin) for HAL_GPIO_WritePin
    gpio.o(i.MX_GPIO_Init) refers to stm32f1xx_hal_gpio.o(i.HAL_GPIO_Init) for HAL_GPIO_Init
    gpio.o(i.MX_GPIO_Init) refers to stm32f1xx_hal_cortex.o(i.HAL_NVIC_SetPriority) for HAL_NVIC_SetPriority
    gpio.o(i.MX_GPIO_Init) refers to stm32f1xx_hal_cortex.o(i.HAL_NVIC_EnableIRQ) for HAL_NVIC_EnableIRQ
    freertos.o(i.MX_FREERTOS_Init) refers to cmsis_os2.o(i.osThreadNew) for osThreadNew
    freertos.o(i.MX_FREERTOS_Init) refers to freertos.o(.constdata) for defaultTask_attributes
    freertos.o(i.MX_FREERTOS_Init) refers to freertos.o(i.StartDefaultTask) for StartDefaultTask
    freertos.o(i.MX_FREERTOS_Init) refers to freertos.o(.data) for defaultTaskHandle
    freertos.o(i.StartDefaultTask) refers to bms_app.o(i.BMS_SysInitialize) for BMS_SysInitialize
    freertos.o(i.StartDefaultTask) refers to stm32f1xx_hal_gpio.o(i.HAL_GPIO_TogglePin) for HAL_GPIO_TogglePin
    freertos.o(i.StartDefaultTask) refers to cmsis_os2.o(i.osDelay) for osDelay
    freertos.o(.constdata) refers to freertos.o(.conststring) for .conststring
    can.o(i.HAL_CAN_MspDeInit) refers to stm32f1xx_hal_gpio.o(i.HAL_GPIO_DeInit) for HAL_GPIO_DeInit
    can.o(i.HAL_CAN_MspDeInit) refers to stm32f1xx_hal_cortex.o(i.HAL_NVIC_DisableIRQ) for HAL_NVIC_DisableIRQ
    can.o(i.HAL_CAN_MspInit) refers to stm32f1xx_hal_gpio.o(i.HAL_GPIO_Init) for HAL_GPIO_Init
    can.o(i.HAL_CAN_MspInit) refers to stm32f1xx_hal_cortex.o(i.HAL_NVIC_SetPriority) for HAL_NVIC_SetPriority
    can.o(i.HAL_CAN_MspInit) refers to stm32f1xx_hal_cortex.o(i.HAL_NVIC_EnableIRQ) for HAL_NVIC_EnableIRQ
    can.o(i.MX_CAN_Init) refers to stm32f1xx_hal_can.o(i.HAL_CAN_Init) for HAL_CAN_Init
    can.o(i.MX_CAN_Init) refers to main.o(i.Error_Handler) for Error_Handler
    can.o(i.MX_CAN_Init) refers to can.o(.bss) for hcan
    usart.o(i.HAL_UART_MspDeInit) refers to stm32f1xx_hal_gpio.o(i.HAL_GPIO_DeInit) for HAL_GPIO_DeInit
[...]
    .bss                                     0x20000284   Section      136  usart.o(.bss)
    .bss                                     0x2000030c   Section       72  stm32f1xx_hal_timebase_tim.o(.bss)
    .bss                                     0x20000354   Section       64  queue.o(.bss)
    .bss                                     0x20000394   Section     1220  tasks.o(.bss)
    pxReadyTasksLists                        0x20000394   Data        1120  tasks.o(.bss)
    xDelayedTaskList1                        0x200007f4   Data          20  tasks.o(.bss)
    xDelayedTaskList2                        0x20000808   Data          20  tasks.o(.bss)
    xPendingReadyList                        0x2000081c   Data          20  tasks.o(.bss)
    xTasksWaitingTermination                 0x20000830   Data          20  tasks.o(.bss)
    xSuspendedTaskList                       0x20000844   Data          20  tasks.o(.bss)
    .bss                                     0x20000858   Section      280  timers.o(.bss)
    xActiveTimerList1                        0x20000858   Data          20  timers.o(.bss)
    xActiveTimerList2                        0x2000086c   Data          20  timers.o(.bss)
    xStaticTimerQueue                        0x20000880   Data          80  timers.o(.bss)
    ucStaticTimerQueueStorage                0x200008d0   Data         160  timers.o(.bss)
    .bss                                     0x20000970   Section     1720  cmsis_os2.o(.bss)
    Idle_TCB                                 0x20000970   Data          92  cmsis_os2.o(.bss)
    Idle_Stack                               0x200009cc   Data         512  cmsis_os2.o(.bss)
    Timer_TCB                                0x20000bcc   Data          92  cmsis_os2.o(.bss)
    Timer_Stack                              0x20000c28   Data        1024  cmsis_os2.o(.bss)
    .bss                                     0x20001028   Section    10240  heap_4.o(.bss)
    ucHeap                                   0x20001028   Data       10240  heap_4.o(.bss)
    .bss                                     0x20003828   Section       76  bms_monitor.o(.bss)
    .bss                                     0x20003874   Section      120  drv_softi2c_bq769x0.o(.bss)
    AlertOps                                 0x20003874   Data          28  drv_softi2c_bq769x0.o(.bss)
    Registers                                0x20003890   Data          56  drv_softi2c_bq769x0.o(.bss)
    STACK                                    0x200038f0   Section     1024  startup_stm32f103xb.o(STACK)

    Global Symbols

    Symbol Name                              Value     Ov Type        Size  Object(Section)

    BuildAttributes$$THM_ISAv4$P$D$K$B$S$PE$A:L22UL41UL21$X:L11$S22US41US21$IEEE1$IW$USESV6$~STKCKD$USESV7$~SHL$OTIME$ROPI$EBA8$MICROLIB$REQ8$PRES8$EABIv2 0x00000000   Number         0  anon$$obj.o ABSOLUTE
    __ARM_use_no_argv                        0x00000000   Number         0  main.o ABSOLUTE
    _printf_a                                0x00000000   Number         0  stubs.o ABSOLUTE
    _printf_c                                0x00000000   Number         0  stubs.o ABSOLUTE
    _printf_charcount                        0x00000000   Number         0  stubs.o ABSOLUTE
    _printf_d                                0x00000000   Number         0  stubs.o ABSOLUTE
    _printf_e                                0x00000000   Number         0  stubs.o ABSOLUTE
    _printf_f                                0x00000000   Number         0  stubs.o ABSOLUTE
    _printf_flags                            0x00000000   Number         0  stubs.o ABSOLUTE
    _printf_fp_dec                           0x00000000   Number         0  stubs.o ABSOLUTE
    _printf_fp_hex                           0x00000000   Number         0  stubs.o ABSOLUTE
    _printf_g                                0x00000000   Number         0  stubs.o ABSOLUTE
    _printf_i                                0x00000000   Number         0  stubs.o ABSOLUTE
    _printf_int_dec                          0x00000000   Number         0  stubs.o ABSOLUTE
    _printf_l                                0x00000000   Number         0  stubs.o ABSOLUTE
    _printf_lc                               0x00000000   Number         0  stubs.o ABSOLUTE
    _printf_ll                               0x00000000   Number         0  stubs.o ABSOLUTE
    _printf_lld                              0x00000000   Number         0  stubs.o ABSOLUTE
    _printf_lli                              0x00000000   Number         0  stubs.o ABSOLUTE
    _printf_llo                              0x00000000   Number         0  stubs.o ABSOLUTE
    _printf_llu                              0x00000000   Number         0  stubs.o ABSOLUTE
    _printf_llx                              0x00000000   Number         0  stubs.o ABSOLUTE
    _printf_longlong_dec                     0x00000000   Number         0  stubs.o ABSOLUTE
    _printf_longlong_hex                     0x00000000   Number         0  stubs.o ABSOLUTE
    _printf_longlong_oct                     0x00000000   Number         0  stubs.o ABSOLUTE
    _printf_ls                               0x00000000   Number         0  stubs.o ABSOLUTE
    _printf_mbtowc                           0x00000000   Number         0  stubs.o ABSOLUTE
    _printf_n                                0x00000000   Number         0  stubs.o ABSOLUTE
    _printf_o                                0x00000000   Number         0  stubs.o ABSOLUTE
    _printf_p                                0x00000000   Number         0  stubs.o ABSOLUTE
    _printf_percent                          0x00000000   Number         0  stubs.o ABSOLUTE
    _printf_pre_padding                      0x00000000   Number         0  stubs.o ABSOLUTE
    _printf_return_value                     0x00000000   Number         0  stubs.o ABSOLUTE
    _printf_s                                0x00000000   Number         0  stubs.o ABSOLUTE
    _printf_sizespec                         0x00000000   Number         0  stubs.o ABSOLUTE
    _printf_str                              0x00000000   Number         0  stubs.o ABSOLUTE
    _printf_truncate_signed                  0x00000000   Number         0  stubs.o ABSOLUTE
    _printf_truncate_unsigned                0x00000000   Number         0  stubs.o ABSOLUTE
    _printf_u                                0x00000000   Number         0  stubs.o ABSOLUTE
    _printf_wc                               0x00000000   Number         0  stubs.o ABSOLUTE
    _printf_wctomb                           0x00000000   Number         0  stubs.o ABSOLUTE
    _printf_widthprec                        0x00000000   Number         0  stubs.o ABSOLUTE
    _printf_x                                0x00000000   Number         0  stubs.o ABSOLUTE
    __cpp_initialize__aeabi_                  - Undefined Weak Reference
    __cxa_finalize                            - Undefined Weak Reference
    _clock_init                               - Undefined Weak Reference
    _microlib_exit                            - Undefined Weak Reference
    __Vectors_Size                           0x000000ec   Number         0  startup_stm32f103xb.o ABSOLUTE
    __Vectors                                0x08000000   Data           4  startup_stm32f103xb.o(RESET)
    __Vectors_End                            0x080000ec   Data           0  startup_stm32f103xb.o(RESET)
    __main                                   0x080000ed   Thumb Code     0  entry.o(.ARM.Collect$$$$00000000)
    _main_stk                                0x080000ed   Thumb Code     0  entry2.o(.ARM.Collect$$$$00000001)
    _main_scatterload                        0x080000f1   Thumb Code     0  entry5.o(.ARM.Collect$$$$00000004)
    __main_after_scatterload                 0x080000f5   Thumb Code     0  entry5.o(.ARM.Collect$$$$00000004)
    _main_clock                              0x080000f5   Thumb Code     0  entry7b.o(.ARM.Collect$$$$00000008)
    _main_cpp_init                           0x080000f5   Thumb Code     0  entry8b.o(.ARM.Collect$$$$0000000A)
    _main_init                               0x080000f5   Thumb Code     0  entry9a.o(.ARM.Collect$$$$0000000B)
    __rt_final_cpp                           0x080000fd   Thumb Code     0  entry10a.o(.ARM.Collect$$$$0000000D)
    __rt_final_exit                          0x080000fd   Thumb Code     0  entry11a.o(.ARM.Collect$$$$0000000F)
    SVC_Handler                              0x08000101   Thumb Code    32  port.o(.emb_text)
    __asm___6_port_c_39a90d8d__prvStartFirstTask 0x08000125   Thumb Code    28  port.o(.emb_text)
    PendSV_Handler                           0x08000145   Thumb Code    72  port.o(.emb_text)
    vPortGetIPSR                             0x08000191   Thumb Code     6  port.o(.emb_text)
    Reset_Handler                            0x08000199   Thumb Code     8  startup_stm32f103xb.o(.text)
    HardFault_Handler                        0x080001a3   Thumb Code     2  startup_stm32f103xb.o(.text)
    ADC1_2_IRQHandler                        0x080001b3   Thumb Code     0  startup_stm32f103xb.o(.text)
    CAN1_SCE_IRQHandler                      0x080001b3   Thumb Code     0  startup_stm32f103xb.o(.text)
    DMA1_Channel1_IRQHandler                 0x080001b3   Thumb Code     0  startup_stm32f103xb.o(.text)
    DMA1_Channel2_IRQHandler                 0x080001b3   Thumb Code     0  startup_stm32f103xb.o(.text)
    DMA1_Channel3_IRQHandler                 0x080001b3   Thumb Code     0  startup_stm32f103xb.o(.text)
    DMA1_Channel4_IRQHandler                 0x080001b3   Thumb Code     0  startup_stm32f103xb.o(.text)
    DMA1_Channel5_IRQHandler                 0x080001b3   Thumb Code     0  startup_stm32f103xb.o(.text)
    DMA1_Channel6_IRQHandler                 0x080001b3   Thumb Code     0  startup_stm32f103xb.o(.text)
    DMA1_Channel7_IRQHandler                 0x080001b3   Thumb Code     0  startup_stm32f103xb.o(.text)
    EXTI0_IRQHandler                         0x080001b3   Thumb Code     0  startup_stm32f103xb.o(.text)
    EXTI1_IRQHandler                         0x080001b3   Thumb Code     0  startup_stm32f103xb.o(.text)
    EXTI2_IRQHandler                         0x080001b3   Thumb Code     0  startup_stm32f103xb.o(.text)
    EXTI3_IRQHandler                         0x080001b3   Thumb Code     0  startup_stm32f103xb.o(.text)
    EXTI4_IRQHandler                         0x080001b3   Thumb Code     0  startup_stm32f103xb.o(.text)
    EXTI9_5_IRQHandler                       0x080001b3   Thumb Code     0  startup_stm32f103xb.o(.text)
    FLASH_IRQHandler                         0x080001b3   Thumb Code     0  startup_stm32f103xb.o(.text)
    I2C1_ER_IRQHandler                       0x080001b3   Thumb Code     0  startup_stm32f103xb.o(.text)
    I2C1_EV_IRQHandler                       0x080001b3   Thumb Code     0  startup_stm32f103xb.o(.text)
    I2C2_ER_IRQHandler                       0x080001b3   Thumb Code     0  startup_stm32f103xb.o(.text)
    I2C2_EV_IRQHandler                       0x080001b3   Thumb Code     0  startup_stm32f103xb.o(.text)
    PVD_IRQHandler                           0x080001b3   Thumb Code     0  startup_stm32f103xb.o(.text)
    RCC_IRQHandler                           0x080001b3   Thumb Code     0  startup_stm32f103xb.o(.text)
    RTC_Alarm_IRQHandler                     0x080001b3   Thumb Code     0  startup_stm32f103xb.o(.text)
    RTC_IRQHandler                           0x080001b3   Thumb Code     0  startup_stm32f103xb.o(.text)
    SPI1_IRQHandler                          0x080001b3   Thumb Code     0  startup_stm32f103xb.o(.text)
    SPI2_IRQHandler                          0x080001b3   Thumb Code     0  startup_stm32f103xb.o(.text)
    TAMPER_IRQHandler                        0x080001b3   Thumb Code     0  startup_stm32f103xb.o(.text)
    TIM1_BRK_IRQHandler                      0x080001b3   Thumb Code     0  startup_stm32f103xb.o(.text)
    TIM1_CC_IRQHandler                       0x080001b3   Thumb Code     0  startup_stm32f103xb.o(.text)
    TIM1_TRG_COM_IRQHandler                  0x080001b3   Thumb Code     0  startup_stm32f103xb.o(.text)
    TIM1_UP_IRQHandler                       0x080001b3   Thumb Code     0  startup_stm32f103xb.o(.text)
    TIM2_IRQHandler                          0x080001b3   Thumb Code     0  startup_stm32f103xb.o(.text)
    TIM3_IRQHandler                          0x080001b3   Thumb Code     0  startup_stm32f103xb.o(.text)
    USART1_IRQHandler                        0x080001b3   Thumb Code     0  startup_stm32f103xb.o(.text)
    USART3_IRQHandler                        0x080001b3   Thumb Code     0  startup_stm32f103xb.o(.text)
    USBWakeUp_IRQHandler                     0x080001b3   Thumb Code     0  startup_stm32f103xb.o(.text)
    USB_HP_CAN1_TX_IRQHandler                0x080001b3   Thumb Code     0  startup_stm32f103xb.o(.text)
    WWDG_IRQHandler                          0x080001b3   Thumb Code     0  startup_stm32f103xb.o(.text)
    __aeabi_llsr                             0x080001bd   Thumb Code    32  llushr.o(.text)
    _ll_ushift_r                             0x080001bd   Thumb Code     0  llushr.o(.text)
    __aeabi_memcpy                           0x080001dd   Thumb Code    36  memcpya.o(.text)
    __aeabi_memcpy4                          0x080001dd   Thumb Code     0  memcpya.o(.text)
    __aeabi_memcpy8                          0x080001dd   Thumb Code     0  memcpya.o(.text)
    __aeabi_memset                           0x08000201   Thumb Code    14  memseta.o(.text)
    __aeabi_memset4                          0x08000201   Thumb Code     0  memseta.o(.text)
    __aeabi_memset8                          0x08000201   Thumb Code     0  memseta.o(.text)
    __aeabi_memclr                           0x0800020f   Thumb Code     4  memseta.o(.text)
    __aeabi_memclr4                          0x0800020f   Thumb Code     0  memseta.o(.text)
    __aeabi_memclr8                          0x0800020f   Thumb Code     0  memseta.o(.text)
    memset                                   0x08000213   Thumb Code    18  memseta.o(.text)
    strlen                                   0x08000225   Thumb Code    14  strlen.o(.text)
    __aeabi_fadd                             0x08000233   Thumb Code   164  fadd.o(.text)
    __aeabi_fsub                             0x080002d7   Thumb Code     6  fadd.o(.text)
    __aeabi_frsub                            0x080002dd   Thumb Code     6  fadd.o(.text)
    __aeabi_fmul                             0x080002e3   Thumb Code   100  fmul.o(.text)
    __aeabi_fdiv                             0x08000347   Thumb Code   124  fdiv.o(.text)
    __aeabi_dadd                             0x080003c3   Thumb Code   322  dadd.o(.text)
    __aeabi_dsub                             0x08000505   Thumb Code     6  dadd.o(.text)
    __aeabi_drsub                            0x0800050b   Thumb Code     6  dadd.o(.text)
    __aeabi_dmul                             0x08000511   Thumb Code   228  dmul.o(.text)
    __aeabi_ddiv                             0x080005f5   Thumb Code   222  ddiv.o(.text)
    __aeabi_i2f                              0x080006d3   Thumb Code    18  fflti.o(.text)
    __aeabi_ui2f                             0x080006e5   Thumb Code    10  ffltui.o(.text)
    __aeabi_i2d                              0x080006ef   Thumb Code    34  dflti.o(.text)
    __aeabi_ui2d                             0x08000711   Thumb Code    26  dfltui.o(.text)
    __aeabi_f2iz                             0x0800072b   Thumb Code    50  ffixi.o(.text)
    __aeabi_f2uiz                            0x0800075d   Thumb Code    40  ffixui.o(.text)
    __aeabi_f2d                              0x08000785   Thumb Code    38  f2d.o(.text)
    __aeabi_cdcmpeq                          0x080007ad   Thumb Code     0  cdcmple.o(.text)
    __aeabi_cdcmple                          0x080007ad   Thumb Code    48  cdcmple.o(.text)
    __aeabi_cdrcmple                         0x080007dd   Thumb Code    48  cdrcmple.o(.text)
    __aeabi_d2f                              0x0800080d   Thumb Code    56  d2f.o(.text)
    __aeabi_cfcmpeq                          0x08000845   Thumb Code     0  cfcmple.o(.text)
    __aeabi_cfcmple                          0x08000845   Thumb Code    20  cfcmple.o(.text)
    __aeabi_cfrcmple                         0x08000859   Thumb Code    20  cfrcmple.o(.text)
    __aeabi_uidiv                            0x0800086d   Thumb Code     0  uidiv.o(.text)
    __aeabi_uidivmod                         0x0800086d   Thumb Code    44  uidiv.o(.text)
    __aeabi_uldivmod                         0x08000899   Thumb Code    98  uldiv.o(.text)
    __aeabi_llsl                             0x080008fb   Thumb Code    30  llshl.o(.text)
    _ll_shift_l                              0x080008fb   Thumb Code     0  llshl.o(.text)
    __aeabi_lasr                             0x08000919   Thumb Code    36  llsshr.o(.text)
    _ll_sshift_r                             0x08000919   Thumb Code     0  llsshr.o(.text)
    __I$use$fp                               0x0800093d   Thumb Code     0  iusefp.o(.text)
    _float_round                             0x0800093d   Thumb Code    18  fepilogue.o(.text)
    _float_epilogue                          0x0800094f   Thumb Code    92  fepilogue.o(.text)
    _double_round                            0x080009ab   Thumb Code    30  depilogue.o(.text)
    _double_epilogue                         0x080009c9   Thumb Code   156  depilogue.o(.text)
    __aeabi_d2ulz                            0x08000a65   Thumb Code    48  dfixul.o(.text)
    __scatterload                            0x08000a95   Thumb Code    28  init.o(.text)
    __scatterload_rt2                        0x08000a95   Thumb Code     0  init.o(.text)
    __decompress                             0x08000ab9   Thumb Code     0  __dczerorl2.o(.text)
    __decompress1                            0x08000ab9   Thumb Code    86  __dczerorl2.o(.text)
    BMS_AnalysisInit                         0x08000d3d   Thumb Code    36  bms_analysis.o(i.BMS_AnalysisInit)
    BMS_EnergyInit                           0x08001765   Thumb Code    90  bms_energy.o(i.BMS_EnergyInit)
    BMS_HalCtrlCellsBalance                  0x08001875   Thumb Code    16  bms_hal_control.o(i.BMS_HalCtrlCellsBalance)
    BMS_HalCtrlCharge                        0x08001885   Thumb Code    14  bms_hal_control.o(i.BMS_HalCtrlCharge)
    BMS_HalCtrlDischarge                     0x08001893   Thumb Code    14  bms_hal_control.o(i.BMS_HalCtrlDischarge)
    BMS_InfoInit                             0x080018a1   Thumb Code    36  bms_info.o(i.BMS_InfoInit)
    BMS_MonitorHwCurrent                     0x08001e25   Thumb Code     8  bms_monitor.o(i.BMS_MonitorHwCurrent)
    BMS_MonitorInit                          0x08001e31   Thumb Code    36  bms_monitor.o(i.BMS_MonitorInit)
    BMS_ProtectHwDevice                      0x080020a1   Thumb Code    22  bms_protect.o(i.BMS_ProtectHwDevice)
    BMS_ProtectHwMonitor                     0x080020e9   Thumb Code   154  bms_protect.o(i.BMS_ProtectHwMonitor)
    BMS_ProtectHwOCD                         0x080021e5   Thumb Code    14  bms_protect.o(i.BMS_ProtectHwOCD)
    BMS_ProtectHwOV                          0x080021f9   Thumb Code    14  bms_protect.o(i.BMS_ProtectHwOV)
    BMS_ProtectHwOvrd                        0x0800220d   Thumb Code    22  bms_protect.o(i.BMS_ProtectHwOvrd)
    BMS_ProtectHwSCD                         0x08002251   Thumb Code    14  bms_protect.o(i.BMS_ProtectHwSCD)
    BMS_ProtectHwUV                          0x08002265   Thumb Code    14  bms_protect.o(i.BMS_ProtectHwUV)
    BMS_ProtectInit                          0x08002279   Thumb Code    76  bms_protect.o(i.BMS_ProtectInit)
    BMS_SysInitialize                        0x08002685   Thumb Code   104  bms_app.o(i.BMS_SysInitialize)
    BQ769X0_CellBalanceControl               0x080027dd   Thumb Code   110  drv_softi2c_bq769x0.o(i.BQ769X0_CellBalanceControl)
    BQ769X0_ControlDSGOrCHG                  0x0800293d   Thumb Code    42  drv_softi2c_bq769x0.o(i.BQ769X0_ControlDSGOrCHG)
    BQ769X0_EntryShip                        0x0800296d   Thumb Code    28  drv_softi2c_bq769x0.o(i.BQ769X0_EntryShip)
    BQ769X0_GetADCGainOffset                 0x08002989   Thumb Code   176  drv_softi2c_bq769x0.o(i.BQ769X0_GetADCGainOffset)
    BQ769X0_Initialize                       0x08002a4d   Thumb Code   222  drv_softi2c_bq769x0.o(i.BQ769X0_Initialize)
    BQ769X0_UpadteBatVolt                    0x08002fd1   Thumb Code   124  drv_softi2c_bq769x0.o(i.BQ769X0_UpadteBatVolt)
    BQ769X0_UpdateCellVolt                   0x08003091   Thumb Code   134  drv_softi2c_bq769x0.o(i.BQ769X0_UpdateCellVolt)
    BQ769X0_UpdateCurrent                    0x08003159   Thumb Code   134  drv_softi2c_bq769x0.o(i.BQ769X0_UpdateCurrent)
    BQ769X0_UpdateTsTemp                     0x08003225   Thumb Code   174  drv_softi2c_bq769x0.o(i.BQ769X0_UpdateTsTemp)
    BQ769X0_Wakeup                           0x08003315   Thumb Code    50  drv_softi2c_bq769x0.o(i.BQ769X0_Wakeup)
    Bms_HalMonitorBatteryCurrent             0x08003519   Thumb Code    16  bms_hal_monitor.o(i.Bms_HalMonitorBatteryCurrent)
    Bms_HalMonitorBatteryVoltage             0x08003531   Thumb Code    16  bms_hal_monitor.o(i.Bms_HalMonitorBatteryVoltage)
    Bms_HalMonitorCellTemperature            0x08003549   Thumb Code    82  bms_hal_monitor.o(i.Bms_HalMonitorCellTemperature)
    Bms_HalMonitorCellVoltage                0x080035b1   Thumb Code    72  bms_hal_monitor.o(i.Bms_HalMonitorCellVoltage)
    BubbleFloat                              0x08003609   Thumb Code    70  bms_utils.o(i.BubbleFloat)
    BubbleSort                               0x0800364f   Thumb Code    82  bms_utils.o(i.BubbleSort)
    BusFault_Handler                         0x080036a1   Thumb Code     4  stm32f1xx_it.o(i.BusFault_Handler)
    CAN1_RX1_IRQHandler                      0x080036a5   Thumb Code    10  stm32f1xx_it.o(i.CAN1_RX1_IRQHandler)
    DebugMon_Handler                         0x080036f9   Thumb Code     2  stm32f1xx_it.o(i.DebugMon_Handler)
    EXTI15_10_IRQHandler                     0x080036fb   Thumb Code    12  stm32f1xx_it.o(i.EXTI15_10_IRQHandler)
    Error_Handler                            0x08003707   Thumb Code     6  main.o(i.Error_Handler)
    HAL_CAN_ErrorCallback                    0x0800371b   Thumb Code     2  stm32f1xx_hal_can.o(i.HAL_CAN_ErrorCallback)
    HAL_CAN_IRQHandler                       0x0800371d   Thumb Code   590  stm32f1xx_hal_can.o(i.HAL_CAN_IRQHandler)
    HAL_CAN_Init                             0x0800396b   Thumb Code   372  stm32f1xx_hal_can.o(i.HAL_CAN_Init)
    HAL_CAN_MspInit                          0x08003ae1   Thumb Code   154  can.o(i.HAL_CAN_MspInit)
    HAL_CAN_RxFifo0FullCallback              0x08003b89   Thumb Code     2  stm32f1xx_hal_can.o(i.HAL_CAN_RxFifo0FullCallback)
    HAL_CAN_RxFifo0MsgPendingCallback        0x08003b8b   Thumb Code     2  stm32f1xx_hal_can.o(i.HAL_CAN_RxFifo0MsgPendingCallback)
    HAL_CAN_RxFifo1FullCallback              0x08003b8d   Thumb Code     2  stm32f1xx_hal_can.o(i.HAL_CAN_RxFifo1FullCallback)
    HAL_CAN_RxFifo1MsgPendingCallback        0x08003b8f   Thumb Code     2  stm32f1xx_hal_can.o(i.HAL_CAN_RxFifo1MsgPendingCallback)
    HAL_CAN_SleepCallback                    0x08003b91   Thumb Code     2  stm32f1xx_hal_can.o(i.HAL_CAN_SleepCallback)
    HAL_CAN_TxMailbox0AbortCallback          0x08003b93   Thumb Code     2  stm32f1xx_hal_can.o(i.HAL_CAN_TxMailbox0AbortCallback)
    HAL_CAN_TxMailbox0CompleteCallback       0x08003b95   Thumb Code     2  stm32f1xx_hal_can.o(i.HAL_CAN_TxMailbox0CompleteCallback)
    HAL_CAN_TxMailbox1AbortCallback          0x08003b97   Thumb Code     2  stm32f1xx_hal_can.o(i.HAL_CAN_TxMailbox1AbortCallback)
    HAL_CAN_TxMailbox1CompleteCallback       0x08003b99   Thumb Code     2  stm32f1xx_hal_can.o(i.HAL_CAN_TxMailbox1CompleteCallback)
    HAL_CAN_TxMailbox2AbortCallback          0x08003b9b   Thumb Code     2  stm32f1xx_hal_can.o(i.HAL_CAN_TxMailbox2AbortCallback)
    HAL_CAN_TxMailbox2CompleteCallback       0x08003b9d   Thumb Code     2  stm32f1xx_hal_can.o(i.HAL_CAN_TxMailbox2CompleteCallback)
    HAL_CAN_WakeUpFromRxMsgCallback          0x08003b9f   Thumb Code     2  stm32f1xx_hal_can.o(i.HAL_CAN_WakeUpFromRxMsgCallback)
    HAL_DMA_Abort                            0x08003ba1   Thumb Code    86  stm32f1xx_hal_dma.o(i.HAL_DMA_Abort)
    HAL_DMA_Abort_IT                         0x08003bf9   Thumb Code   172  stm32f1xx_hal_dma.o(i.HAL_DMA_Abort_IT)
    HAL_GPIO_EXTI_Callback                   0x08003ca9   Thumb Code    16  drv_softi2c_bq769x0.o(i.HAL_GPIO_EXTI_Callback)
    HAL_GPIO_EXTI_IRQHandler                 0x08003cb9   Thumb Code    24  stm32f1xx_hal_gpio.o(i.HAL_GPIO_EXTI_IRQHandler)
    HAL_GPIO_Init                            0x08003cd5   Thumb Code   766  stm32f1xx_hal_gpio.o(i.HAL_GPIO_Init)
    HAL_GPIO_ReadPin                         0x08003ff5   Thumb Code    16  stm32f1xx_hal_gpio.o(i.HAL_GPIO_ReadPin)
    HAL_GPIO_TogglePin                       0x08004005   Thumb Code    20  stm32f1xx_hal_gpio.o(i.HAL_GPIO_TogglePin)
    HAL_GPIO_WritePin                        0x08004019   Thumb Code    12  stm32f1xx_hal_gpio.o(i.HAL_GPIO_WritePin)
    HAL_GetTick                              0x08004025   Thumb Code     6  stm32f1xx_hal.o(i.HAL_GetTick)
    HAL_IncTick                              0x08004031   Thumb Code    16  stm32f1xx_hal.o(i.HAL_IncTick)
    HAL_Init                                 0x08004049   Thumb Code    34  stm32f1xx_hal.o(i.HAL_Init)
    HAL_InitTick                             0x08004071   Thumb Code   158  stm32f1xx_hal_timebase_tim.o(i.HAL_InitTick)
    HAL_MspInit                              0x08004125   Thumb Code    86  stm32f1xx_hal_msp.o(i.HAL_MspInit)
    HAL_NVIC_EnableIRQ                       0x08004185   Thumb Code    32  stm32f1xx_hal_cortex.o(i.HAL_NVIC_EnableIRQ)
    HAL_NVIC_SetPriority                     0x080041a5   Thumb Code   124  stm32f1xx_hal_cortex.o(i.HAL_NVIC_SetPriority)
    HAL_NVIC_SetPriorityGrouping             0x08004221   Thumb Code    32  stm32f1xx_hal_cortex.o(i.HAL_NVIC_SetPriorityGrouping)
    HAL_RCC_ClockConfig                      0x08004249   Thumb Code   376  stm32f1xx_hal_rcc.o(i.HAL_RCC_ClockConfig)
    HAL_RCC_GetClockConfig                   0x080043d5   Thumb Code    58  stm32f1xx_hal_rcc.o(i.HAL_RCC_GetClockConfig)
    HAL_RCC_GetHCLKFreq                      0x08004419   Thumb Code     6  stm32f1xx_hal_rcc.o(i.HAL_RCC_GetHCLKFreq)
    HAL_RCC_GetPCLK1Freq                     0x08004425   Thumb Code    22  stm32f1xx_hal_rcc.o(i.HAL_RCC_GetPCLK1Freq)
    HAL_RCC_GetPCLK2Freq                     0x08004445   Thumb Code    22  stm32f1xx_hal_rcc.o(i.HAL_RCC_GetPCLK2Freq)
    HAL_RCC_GetSysClockFreq                  0x08004465   Thumb Code   116  stm32f1xx_hal_rcc.o(i.HAL_RCC_GetSysClockFreq)
    HAL_RCC_OscConfig                        0x080044f9   Thumb Code  1114  stm32f1xx_hal_rcc.o(i.HAL_RCC_OscConfig)
    HAL_TIMEx_BreakCallback                  0x0800495d   Thumb Code     2  stm32f1xx_hal_tim_ex.o(i.HAL_TIMEx_BreakCallback)
    HAL_TIMEx_CommutCallback                 0x0800495f   Thumb Code     2  stm32f1xx_hal_tim_ex.o(i.HAL_TIMEx_CommutCallback)
    HAL_TIM_Base_Init                        0x08004961   Thumb Code   102  stm32f1xx_hal_tim.o(i.HAL_TIM_Base_Init)
    HAL_TIM_Base_MspInit                     0x080049c7   Thumb Code     2  stm32f1xx_hal_tim.o(i.HAL_TIM_Base_MspInit)
    HAL_TIM_Base_Start_IT                    0x080049c9   Thumb Code   106  stm32f1xx_hal_tim.o(i.HAL_TIM_Base_Start_IT)
    HAL_TIM_IC_CaptureCallback               0x08004a41   Thumb Code     2  stm32f1xx_hal_tim.o(i.HAL_TIM_IC_CaptureCallback)
    HAL_TIM_IRQHandler                       0x08004a43   Thumb Code   406  stm32f1xx_hal_tim.o(i.HAL_TIM_IRQHandler)
    HAL_TIM_OC_DelayElapsedCallback          0x08004bd9   Thumb Code     2  stm32f1xx_hal_tim.o(i.HAL_TIM_OC_DelayElapsedCallback)
    HAL_TIM_PWM_PulseFinishedCallback        0x08004bdb   Thumb Code     2  stm32f1xx_hal_tim.o(i.HAL_TIM_PWM_PulseFinishedCallback)
    HAL_TIM_PeriodElapsedCallback            0x08004bdd   Thumb Code    18  main.o(i.HAL_TIM_PeriodElapsedCallback)
    HAL_TIM_TriggerCallback                  0x08004bf5   Thumb Code     2  stm32f1xx_hal_tim.o(i.HAL_TIM_TriggerCallback)
    HAL_UARTEx_RxEventCallback               0x08004bf7   Thumb Code     2  stm32f1xx_hal_uart.o(i.HAL_UARTEx_RxEventCallback)
    HAL_UART_ErrorCallback                   0x08004bf9   Thumb Code     2  stm32f1xx_hal_uart.o(i.HAL_UART_ErrorCallback)
    HAL_UART_IRQHandler                      0x08004bfd   Thumb Code   582  stm32f1xx_hal_uart.o(i.HAL_UART_IRQHandler)
    HAL_UART_Init                            0x08004e49   Thumb Code   114  stm32f1xx_hal_uart.o(i.HAL_UART_Init)
    HAL_UART_MspInit                         0x08004ebd   Thumb Code   240  usart.o(i.HAL_UART_MspInit)
    HAL_UART_RxCpltCallback                  0x08004fbd   Thumb Code     2  stm32f1xx_hal_uart.o(i.HAL_UART_RxCpltCallback)
    HAL_UART_Transmit                        0x08004fbf   Thumb Code   210  stm32f1xx_hal_uart.o(i.HAL_UART_Transmit)
    HAL_UART_TxCpltCallback                  0x08005091   Thumb Code     2  stm32f1xx_hal_uart.o(i.HAL_UART_TxCpltCallback)
    I2C_BusInitialize                        0x080051e1   Thumb Code    12  drv_soft_i2c.o(i.I2C_BusInitialize)
    I2C_TransferMessages                     0x080053c7   Thumb Code   182  drv_soft_i2c.o(i.I2C_TransferMessages)
    MX_CAN_Init                              0x080054fd   Thumb Code    62  can.o(i.MX_CAN_Init)
    MX_FREERTOS_Init                         0x08005545   Thumb Code    18  freertos.o(i.MX_FREERTOS_Init)
    MX_GPIO_Init                             0x08005565   Thumb Code   286  gpio.o(i.MX_GPIO_Init)
    MX_USART1_UART_Init                      0x08005695   Thumb Code    46  usart.o(i.MX_USART1_UART_Init)
    MX_USART2_UART_Init                      0x080056cd   Thumb Code    46  usart.o(i.MX_USART2_UART_Init)
    MemManage_Handler                        0x08005705   Thumb Code     4  stm32f1xx_it.o(i.MemManage_Handler)
    NMI_Handler                              0x08005709   Thumb Code     4  stm32f1xx_it.o(i.NMI_Handler)
    StartDefaultTask                         0x080057b1   Thumb Code    24  freertos.o(i.StartDefaultTask)
    SysTick_Handler                          0x080057cd   Thumb Code    38  port.o(i.SysTick_Handler)
    SystemClock_Config                       0x080057f9   Thumb Code   102  main.o(i.SystemClock_Config)
    SystemInit                               0x0800585f   Thumb Code     2  system_stm32f1xx.o(i.SystemInit)
    TIM4_IRQHandler                          0x08005861   Thumb Code    10  stm32f1xx_it.o(i.TIM4_IRQHandler)
    TIM_Base_SetConfig                       0x08005871   Thumb Code   104  stm32f1xx_hal_tim.o(i.TIM_Base_SetConfig)
    USART2_IRQHandler                        0x08005d59   Thumb Code    10  stm32f1xx_it.o(i.USART2_IRQHandler)
    USB_LP_CAN1_RX0_IRQHandler               0x08005d69   Thumb Code    10  stm32f1xx_it.o(i.USB_LP_CAN1_RX0_IRQHandler)
    UsageFault_Handler                       0x08005d79   Thumb Code     4  stm32f1xx_it.o(i.UsageFault_Handler)
    __0sprintf                               0x08005d7d   Thumb Code    34  printfa.o(i.__0sprintf)
    __1sprintf                               0x08005d7d   Thumb Code     0  printfa.o(i.__0sprintf)
    __2sprintf                               0x08005d7d   Thumb Code     0  printfa.o(i.__0sprintf)
    __c89sprintf                             0x08005d7d   Thumb Code     0  printfa.o(i.__0sprintf)
    sprintf                                  0x08005d7d   Thumb Code     0  printfa.o(i.__0sprintf)
    __0vsprintf                              0x08005da5   Thumb Code    30  printfa.o(i.__0vsprintf)
    __1vsprintf                              0x08005da5   Thumb Code     0  printfa.o(i.__0vsprintf)
    __2vsprintf                              0x08005da5   Thumb Code     0  printfa.o(i.__0vsprintf)
    __c89vsprintf                            0x08005da5   Thumb Code     0  printfa.o(i.__0vsprintf)
    vsprintf                                 0x08005da5   Thumb Code     0  printfa.o(i.__0vsprintf)
    __scatterload_copy                       0x08005e01   Thumb Code    14  handlers.o(i.__scatterload_copy)
    __scatterload_null                       0x08005e0f   Thumb Code     2  handlers.o(i.__scatterload_null)
    __scatterload_zeroinit                   0x08005e11   Thumb Code    14  handlers.o(i.__scatterload_zeroinit)
    main                                     0x08006719   Thumb Code    40  main.o(i.main)
    osDelay                                  0x08006741   Thumb Code    50  cmsis_os2.o(i.osDelay)
    osKernelGetTickCount                     0x08006779   Thumb Code    36  cmsis_os2.o(i.osKernelGetTickCount)
    osKernelInitialize                       0x080067a1   Thumb Code    50  cmsis_os2.o(i.osKernelInitialize)
    osKernelStart                            0x080067d9   Thumb Code    58  cmsis_os2.o(i.osKernelStart)
    osSemaphoreAcquire                       0x08006819   Thumb Code   120  cmsis_os2.o(i.osSemaphoreAcquire)
    osSemaphoreNew                           0x08006899   Thumb Code   206  cmsis_os2.o(i.osSemaphoreNew)
    osSemaphoreRelease                       0x0800696d   Thumb Code   106  cmsis_os2.o(i.osSemaphoreRelease)
    osThreadNew                              0x080069e1   Thumb Code   218  cmsis_os2.o(i.osThreadNew)
    osTimerNew                               0x08006ac1   Thumb Code   176  cmsis_os2.o(i.osTimerNew)
    osTimerStart                             0x08006b79   Thumb Code    72  cmsis_os2.o(i.osTimerStart)
    print_usart1                             0x08006bc5   Thumb Code    82  usart.o(i.print_usart1)
    pvPortMalloc                             0x08007469   Thumb Code   218  heap_4.o(i.pvPortMalloc)
    pvTaskIncrementMutexHeldCount            0x0800754d   Thumb Code    20  tasks.o(i.pvTaskIncrementMutexHeldCount)
    pvTimerGetTimerID                        0x08007565   Thumb Code    38  timers.o(i.pvTimerGetTimerID)
    pxPortInitialiseStack                    0x0800758d   Thumb Code    30  port.o(i.pxPortInitialiseStack)
    right_bound                              0x080075b1   Thumb Code    82  bms_utils.o(i.right_bound)
    swap                                     0x08007603   Thumb Code    26  bms_utils.o(i.swap)
    uxListRemove                             0x0800761d   Thumb Code    38  list.o(i.uxListRemove)
    vApplicationGetIdleTaskMemory            0x08007645   Thumb Code    16  cmsis_os2.o(i.vApplicationGetIdleTaskMemory)
    vApplicationGetTimerTaskMemory           0x08007659   Thumb Code    18  cmsis_os2.o(i.vApplicationGetTimerTaskMemory)
    vListInitialise                          0x08007671   Thumb Code    22  list.o(i.vListInitialise)
    vListInitialiseItem                      0x08007687   Thumb Code     6  list.o(i.vListInitialiseItem)
    vListInsert                              0x0800768d   Thumb Code    54  list.o(i.vListInsert)
    vListInsertEnd                           0x080076c3   Thumb Code    24  list.o(i.vListInsertEnd)
    vPortEnterCritical                       0x080076dd   Thumb Code    54  port.o(i.vPortEnterCritical)
    vPortExitCritical                        0x0800771d   Thumb Code    38  port.o(i.vPortExitCritical)
    vPortFree                                0x08007749   Thumb Code    88  heap_4.o(i.vPortFree)
    vPortSetupTimerInterrupt                 0x080077a5   Thumb Code    32  port.o(i.vPortSetupTimerInterrupt)
    vPortValidateInterruptPriority           0x080077c9   Thumb Code    74  port.o(i.vPortValidateInterruptPriority)
    vQueueAddToRegistry                      0x0800781d   Thumb Code    34  queue.o(i.vQueueAddToRegistry)
    vQueueDelete                             0x08007845   Thumb Code    50  queue.o(i.vQueueDelete)
    vQueueUnregisterQueue                    0x08007879   Thumb Code    36  queue.o(i.vQueueUnregisterQueue)
    vQueueWaitForMessageRestricted           0x080078a1   Thumb Code    74  queue.o(i.vQueueWaitForMessageRestricted)
    vTaskDelay                               0x080078ed   Thumb Code    70  tasks.o(i.vTaskDelay)
    vTaskInternalSetTimeOutState             0x0800793d   Thumb Code    12  tasks.o(i.vTaskInternalSetTimeOutState)
    vTaskMissedYield                         0x0800794d   Thumb Code     8  tasks.o(i.vTaskMissedYield)
    vTaskPlaceOnEventList                    0x08007959   Thumb Code    48  tasks.o(i.vTaskPlaceOnEventList)
    vTaskPlaceOnEventListRestricted          0x0800798d   Thumb Code    54  tasks.o(i.vTaskPlaceOnEventListRestricted)
    vTaskPriorityDisinheritAfterTimeout      0x080079c9   Thumb Code   138  tasks.o(i.vTaskPriorityDisinheritAfterTimeout)
    vTaskStartScheduler                      0x08007a5d   Thumb Code   128  tasks.o(i.vTaskStartScheduler)
    vTaskSuspendAll                          0x08007aed   Thumb Code    10  tasks.o(i.vTaskSuspendAll)
    vTaskSwitchContext                       0x08007afd   Thumb Code   100  tasks.o(i.vTaskSwitchContext)
    xPortStartScheduler                      0x08007b69   Thumb Code   168  port.o(i.xPortStartScheduler)
    xQueueCreateCountingSemaphore            0x08007c1d   Thumb Code    60  queue.o(i.xQueueCreateCountingSemaphore)
    xQueueCreateCountingSemaphoreStatic      0x08007c59   Thumb Code    66  queue.o(i.xQueueCreateCountingSemaphoreStatic)
    xQueueGenericCreate                      0x08007c9b   Thumb Code    74  queue.o(i.xQueueGenericCreate)
    xQueueGenericCreateStatic                0x08007ce5   Thumb Code   112  queue.o(i.xQueueGenericCreateStatic)
    xQueueGenericReset                       0x08007d55   Thumb Code   138  queue.o(i.xQueueGenericReset)
    xQueueGenericSend                        0x08007de5   Thumb Code   362  queue.o(i.xQueueGenericSend)
    xQueueGenericSendFromISR                 0x08007f55   Thumb Code   188  queue.o(i.xQueueGenericSendFromISR)
    xQueueGiveFromISR                        0x08008011   Thumb Code   160  queue.o(i.xQueueGiveFromISR)
    xQueueReceive                            0x080080b1   Thumb Code   322  queue.o(i.xQueueReceive)
    xQueueReceiveFromISR                     0x080081f9   Thumb Code   154  queue.o(i.xQueueReceiveFromISR)
    xQueueSemaphoreTake                      0x08008295   Thumb Code   382  queue.o(i.xQueueSemaphoreTake)
    xTaskCheckForTimeOut                     0x08008419   Thumb Code   122  tasks.o(i.xTaskCheckForTimeOut)
    xTaskCreate                              0x08008499   Thumb Code   108  tasks.o(i.xTaskCreate)
    xTaskCreateStatic                        0x08008505   Thumb Code    96  tasks.o(i.xTaskCreateStatic)
    xTaskGetSchedulerState                   0x08008565   Thumb Code    24  tasks.o(i.xTaskGetSchedulerState)
    xTaskGetTickCount                        0x08008581   Thumb Code     6  tasks.o(i.xTaskGetTickCount)
    xTaskGetTickCountFromISR                 0x0800858d   Thumb Code    12  tasks.o(i.xTaskGetTickCountFromISR)
    xTaskIncrementTick                       0x0800859d   Thumb Code   194  tasks.o(i.xTaskIncrementTick)
    xTaskPriorityDisinherit                  0x08008669   Thumb Code   118  tasks.o(i.xTaskPriorityDisinherit)
    xTaskPriorityInherit                     0x080086e9   Thumb Code   118  tasks.o(i.xTaskPriorityInherit)
    xTaskRemoveFromEventList                 0x08008769   Thumb Code   106  tasks.o(i.xTaskRemoveFromEventList)
    xTaskResumeAll                           0x080087e1   Thumb Code   190  tasks.o(i.xTaskResumeAll)
    xTimerCreate                             0x080088ad   Thumb Code    56  timers.o(i.xTimerCreate)
    xTimerCreateStatic                       0x080088e5   Thumb Code    60  timers.o(i.xTimerCreateStatic)
    xTimerCreateTimerTask                    0x08008921   Thumb Code    86  timers.o(i.xTimerCreateTimerTask)
    xTimerGenericCommand                     0x08008989   Thumb Code   112  timers.o(i.xTimerGenericCommand)
    defaultTask_attributes                   0x080089fc   Data          36  freertos.o(.constdata)
    AHBPrescTable                            0x08008a20   Data          16  system_stm32f1xx.o(.constdata)
    APBPrescTable                            0x08008a30   Data           8  system_stm32f1xx.o(.constdata)
    infoTask_attributes                      0x08008a38   Data          36  bms_info.o(.constdata)
    analysisTask_attributes                  0x08008a5c   Data          36  bms_analysis.o(.constdata)
    energyTask_attributes                    0x08008a80   Data          36  bms_energy.o(.constdata)
    energyTimer_attributes                   0x08008aa4   Data          16  bms_energy.o(.constdata)
    energySemaphore_attributes               0x08008ab4   Data          16  bms_energy.o(.constdata)
    monitorTask_attributes                   0x08008ac4   Data          36  bms_monitor.o(.constdata)
    protectTask_attributes                   0x08008ae8   Data          36  bms_protect.o(.constdata)
    protectTimer_attributes                  0x08008b0c   Data          16  bms_protect.o(.constdata)
    Region$$Table$$Base                      0x08008c60   Number         0  anon$$obj.o(Region$$Table)
    Region$$Table$$Limit                     0x08008c80   Number         0  anon$$obj.o(Region$$Table)
    defaultTaskHandle                        0x20000000   Data           4  freertos.o(.data)
    uwTick                                   0x20000004   Data           4  stm32f1xx_hal.o(.data)
    uwTickPrio                               0x20000008   Data           4  stm32f1xx_hal.o(.data)
    uwTickFreq                               0x2000000c   Data           1  stm32f1xx_hal.o(.data)
    SystemCoreClock                          0x20000010   Data           4  system_stm32f1xx.o(.data)
    pxCurrentTCB                             0x20000014   Data           4  tasks.o(.data)
    BMS_AnalysisData                         0x2000008c   Data          48  bms_analysis.o(.data)
    SocOcvTab                                0x200000bc   Data         202  bms_analysis.o(.data)
    BMS_EnergyData                           0x20000188   Data          32  bms_energy.o(.data)
    BalanceSem                               0x200001a8   Data           4  bms_energy.o(.data)
    BMS_GlobalParam                          0x200001ba   Data           6  bms_global.o(.data)
    BMS_ProtectAlert                         0x200001d4   Data           2  bms_protect.o(.data)
    BMS_ProtectParam                         0x200001d8   Data          68  bms_protect.o(.data)
    i2c1                                     0x20000228   Data          32  drv_soft_i2c.o(.data)
    hcan                                     0x2000025c   Data          40  can.o(.bss)
    huart1                                   0x20000284   Data          68  usart.o(.bss)
    huart2                                   0x200002c8   Data          68  usart.o(.bss)
    htim4                                    0x2000030c   Data          72  stm32f1xx_hal_timebase_tim.o(.bss)
    xQueueRegistry                           0x20000354   Data          64  queue.o(.bss)
    BMS_MonitorData                          0x20003828   Data          76  bms_monitor.o(.bss)
    BQ769X0_SampleData                       0x200038c8   Data          36  drv_softi2c_bq769x0.o(.bss)
    __initial_sp                             0x20003cf0   Data           0  startup_stm32f103xb.o(STACK)



==============================================================================

Memory Map of the image

  Image Entry point : 0x080000ed

  Load Region LR_IROM1 (Base: 0x08000000, Size: 0x00008edc, Max: 0x00010000, ABSOLUTE, COMPRESSED[0x00008dd0])

    Execution Region ER_IROM1 (Exec base: 0x08000000, Load base: 0x08000000, Size: 0x00008c80, Max: 0x00010000, ABSOLUTE)

    Exec Addr    Load Addr    Size         Type   Attr      Idx    E Section Name        Object

    0x08000000   0x08000000   0x000000ec   Data   RO            3    RESET               startup_stm32f103xb.o
    0x080000ec   0x080000ec   0x00000000   Code   RO         6059  * .ARM.Collect$$$$00000000  mc_w.l(entry.o)
    0x080000ec   0x080000ec   0x00000004   Code   RO         6371    .ARM.Collect$$$$00000001  mc_w.l(entry2.o)
    0x080000f0   0x080000f0   0x00000004   Code   RO         6374    .ARM.Collect$$$$00000004  mc_w.l(entry5.o)
    0x080000f4   0x080000f4   0x00000000   Code   RO         6376    .ARM.Collect$$$$00000008  mc_w.l(entry7b.o)
    0x080000f4   0x080000f4   0x00000000   Code   RO         6378    .ARM.Collect$$$$0000000A  mc_w.l(entry8b.o)
    0x080000f4   0x080000f4   0x00000008   Code   RO         6379    .ARM.Collect$$$$0000000B  mc_w.l(entry9a.o)
    0x080000fc   0x080000fc   0x00000000   Code   RO         6381    .ARM.Collect$$$$0000000D  mc_w.l(entry10a.o)
    0x080000fc   0x080000fc   0x00000000   Code   RO         6383    .ARM.Collect$$$$0000000F  mc_w.l(entry11a.o)
    0x080000fc   0x080000fc   0x00000004   Code   RO         6372    .ARM.Collect$$$$00002712  mc_w.l(entry2.o)
    0x08000100   0x08000100   0x00000096   Code   RO         4784    .emb_text           port.o
    0x08000196   0x08000196   0x00000002   PAD
    0x08000198   0x08000198   0x00000024   Code   RO            4    .text               startup_stm32f103xb.o
    0x080001bc   0x080001bc   0x00000020   Code   RO         6062    .text               mc_w.l(llushr.o)
    0x080001dc   0x080001dc   0x00000024   Code   RO         6064    .text               mc_w.l(memcpya.o)
    0x08000200   0x08000200   0x00000024   Code   RO         6068    .text               mc_w.l(memseta.o)
    0x08000224   0x08000224   0x0000000e   Code   RO         6070    .text               mc_w.l(strlen.o)
    0x08000232   0x08000232   0x000000b0   Code   RO         6335    .text               mf_w.l(fadd.o)
    0x080002e2   0x080002e2   0x00000064   Code   RO         6337    .text               mf_w.l(fmul.o)
    0x08000346   0x08000346   0x0000007c   Code   RO         6339    .text               mf_w.l(fdiv.o)
    0x080003c2   0x080003c2   0x0000014e   Code   RO         6341    .text               mf_w.l(dadd.o)
    0x08000510   0x08000510   0x000000e4   Code   RO         6343    .text               mf_w.l(dmul.o)
    0x080005f4   0x080005f4   0x000000de   Code   RO         6345    .text               mf_w.l(ddiv.o)
    0x080006d2   0x080006d2   0x00000012   Code   RO         6347    .text               mf_w.l(fflti.o)
    0x080006e4   0x080006e4   0x0000000a   Code   RO         6349    .text               mf_w.l(ffltui.o)
    0x080006ee   0x080006ee   0x00000022   Code   RO         6351    .text               mf_w.l(dflti.o)
    0x08000710   0x08000710   0x0000001a   Code   RO         6353    .text               mf_w.l(dfltui.o)
    0x0800072a   0x0800072a   0x00000032   Code   RO         6355    .text               mf_w.l(ffixi.o)
    0x0800075c   0x0800075c   0x00000028   Code   RO         6357    .text               mf_w.l(ffixui.o)
    0x08000784   0x08000784   0x00000026   Code   RO         6359    .text               mf_w.l(f2d.o)
    0x080007aa   0x080007aa   0x00000002   PAD
    0x080007ac   0x080007ac   0x00000030   Code   RO         6361    .text               mf_w.l(cdcmple.o)
    0x080007dc   0x080007dc   0x00000030   Code   RO         6363    .text               mf_w.l(cdrcmple.o)
    0x0800080c   0x0800080c   0x00000038   Code   RO         6365    .text               mf_w.l(d2f.o)
    0x08000844   0x08000844   0x00000014   Code   RO         6367    .text               mf_w.l(cfcmple.o)
    0x08000858   0x08000858   0x00000014   Code   RO         6369    .text               mf_w.l(cfrcmple.o)
    0x0800086c   0x0800086c   0x0000002c   Code   RO         6388    .text               mc_w.l(uidiv.o)
    0x08000898   0x08000898   0x00000062   Code   RO         6390    .text               mc_w.l(uldiv.o)
    0x080008fa   0x080008fa   0x0000001e   Code   RO         6392    .text               mc_w.l(llshl.o)
    0x08000918   0x08000918   0x00000024   Code   RO         6394    .text               mc_w.l(llsshr.o)
    0x0800093c   0x0800093c   0x00000000   Code   RO         6396    .text               mc_w.l(iusefp.o)
    0x0800093c   0x0800093c   0x0000006e   Code   RO         6397    .text               mf_w.l(fepilogue.o)
    0x080009aa   0x080009aa   0x000000ba   Code   RO         6399    .text               mf_w.l(depilogue.o)
    0x08000a64   0x08000a64   0x00000030   Code   RO         6401    .text               mf_w.l(dfixul.o)
    0x08000a94   0x08000a94   0x00000024   Code   RO         6403    .text               mc_w.l(init.o)
    0x08000ab8   0x08000ab8   0x00000056   Code   RO         6415    .text               mc_w.l(__dczerorl2.o)
    0x08000b0e   0x08000b0e   0x00000002   PAD
    0x08000b10   0x08000b10   0x00000120   Code   RO         5048    i.BMS_AnalysisAHSocCalculate  bms_analysis.o
    0x08000c30   0x08000c30   0x00000008   Code   RO         5049    i.BMS_AnalysisCalCap  bms_analysis.o
    0x08000c38   0x08000c38   0x00000074   Code   RO         5050    i.BMS_AnalysisCapAndSocInit  bms_analysis.o
    0x08000cac   0x08000cac   0x00000090   Code   RO         5051    i.BMS_AnalysisEasy  bms_analysis.o
    0x08000d3c   0x08000d3c   0x0000005c   Code   RO         5052    i.BMS_AnalysisInit  bms_analysis.o
    0x08000d98   0x08000d98   0x00000070   Code   RO         5053    i.BMS_AnalysisOcvSocCalculate  bms_analysis.o
    0x08000e08   0x08000e08   0x0000007c   Code   RO         5054    i.BMS_AnalysisOcvToSoc  bms_analysis.o
    0x08000e84   0x08000e84   0x0000000c   Code   RO         5055    i.BMS_AnalysisSocCheck  bms_analysis.o
    0x08000e90   0x08000e90   0x0000001c   Code   RO         5056    i.BMS_AnalysisTaskEntry  bms_analysis.o
    0x08000eac   0x08000eac   0x00000100   Code   RO         5057    i.BMS_AnalysisTempCal  bms_analysis.o
    0x08000fac   0x08000fac   0x00000060   Code   RO         5148    i.BMS_BalanceStartTimer  bms_energy.o
    0x0800100c   0x0800100c   0x00000074   Code   RO         5149    i.BMS_BalanceTimerEntry  bms_energy.o
    0x08001080   0x08001080   0x0000014c   Code   RO         4964    i.BMS_BattLow       bms_info.o
    0x080011cc   0x080011cc   0x0000013c   Code   RO         5303    i.BMS_ChargeMonitor  bms_protect.o
    0x08001308   0x08001308   0x000000c8   Code   RO         5304    i.BMS_DischargeMonitor  bms_protect.o
    0x080013d0   0x080013d0   0x000001d4   Code   RO         5150    i.BMS_EnergyBalanceManage  bms_energy.o
    0x080015a4   0x080015a4   0x000001c0   Code   RO         5151    i.BMS_EnergyChgDsgManage  bms_energy.o
    0x08001764   0x08001764   0x000000b8   Code   RO         5152    i.BMS_EnergyInit    bms_energy.o
    0x0800181c   0x0800181c   0x00000058   Code   RO         5153    i.BMS_EnergyTaskEntry  bms_energy.o
    0x08001874   0x08001874   0x00000010   Code   RO         5581    i.BMS_HalCtrlCellsBalance  bms_hal_control.o
    0x08001884   0x08001884   0x0000000e   Code   RO         5582    i.BMS_HalCtrlCharge  bms_hal_control.o
    0x08001892   0x08001892   0x0000000e   Code   RO         5583    i.BMS_HalCtrlDischarge  bms_hal_control.o
    0x080018a0   0x080018a0   0x00000058   Code   RO         4965    i.BMS_InfoInit      bms_info.o
    0x080018f8   0x080018f8   0x0000043c   Code   RO         4966    i.BMS_InfoPrintf    bms_info.o
    0x08001d34   0x08001d34   0x00000010   Code   RO         4967    i.BMS_InfoTaskEntry  bms_info.o
    0x08001d44   0x08001d44   0x000000e0   Code   RO         5221    i.BMS_MonitorBattery  bms_monitor.o
    0x08001e24   0x08001e24   0x0000000c   Code   RO         5222    i.BMS_MonitorHwCurrent  bms_monitor.o
    0x08001e30   0x08001e30   0x00000058   Code   RO         5223    i.BMS_MonitorInit   bms_monitor.o
    0x08001e88   0x08001e88   0x00000204   Code   RO         5228    i.BMS_MonitorSysMode  bms_monitor.o
    0x0800208c   0x0800208c   0x00000012   Code   RO         5229    i.BMS_MonitorTaskEntry  bms_monitor.o
    0x0800209e   0x0800209e   0x00000002   PAD
    0x080020a0   0x080020a0   0x00000048   Code   RO         5305    i.BMS_ProtectHwDevice  bms_protect.o
    0x080020e8   0x080020e8   0x000000fc   Code   RO         5306    i.BMS_ProtectHwMonitor  bms_protect.o
    0x080021e4   0x080021e4   0x00000014   Code   RO         5307    i.BMS_ProtectHwOCD  bms_protect.o
    0x080021f8   0x080021f8   0x00000014   Code   RO         5308    i.BMS_ProtectHwOV   bms_protect.o
    0x0800220c   0x0800220c   0x00000044   Code   RO         5309    i.BMS_ProtectHwOvrd  bms_protect.o
    0x08002250   0x08002250   0x00000014   Code   RO         5310    i.BMS_ProtectHwSCD  bms_protect.o
    0x08002264   0x08002264   0x00000014   Code   RO         5311    i.BMS_ProtectHwUV   bms_protect.o
    0x08002278   0x08002278   0x000000a0   Code   RO         5312    i.BMS_ProtectInit   bms_protect.o
    0x08002318   0x08002318   0x000000a4   Code   RO         5313    i.BMS_ProtectRelieve  bms_protect.o
    0x080023bc   0x080023bc   0x000001a8   Code   RO         5314    i.BMS_ProtectRelieveWait  bms_protect.o
    0x08002564   0x08002564   0x00000060   Code   RO         5315    i.BMS_ProtectStartTimer  bms_protect.o
    0x080025c4   0x080025c4   0x00000034   Code   RO         5316    i.BMS_ProtectSwMonitor  bms_protect.o
    0x080025f8   0x080025f8   0x00000038   Code   RO         5317    i.BMS_ProtectTaskEntry  bms_protect.o
    0x08002630   0x08002630   0x00000054   Code   RO         5318    i.BMS_ProtectTimerEntry  bms_protect.o
    0x08002684   0x08002684   0x00000084   Code   RO         4879    i.BMS_SysInitialize  bms_app.o
    0x08002708   0x08002708   0x000000d4   Code   RO         5848    i.BQ769X0_AlertHandler  drv_softi2c_bq769x0.o
    0x080027dc   0x080027dc   0x00000074   Code   RO         5849    i.BQ769X0_CellBalanceControl  drv_softi2c_bq769x0.o
    0x08002850   0x08002850   0x000000ec   Code   RO         5850    i.BQ769X0_Configuration  drv_softi2c_bq769x0.o
    0x0800293c   0x0800293c   0x00000030   Code   RO         5851    i.BQ769X0_ControlDSGOrCHG  drv_softi2c_bq769x0.o
    0x0800296c   0x0800296c   0x0000001c   Code   RO         5852    i.BQ769X0_EntryShip  drv_softi2c_bq769x0.o
    0x08002988   0x08002988   0x000000c4   Code   RO         5853    i.BQ769X0_GetADCGainOffset  drv_softi2c_bq769x0.o
    0x08002a4c   0x08002a4c   0x00000124   Code   RO         5854    i.BQ769X0_Initialize  drv_softi2c_bq769x0.o
    0x08002b70   0x08002b70   0x000001c8   Code   RO         5859    i.BQ769X0_ReadBlockWithCRC  drv_softi2c_bq769x0.o
    0x08002d38   0x08002d38   0x000000fc   Code   RO         5861    i.BQ769X0_ReadRegisterByteWithCRC  drv_softi2c_bq769x0.o
    0x08002e34   0x08002e34   0x00000158   Code   RO         5862    i.BQ769X0_ReadRegisterWordWithCRC  drv_softi2c_bq769x0.o
    0x08002f8c   0x08002f8c   0x00000020   Code   RO         5864    i.BQ769X0_TS1_SetInMode  drv_softi2c_bq769x0.o
    0x08002fac   0x08002fac   0x00000024   Code   RO         5865    i.BQ769X0_TS1_SetOutMode  drv_softi2c_bq769x0.o
    0x08002fd0   0x08002fd0   0x000000c0   Code   RO         5868    i.BQ769X0_UpadteBatVolt  drv_softi2c_bq769x0.o
    0x08003090   0x08003090   0x000000c8   Code   RO         5869    i.BQ769X0_UpdateCellVolt  drv_softi2c_bq769x0.o
    0x08003158   0x08003158   0x000000cc   Code   RO         5870    i.BQ769X0_UpdateCurrent  drv_softi2c_bq769x0.o
    0x08003224   0x08003224   0x000000f0   Code   RO         5872    i.BQ769X0_UpdateTsTemp  drv_softi2c_bq769x0.o
    0x08003314   0x08003314   0x00000038   Code   RO         5873    i.BQ769X0_Wakeup    drv_softi2c_bq769x0.o
    0x0800334c   0x0800334c   0x00000124   Code   RO         5874    i.BQ769X0_WriteBlockWithCRC  drv_softi2c_bq769x0.o
    0x08003470   0x08003470   0x000000a8   Code   RO         5876    i.BQ769X0_WriteRegisterByteWithCRC  drv_softi2c_bq769x0.o
    0x08003518   0x08003518   0x00000018   Code   RO         5632    i.Bms_HalMonitorBatteryCurrent  bms_hal_monitor.o
    0x08003530   0x08003530   0x00000018   Code   RO         5633    i.Bms_HalMonitorBatteryVoltage  bms_hal_monitor.o
    0x08003548   0x08003548   0x00000068   Code   RO         5634    i.Bms_HalMonitorCellTemperature  bms_hal_monitor.o
    0x080035b0   0x080035b0   0x00000058   Code   RO         5635    i.Bms_HalMonitorCellVoltage  bms_hal_monitor.o
    0x08003608   0x08003608   0x00000046   Code   RO         5421    i.BubbleFloat       bms_utils.o
    0x0800364e   0x0800364e   0x00000052   Code   RO         5422    i.BubbleSort        bms_utils.o
    0x080036a0   0x080036a0   0x00000004   Code   RO          405    i.BusFault_Handler  stm32f1xx_it.o
    0x080036a4   0x080036a4   0x00000010   Code   RO          406    i.CAN1_RX1_IRQHandler  stm32f1xx_it.o
    0x080036b4   0x080036b4   0x00000044   Code   RO         5878    i.CRC8              drv_softi2c_bq769x0.o
    0x080036f8   0x080036f8   0x00000002   Code   RO          407    i.DebugMon_Handler  stm32f1xx_it.o
    0x080036fa   0x080036fa   0x0000000c   Code   RO          408    i.EXTI15_10_IRQHandler  stm32f1xx_it.o
    0x08003706   0x08003706   0x00000006   Code   RO           13    i.Error_Handler     main.o
    0x0800370c   0x0800370c   0x0000000e   Code   RO         5704    i.GET_SDA           drv_soft_i2c.o
    0x0800371a   0x0800371a   0x00000002   Code   RO          592    i.HAL_CAN_ErrorCallback  stm32f1xx_hal_can.o
    0x0800371c   0x0800371c   0x0000024e   Code   RO          599    i.HAL_CAN_IRQHandler  stm32f1xx_hal_can.o
    0x0800396a   0x0800396a   0x00000174   Code   RO          600    i.HAL_CAN_Init      stm32f1xx_hal_can.o
    0x08003ade   0x08003ade   0x00000002   PAD
    0x08003ae0   0x08003ae0   0x000000a8   Code   RO          291    i.HAL_CAN_MspInit   can.o
    0x08003b88   0x08003b88   0x00000002   Code   RO          607    i.HAL_CAN_RxFifo0FullCallback  stm32f1xx_hal_can.o
    0x08003b8a   0x08003b8a   0x00000002   Code   RO          608    i.HAL_CAN_RxFifo0MsgPendingCallback  stm32f1xx_hal_can.o
    0x08003b8c   0x08003b8c   0x00000002   Code   RO          609    i.HAL_CAN_RxFifo1FullCallback  stm32f1xx_hal_can.o
    0x08003b8e   0x08003b8e   0x00000002   Code   RO          610    i.HAL_CAN_RxFifo1MsgPendingCallback  stm32f1xx_hal_can.o
    0x08003b90   0x08003b90   0x00000002   Code   RO          611    i.HAL_CAN_SleepCallback  stm32f1xx_hal_can.o
    0x08003b92   0x08003b92   0x00000002   Code   RO          614    i.HAL_CAN_TxMailbox0AbortCallback  stm32f1xx_hal_can.o
    0x08003b94   0x08003b94   0x00000002   Code   RO          615    i.HAL_CAN_TxMailbox0CompleteCallback  stm32f1xx_hal_can.o
    0x08003b96   0x08003b96   0x00000002   Code   RO          616    i.HAL_CAN_TxMailbox1AbortCallback  stm32f1xx_hal_can.o
    0x08003b98   0x08003b98   0x00000002   Code   RO          617    i.HAL_CAN_TxMailbox1CompleteCallback  stm32f1xx_hal_can.o
    0x08003b9a   0x08003b9a   0x00000002   Code   RO          618    i.HAL_CAN_TxMailbox2AbortCallback  stm32f1xx_hal_can.o
    0x08003b9c   0x08003b9c   0x00000002   Code   RO          619    i.HAL_CAN_TxMailbox2CompleteCallback  stm32f1xx_hal_can.o
    0x08003b9e   0x08003b9e   0x00000002   Code   RO          621    i.HAL_CAN_WakeUpFromRxMsgCallback  stm32f1xx_hal_can.o
    0x08003ba0   0x08003ba0   0x00000056   Code   RO         1204    i.HAL_DMA_Abort     stm32f1xx_hal_dma.o
    0x08003bf6   0x08003bf6   0x00000002   PAD
    0x08003bf8   0x08003bf8   0x000000b0   Code   RO         1205    i.HAL_DMA_Abort_IT  stm32f1xx_hal_dma.o
    0x08003ca8   0x08003ca8   0x00000010   Code   RO         5879    i.HAL_GPIO_EXTI_Callback  drv_softi2c_bq769x0.o
    0x08003cb8   0x08003cb8   0x0000001c   Code   RO         1139    i.HAL_GPIO_EXTI_IRQHandler  stm32f1xx_hal_gpio.o
    0x08003cd4   0x08003cd4   0x00000320   Code   RO         1140    i.HAL_GPIO_Init     stm32f1xx_hal_gpio.o
    0x08003ff4   0x08003ff4   0x00000010   Code   RO         1142    i.HAL_GPIO_ReadPin  stm32f1xx_hal_gpio.o
    0x08004004   0x08004004   0x00000014   Code   RO         1143    i.HAL_GPIO_TogglePin  stm32f1xx_hal_gpio.o
    0x08004018   0x08004018   0x0000000c   Code   RO         1144    i.HAL_GPIO_WritePin  stm32f1xx_hal_gpio.o
    0x08004024   0x08004024   0x0000000c   Code   RO          831    i.HAL_GetTick       stm32f1xx_hal.o
    0x08004030   0x08004030   0x00000018   Code   RO          837    i.HAL_IncTick       stm32f1xx_hal.o
    0x08004048   0x08004048   0x00000028   Code   RO          838    i.HAL_Init          stm32f1xx_hal.o
    0x08004070   0x08004070   0x000000b4   Code   RO          511    i.HAL_InitTick      stm32f1xx_hal_timebase_tim.o
    0x08004124   0x08004124   0x00000060   Code   RO          487    i.HAL_MspInit       stm32f1xx_hal_msp.o
    0x08004184   0x08004184   0x00000020   Code   RO         1300    i.HAL_NVIC_EnableIRQ  stm32f1xx_hal_cortex.o
    0x080041a4   0x080041a4   0x0000007c   Code   RO         1306    i.HAL_NVIC_SetPriority  stm32f1xx_hal_cortex.o
    0x08004220   0x08004220   0x00000028   Code   RO         1307    i.HAL_NVIC_SetPriorityGrouping  stm32f1xx_hal_cortex.o
    0x08004248   0x08004248   0x0000018c   Code   RO          995    i.HAL_RCC_ClockConfig  stm32f1xx_hal_rcc.o
    0x080043d4   0x080043d4   0x00000044   Code   RO          999    i.HAL_RCC_GetClockConfig  stm32f1xx_hal_rcc.o
    0x08004418   0x08004418   0x0000000c   Code   RO         1000    i.HAL_RCC_GetHCLKFreq  stm32f1xx_hal_rcc.o
    0x08004424   0x08004424   0x00000020   Code   RO         1002    i.HAL_RCC_GetPCLK1Freq  stm32f1xx_hal_rcc.o
    0x08004444   0x08004444   0x00000020   Code   RO         1003    i.HAL_RCC_GetPCLK2Freq  stm32f1xx_hal_rcc.o
    0x08004464   0x08004464   0x00000094   Code   RO         1004    i.HAL_RCC_GetSysClockFreq  stm32f1xx_hal_rcc.o
    0x080044f8   0x080044f8   0x00000464   Code   RO         1007    i.HAL_RCC_OscConfig  stm32f1xx_hal_rcc.o
    0x0800495c   0x0800495c   0x00000002   Code   RO         2543    i.HAL_TIMEx_BreakCallback  stm32f1xx_hal_tim_ex.o
    0x0800495e   0x0800495e   0x00000002   Code   RO         2544    i.HAL_TIMEx_CommutCallback  stm32f1xx_hal_tim_ex.o
    0x08004960   0x08004960   0x00000066   Code   RO         1828    i.HAL_TIM_Base_Init  stm32f1xx_hal_tim.o
    0x080049c6   0x080049c6   0x00000002   Code   RO         1830    i.HAL_TIM_Base_MspInit  stm32f1xx_hal_tim.o
    0x080049c8   0x080049c8   0x00000078   Code   RO         1833    i.HAL_TIM_Base_Start_IT  stm32f1xx_hal_tim.o
    0x08004a40   0x08004a40   0x00000002   Code   RO         1862    i.HAL_TIM_IC_CaptureCallback  stm32f1xx_hal_tim.o
    0x08004a42   0x08004a42   0x00000196   Code   RO         1876    i.HAL_TIM_IRQHandler  stm32f1xx_hal_tim.o
    0x08004bd8   0x08004bd8   0x00000002   Code   RO         1879    i.HAL_TIM_OC_DelayElapsedCallback  stm32f1xx_hal_tim.o
    0x08004bda   0x08004bda   0x00000002   Code   RO         1906    i.HAL_TIM_PWM_PulseFinishedCallback  stm32f1xx_hal_tim.o
    0x08004bdc   0x08004bdc   0x00000018   Code   RO           14    i.HAL_TIM_PeriodElapsedCallback  main.o
    0x08004bf4   0x08004bf4   0x00000002   Code   RO         1919    i.HAL_TIM_TriggerCallback  stm32f1xx_hal_tim.o
    0x08004bf6   0x08004bf6   0x00000002   Code   RO         2821    i.HAL_UARTEx_RxEventCallback  stm32f1xx_hal_uart.o
    0x08004bf8   0x08004bf8   0x00000002   Code   RO         2835    i.HAL_UART_ErrorCallback  stm32f1xx_hal_uart.o
    0x08004bfa   0x08004bfa   0x00000002   PAD
    0x08004bfc   0x08004bfc   0x0000024c   Code   RO         2838    i.HAL_UART_IRQHandler  stm32f1xx_hal_uart.o
    0x08004e48   0x08004e48   0x00000072   Code   RO         2839    i.HAL_UART_Init     stm32f1xx_hal_uart.o
    0x08004eba   0x08004eba   0x00000002   PAD
    0x08004ebc   0x08004ebc   0x00000100   Code   RO          333    i.HAL_UART_MspInit  usart.o
    0x08004fbc   0x08004fbc   0x00000002   Code   RO         2845    i.HAL_UART_RxCpltCallback  stm32f1xx_hal_uart.o
    0x08004fbe   0x08004fbe   0x000000d2   Code   RO         2847    i.HAL_UART_Transmit  stm32f1xx_hal_uart.o
    0x08005090   0x08005090   0x00000002   Code   RO         2850    i.HAL_UART_TxCpltCallback  stm32f1xx_hal_uart.o
    0x08005092   0x08005092   0x00000014   Code   RO         5705    i.I2C1_Lock         drv_soft_i2c.o
    0x080050a6   0x080050a6   0x00000002   Code   RO         5706    i.I2C1_LockInit     drv_soft_i2c.o
    0x080050a8   0x080050a8   0x0000000a   Code   RO         5707    i.I2C1_Unlock       drv_soft_i2c.o
    0x080050b2   0x080050b2   0x00000002   PAD
    0x080050b4   0x080050b4   0x000000ec   Code   RO         5708    i.I2C_BitSendAddress  drv_soft_i2c.o
    0x080051a0   0x080051a0   0x0000003e   Code   RO         5709    i.I2C_BusHardwareInitialize  drv_soft_i2c.o
    0x080051de   0x080051de   0x00000002   PAD
    0x080051e0   0x080051e0   0x00000010   Code   RO         5710    i.I2C_BusInitialize  drv_soft_i2c.o
    0x080051f0   0x080051f0   0x00000048   Code   RO         5711    i.I2C_ReadByte      drv_soft_i2c.o
    0x08005238   0x08005238   0x00000068   Code   RO         5712    i.I2C_RecvBytes     drv_soft_i2c.o
    0x080052a0   0x080052a0   0x0000002a   Code   RO         5713    i.I2C_Restart       drv_soft_i2c.o
    0x080052ca   0x080052ca   0x00000048   Code   RO         5714    i.I2C_SendAddress   drv_soft_i2c.o
    0x08005312   0x08005312   0x00000072   Code   RO         5715    i.I2C_SendBytes     drv_soft_i2c.o
    0x08005384   0x08005384   0x00000018   Code   RO         5716    i.I2C_Start         drv_soft_i2c.o
    0x0800539c   0x0800539c   0x0000002a   Code   RO         5717    i.I2C_Stop          drv_soft_i2c.o
    0x080053c6   0x080053c6   0x000000b6   Code   RO         5718    i.I2C_TransferMessages  drv_soft_i2c.o
    0x0800547c   0x0800547c   0x00000080   Code   RO         5719    i.I2C_WriteByte     drv_soft_i2c.o
    0x080054fc   0x080054fc   0x00000048   Code   RO          292    i.MX_CAN_Init       can.o
    0x08005544   0x08005544   0x00000020   Code   RO          244    i.MX_FREERTOS_Init  freertos.o
    0x08005564   0x08005564   0x00000130   Code   RO          220    i.MX_GPIO_Init      gpio.o
    0x08005694   0x08005694   0x00000038   Code   RO          334    i.MX_USART1_UART_Init  usart.o
    0x080056cc   0x080056cc   0x00000038   Code   RO          335    i.MX_USART2_UART_Init  usart.o
    0x08005704   0x08005704   0x00000004   Code   RO          409    i.MemManage_Handler  stm32f1xx_it.o
    0x08005708   0x08005708   0x00000004   Code   RO          410    i.NMI_Handler       stm32f1xx_it.o
    0x0800570c   0x0800570c   0x00000028   Code   RO         1008    i.RCC_Delay         stm32f1xx_hal_rcc.o
    0x08005734   0x08005734   0x00000010   Code   RO         5720    i.SCL_H             drv_soft_i2c.o
    0x08005744   0x08005744   0x00000010   Code   RO         5721    i.SCL_L             drv_soft_i2c.o
    0x08005754   0x08005754   0x00000010   Code   RO         5722    i.SDA_H             drv_soft_i2c.o
    0x08005764   0x08005764   0x00000010   Code   RO         5723    i.SDA_L             drv_soft_i2c.o
    0x08005774   0x08005774   0x0000001c   Code   RO         5724    i.SDA_SetInMode     drv_soft_i2c.o
    0x08005790   0x08005790   0x0000001e   Code   RO         5725    i.SDA_SetOutMode    drv_soft_i2c.o
    0x080057ae   0x080057ae   0x00000002   PAD
    0x080057b0   0x080057b0   0x0000001c   Code   RO          245    i.StartDefaultTask  freertos.o
    0x080057cc   0x080057cc   0x0000002c   Code   RO         4785    i.SysTick_Handler   port.o
    0x080057f8   0x080057f8   0x00000066   Code   RO           15    i.SystemClock_Config  main.o
    0x0800585e   0x0800585e   0x00000002   Code   RO         3178    i.SystemInit        system_stm32f1xx.o
    0x08005860   0x08005860   0x00000010   Code   RO          411    i.TIM4_IRQHandler   stm32f1xx_it.o
    0x08005870   0x08005870   0x00000074   Code   RO         1921    i.TIM_Base_SetConfig  stm32f1xx_hal_tim.o
    0x080058e4   0x080058e4   0x00000144   Code   RO         5880    i.TempChange        drv_softi2c_bq769x0.o
    0x08005a28   0x08005a28   0x00000018   Code   RO         4313    i.TimerCallback     cmsis_os2.o
    0x08005a40   0x08005a40   0x00000014   Code   RO         2852    i.UART_DMAAbortOnError  stm32f1xx_hal_uart.o
    0x08005a54   0x08005a54   0x00000036   Code   RO         2862    i.UART_EndRxTransfer  stm32f1xx_hal_uart.o
    0x08005a8a   0x08005a8a   0x00000020   Code   RO         2863    i.UART_EndTransmit_IT  stm32f1xx_hal_uart.o
    0x08005aaa   0x08005aaa   0x000000e4   Code   RO         2865    i.UART_Receive_IT   stm32f1xx_hal_uart.o
    0x08005b8e   0x08005b8e   0x00000002   PAD
    0x08005b90   0x08005b90   0x000000fc   Code   RO         2866    i.UART_SetConfig    stm32f1xx_hal_uart.o
    0x08005c8c   0x08005c8c   0x00000060   Code   RO         2869    i.UART_Transmit_IT  stm32f1xx_hal_uart.o
    0x08005cec   0x08005cec   0x0000006c   Code   RO         2870    i.UART_WaitOnFlagUntilTimeout  stm32f1xx_hal_uart.o
    0x08005d58   0x08005d58   0x00000010   Code   RO          412    i.USART2_IRQHandler  stm32f1xx_it.o
    0x08005d68   0x08005d68   0x00000010   Code   RO          413    i.USB_LP_CAN1_RX0_IRQHandler  stm32f1xx_it.o
    0x08005d78   0x08005d78   0x00000004   Code   RO          414    i.UsageFault_Handler  stm32f1xx_it.o
    0x08005d7c   0x08005d7c   0x00000028   Code   RO         6309    i.__0sprintf        mc_w.l(printfa.o)
    0x08005da4   0x08005da4   0x00000024   Code   RO         6313    i.__0vsprintf       mc_w.l(printfa.o)
    0x08005dc8   0x08005dc8   0x00000010   Code   RO         1313    i.__NVIC_GetPriorityGrouping  stm32f1xx_hal_cortex.o
    0x08005dd8   0x08005dd8   0x00000028   Code   RO         1314    i.__NVIC_SetPriority  stm32f1xx_hal_cortex.o
    0x08005e00   0x08005e00   0x0000000e   Code   RO         6409    i.__scatterload_copy  mc_w.l(handlers.o)
    0x08005e0e   0x08005e0e   0x00000002   Code   RO         6410    i.__scatterload_null  mc_w.l(handlers.o)
    0x08005e10   0x08005e10   0x0000000e   Code   RO         6411    i.__scatterload_zeroinit  mc_w.l(handlers.o)
    0x08005e1e   0x08005e1e   0x00000002   PAD
    0x08005e20   0x08005e20   0x00000184   Code   RO         6314    i._fp_digits        mc_w.l(printfa.o)
    0x08005fa4   0x08005fa4   0x000006dc   Code   RO         6315    i._printf_core      mc_w.l(printfa.o)
    0x08006680   0x08006680   0x00000024   Code   RO         6316    i._printf_post_padding  mc_w.l(printfa.o)
    0x080066a4   0x080066a4   0x0000002e   Code   RO         6317    i._printf_pre_padding  mc_w.l(printfa.o)
    0x080066d2   0x080066d2   0x0000000a   Code   RO         6319    i._sputc            mc_w.l(printfa.o)
    0x080066dc   0x080066dc   0x00000020   Code   RO         5637    i.compaer_cell      bms_hal_monitor.o
    0x080066fc   0x080066fc   0x0000001c   Code   RO         5726    i.delay_us          drv_soft_i2c.o
    0x08006718   0x08006718   0x00000028   Code   RO           16    i.main              main.o
    0x08006740   0x08006740   0x00000038   Code   RO         4314    i.osDelay           cmsis_os2.o
    0x08006778   0x08006778   0x00000028   Code   RO         4326    i.osKernelGetTickCount  cmsis_os2.o
    0x080067a0   0x080067a0   0x00000038   Code   RO         4328    i.osKernelInitialize  cmsis_os2.o
    0x080067d8   0x080067d8   0x00000040   Code   RO         4331    i.osKernelStart     cmsis_os2.o
    0x08006818   0x08006818   0x00000080   Code   RO         4347    i.osSemaphoreAcquire  cmsis_os2.o
    0x08006898   0x08006898   0x000000d4   Code   RO         4350    i.osSemaphoreNew    cmsis_os2.o
    0x0800696c   0x0800696c   0x00000074   Code   RO         4351    i.osSemaphoreRelease  cmsis_os2.o
    0x080069e0   0x080069e0   0x000000e0   Code   RO         4365    i.osThreadNew       cmsis_os2.o
    0x08006ac0   0x08006ac0   0x000000b8   Code   RO         4374    i.osTimerNew        cmsis_os2.o
    0x08006b78   0x08006b78   0x0000004c   Code   RO         4375    i.osTimerStart      cmsis_os2.o
    0x08006bc4   0x08006bc4   0x00000058   Code   RO          336    i.print_usart1      usart.o
    0x08006c1c   0x08006c1c   0x00000060   Code   RO         3789    i.prvAddCurrentTaskToDelayedList  tasks.o
    0x08006c7c   0x08006c7c   0x00000088   Code   RO         3790    i.prvAddNewTaskToReadyList  tasks.o
    0x08006d04   0x08006d04   0x0000005c   Code   RO         4150    i.prvCheckForValidListAndQueue  timers.o
    0x08006d60   0x08006d60   0x00000040   Code   RO         3791    i.prvCheckTasksWaitingTermination  tasks.o
    0x08006da0   0x08006da0   0x00000024   Code   RO         3382    i.prvCopyDataFromQueue  queue.o
    0x08006dc4   0x08006dc4   0x0000006e   Code   RO         3383    i.prvCopyDataToQueue  queue.o
    0x08006e32   0x08006e32   0x00000040   Code   RO         3792    i.prvDeleteTCB      tasks.o
    0x08006e72   0x08006e72   0x00000014   Code   RO         3384    i.prvGetDisinheritPriorityAfterTimeout  queue.o
    0x08006e86   0x08006e86   0x00000002   PAD
    0x08006e88   0x08006e88   0x00000024   Code   RO         4151    i.prvGetNextExpireTime  timers.o
    0x08006eac   0x08006eac   0x00000050   Code   RO         4735    i.prvHeapInit       heap_4.o
    0x08006efc   0x08006efc   0x00000028   Code   RO         3793    i.prvIdleTask       tasks.o
    0x08006f24   0x08006f24   0x00000022   Code   RO         3386    i.prvInitialiseNewQueue  queue.o
    0x08006f46   0x08006f46   0x0000008c   Code   RO         3794    i.prvInitialiseNewTask  tasks.o
    0x08006fd2   0x08006fd2   0x00000048   Code   RO         4152    i.prvInitialiseNewTimer  timers.o
    0x0800701a   0x0800701a   0x00000002   PAD
    0x0800701c   0x0800701c   0x00000060   Code   RO         3795    i.prvInitialiseTaskLists  tasks.o
    0x0800707c   0x0800707c   0x0000005c   Code   RO         4736    i.prvInsertBlockIntoFreeList  heap_4.o
    0x080070d8   0x080070d8   0x00000048   Code   RO         4153    i.prvInsertTimerInActiveList  timers.o
    0x08007120   0x08007120   0x0000001a   Code   RO         3387    i.prvIsQueueEmpty   queue.o
    0x0800713a   0x0800713a   0x0000001e   Code   RO         3388    i.prvIsQueueFull    queue.o
    0x08007158   0x08007158   0x0000005c   Code   RO         4154    i.prvProcessExpiredTimer  timers.o
    0x080071b4   0x080071b4   0x000000d8   Code   RO         4155    i.prvProcessReceivedCommands  timers.o
    0x0800728c   0x0800728c   0x0000006c   Code   RO         4156    i.prvProcessTimerOrBlockTask  timers.o
    0x080072f8   0x080072f8   0x00000024   Code   RO         3797    i.prvResetNextTaskUnblockTime  tasks.o
    0x0800731c   0x0800731c   0x0000002c   Code   RO         4157    i.prvSampleTimeNow  timers.o
    0x08007348   0x08007348   0x00000074   Code   RO         4158    i.prvSwitchTimerLists  timers.o
    0x080073bc   0x080073bc   0x00000030   Code   RO         4786    i.prvTaskExitError  port.o
    0x080073ec   0x080073ec   0x00000014   Code   RO         4159    i.prvTimerTask      timers.o
    0x08007400   0x08007400   0x00000068   Code   RO         3389    i.prvUnlockQueue    queue.o
    0x08007468   0x08007468   0x000000e4   Code   RO         4737    i.pvPortMalloc      heap_4.o
    0x0800754c   0x0800754c   0x00000018   Code   RO         3800    i.pvTaskIncrementMutexHeldCount  tasks.o
    0x08007564   0x08007564   0x00000026   Code   RO         4160    i.pvTimerGetTimerID  timers.o
    0x0800758a   0x0800758a   0x00000002   PAD
    0x0800758c   0x0800758c   0x00000024   Code   RO         4787    i.pxPortInitialiseStack  port.o
    0x080075b0   0x080075b0   0x00000052   Code   RO         5431    i.right_bound       bms_utils.o
    0x08007602   0x08007602   0x0000001a   Code   RO         5432    i.swap              bms_utils.o
    0x0800761c   0x0800761c   0x00000026   Code   RO         3342    i.uxListRemove      list.o
    0x08007642   0x08007642   0x00000002   PAD
    0x08007644   0x08007644   0x00000014   Code   RO         4377    i.vApplicationGetIdleTaskMemory  cmsis_os2.o
    0x08007658   0x08007658   0x00000018   Code   RO         4378    i.vApplicationGetTimerTaskMemory  cmsis_os2.o
    0x08007670   0x08007670   0x00000016   Code   RO         3343    i.vListInitialise   list.o
    0x08007686   0x08007686   0x00000006   Code   RO         3344    i.vListInitialiseItem  list.o
    0x0800768c   0x0800768c   0x00000036   Code   RO         3345    i.vListInsert       list.o
    0x080076c2   0x080076c2   0x00000018   Code   RO         3346    i.vListInsertEnd    list.o
    0x080076da   0x080076da   0x00000002   PAD
    0x080076dc   0x080076dc   0x00000040   Code   RO         4789    i.vPortEnterCritical  port.o
    0x0800771c   0x0800771c   0x0000002c   Code   RO         4790    i.vPortExitCritical  port.o
    0x08007748   0x08007748   0x0000005c   Code   RO         4738    i.vPortFree         heap_4.o
    0x080077a4   0x080077a4   0x00000024   Code   RO         4791    i.vPortSetupTimerInterrupt  port.o
    0x080077c8   0x080077c8   0x00000054   Code   RO         4792    i.vPortValidateInterruptPriority  port.o
    0x0800781c   0x0800781c   0x00000028   Code   RO         3395    i.vQueueAddToRegistry  queue.o
    0x08007844   0x08007844   0x00000032   Code   RO         3396    i.vQueueDelete      queue.o
    0x08007876   0x08007876   0x00000002   PAD
    0x08007878   0x08007878   0x00000028   Code   RO         3398    i.vQueueUnregisterQueue  queue.o
    0x080078a0   0x080078a0   0x0000004a   Code   RO         3399    i.vQueueWaitForMessageRestricted  queue.o
    0x080078ea   0x080078ea   0x00000002   PAD
    0x080078ec   0x080078ec   0x00000050   Code   RO         3809    i.vTaskDelay        tasks.o
    0x0800793c   0x0800793c   0x00000010   Code   RO         3814    i.vTaskInternalSetTimeOutState  tasks.o
    0x0800794c   0x0800794c   0x0000000c   Code   RO         3815    i.vTaskMissedYield  tasks.o
    0x08007958   0x08007958   0x00000034   Code   RO         3817    i.vTaskPlaceOnEventList  tasks.o
    0x0800798c   0x0800798c   0x0000003c   Code   RO         3818    i.vTaskPlaceOnEventListRestricted  tasks.o
    0x080079c8   0x080079c8   0x00000094   Code   RO         3820    i.vTaskPriorityDisinheritAfterTimeout  tasks.o
    0x08007a5c   0x08007a5c   0x00000090   Code   RO         3826    i.vTaskStartScheduler  tasks.o
    0x08007aec   0x08007aec   0x00000010   Code   RO         3828    i.vTaskSuspendAll   tasks.o
    0x08007afc   0x08007afc   0x0000006c   Code   RO         3829    i.vTaskSwitchContext  tasks.o
    0x08007b68   0x08007b68   0x000000b4   Code   RO         4793    i.xPortStartScheduler  port.o
    0x08007c1c   0x08007c1c   0x0000003c   Code   RO         3400    i.xQueueCreateCountingSemaphore  queue.o
    0x08007c58   0x08007c58   0x00000042   Code   RO         3401    i.xQueueCreateCountingSemaphoreStatic  queue.o
    0x08007c9a   0x08007c9a   0x0000004a   Code   RO         3404    i.xQueueGenericCreate  queue.o
    0x08007ce4   0x08007ce4   0x00000070   Code   RO         3405    i.xQueueGenericCreateStatic  queue.o
    0x08007d54   0x08007d54   0x00000090   Code   RO         3406    i.xQueueGenericReset  queue.o
    0x08007de4   0x08007de4   0x00000170   Code   RO         3407    i.xQueueGenericSend  queue.o
    0x08007f54   0x08007f54   0x000000bc   Code   RO         3408    i.xQueueGenericSendFromISR  queue.o
    0x08008010   0x08008010   0x000000a0   Code   RO         3411    i.xQueueGiveFromISR  queue.o
    0x080080b0   0x080080b0   0x00000148   Code   RO         3417    i.xQueueReceive     queue.o
    0x080081f8   0x080081f8   0x0000009a   Code   RO         3418    i.xQueueReceiveFromISR  queue.o
    0x08008292   0x08008292   0x00000002   PAD
    0x08008294   0x08008294   0x00000184   Code   RO         3419    i.xQueueSemaphoreTake  queue.o
    0x08008418   0x08008418   0x00000080   Code   RO         3830    i.xTaskCheckForTimeOut  tasks.o
    0x08008498   0x08008498   0x0000006c   Code   RO         3831    i.xTaskCreate       tasks.o
    0x08008504   0x08008504   0x00000060   Code   RO         3832    i.xTaskCreateStatic  tasks.o
    0x08008564   0x08008564   0x0000001c   Code   RO         3836    i.xTaskGetSchedulerState  tasks.o
    0x08008580   0x08008580   0x0000000c   Code   RO         3837    i.xTaskGetTickCount  tasks.o
    0x0800858c   0x0800858c   0x00000010   Code   RO         3838    i.xTaskGetTickCountFromISR  tasks.o
    0x0800859c   0x0800859c   0x000000cc   Code   RO         3839    i.xTaskIncrementTick  tasks.o
    0x08008668   0x08008668   0x00000080   Code   RO         3842    i.xTaskPriorityDisinherit  tasks.o
    0x080086e8   0x080086e8   0x00000080   Code   RO         3843    i.xTaskPriorityInherit  tasks.o
    0x08008768   0x08008768   0x00000078   Code   RO         3844    i.xTaskRemoveFromEventList  tasks.o
    0x080087e0   0x080087e0   0x000000cc   Code   RO         3845    i.xTaskResumeAll    tasks.o
    0x080088ac   0x080088ac   0x00000038   Code   RO         4164    i.xTimerCreate      timers.o
    0x080088e4   0x080088e4   0x0000003c   Code   RO         4165    i.xTimerCreateStatic  timers.o
    0x08008920   0x08008920   0x00000068   Code   RO         4166    i.xTimerCreateTimerTask  timers.o
    0x08008988   0x08008988   0x00000074   Code   RO         4167    i.xTimerGenericCommand  timers.o
    0x080089fc   0x080089fc   0x00000024   Data   RO          246    .constdata          freertos.o
    0x08008a20   0x08008a20   0x00000018   Data   RO         3179    .constdata          system_stm32f1xx.o
    0x08008a38   0x08008a38   0x00000024   Data   RO         4968    .constdata          bms_info.o
    0x08008a5c   0x08008a5c   0x00000024   Data   RO         5058    .constdata          bms_analysis.o
    0x08008a80   0x08008a80   0x00000044   Data   RO         5154    .constdata          bms_energy.o
    0x08008ac4   0x08008ac4   0x00000024   Data   RO         5231    .constdata          bms_monitor.o
    0x08008ae8   0x08008ae8   0x00000034   Data   RO         5319    .constdata          bms_protect.o
    0x08008b1c   0x08008b1c   0x0000003e   Data   RO         5882    .constdata          drv_softi2c_bq769x0.o
    0x08008b5a   0x08008b5a   0x00000002   PAD
    0x08008b5c   0x08008b5c   0x0000000c   Data   RO          247    .conststring        freertos.o
    0x08008b68   0x08008b68   0x00000095   Data   RO         4969    .conststring        bms_info.o
    0x08008bfd   0x08008bfd   0x00000003   PAD
    0x08008c00   0x08008c00   0x0000000d   Data   RO         5059    .conststring        bms_analysis.o
    0x08008c0d   0x08008c0d   0x00000003   PAD
    0x08008c10   0x08008c10   0x00000028   Data   RO         5155    .conststring        bms_energy.o
    0x08008c38   0x08008c38   0x0000000c   Data   RO         5232    .conststring        bms_monitor.o
    0x08008c44   0x08008c44   0x00000019   Data   RO         5320    .conststring        bms_protect.o
    0x08008c5d   0x08008c5d   0x00000003   PAD
    0x08008c60   0x08008c60   0x00000020   Data   RO         6407    Region$$Table       anon$$obj.o


    Execution Region RW_IRAM1 (Exec base: 0x20000000, Load base: 0x08008c80, Size: 0x00003cf0, Max: 0x00005000, ABSOLUTE, COMPRESSED[0x00000150])

    Exec Addr    Load Addr    Size         Type   Attr      Idx    E Section Name        Object

    0x20000000   COMPRESSED   0x00000004   Data   RW          248    .data               freertos.o
    0x20000004   COMPRESSED   0x00000009   Data   RW          845    .data               stm32f1xx_hal.o
    0x2000000d   COMPRESSED   0x00000003   PAD
    0x20000010   COMPRESSED   0x00000004   Data   RW         3180    .data               system_stm32f1xx.o
    0x20000014   COMPRESSED   0x0000003c   Data   RW         3848    .data               tasks.o
    0x20000050   COMPRESSED   0x00000014   Data   RW         4175    .data               timers.o
    0x20000064   COMPRESSED   0x00000004   Data   RW         4380    .data               cmsis_os2.o
    0x20000068   COMPRESSED   0x00000018   Data   RW         4743    .data               heap_4.o
    0x20000080   COMPRESSED   0x0000000c   Data   RW         4794    .data               port.o
    0x2000008c   COMPRESSED   0x000000fc   Data   RW         5060    .data               bms_analysis.o
    0x20000188   COMPRESSED   0x00000032   Data   RW         5156    .data               bms_energy.o
    0x200001ba   COMPRESSED   0x00000006   Data   RW         5206    .data               bms_global.o
    0x200001c0   COMPRESSED   0x00000014   Data   RW         5233    .data               bms_monitor.o
    0x200001d4   COMPRESSED   0x00000054   Data   RW         5321    .data               bms_protect.o
    0x20000228   COMPRESSED   0x00000020   Data   RW         5727    .data               drv_soft_i2c.o
    0x20000248   COMPRESSED   0x00000013   Data   RW         5883    .data               drv_softi2c_bq769x0.o
    0x2000025b   COMPRESSED   0x00000001   PAD
    0x2000025c        -       0x00000028   Zero   RW          293    .bss                can.o
    0x20000284        -       0x00000088   Zero   RW          337    .bss                usart.o
    0x2000030c        -       0x00000048   Zero   RW          514    .bss                stm32f1xx_hal_timebase_tim.o
    0x20000354        -       0x00000040   Zero   RW         3421    .bss                queue.o
    0x20000394        -       0x000004c4   Zero   RW         3847    .bss                tasks.o
    0x20000858        -       0x00000118   Zero   RW         4174    .bss                timers.o
    0x20000970        -       0x000006b8   Zero   RW         4379    .bss                cmsis_os2.o
    0x20001028        -       0x00002800   Zero   RW         4742    .bss                heap_4.o
    0x20003828        -       0x0000004c   Zero   RW         5230    .bss                bms_monitor.o
    0x20003874        -       0x00000078   Zero   RW         5881    .bss                drv_softi2c_bq769x0.o
    0x200038ec   COMPRESSED   0x00000004   PAD
    0x200038f0        -       0x00000400   Zero   RW            1    STACK               startup_stm32f103xb.o


==============================================================================

Image component sizes


      Code (inc. data)   RO Data    RW Data    ZI Data      Debug   Object Name

      1180        160         49        252          0       8944   bms_analysis.o
       132         28          0          0          0       9541   bms_app.o
      1400        440        108         50          0       5509   bms_energy.o
         0          0          0          6          0        238   bms_global.o
        44          0          0          0          0       1641   bms_hal_control.o
       272         54          0          0          0       2806   bms_hal_monitor.o
      1520        508        185          0          0       3229   bms_info.o
       858        250         48         20         76       4578   bms_monitor.o
      2024        790         77         84          0      10128   bms_protect.o
       260          0          0          0          0       3180   bms_utils.o
       240         24          0          0         40       1615   can.o
      1224         74          0          4       1720      24052   cmsis_os2.o
      1290         54          0         32          0      15114   drv_soft_i2c.o
      4008       1038         62         19        120      24293   drv_softi2c_bq769x0.o
         0          0          0          0          0      20112   event_groups.o
        60         18         48          4          0       1701   freertos.o
       304         18          0          0          0        979   gpio.o
       492         32          0         24      10240       4775   heap_4.o
       144          0          0          0          0       3382   list.o
       172          6          0          0          0     449312   main.o
       686         72          0         12          0      10757   port.o
      2606         34          0          0         64      26688   queue.o
        36          8        236          0       1024        796   startup_stm32f103xb.o
        76         20          0          9          0       4582   stm32f1xx_hal.o
       988          0          0          0          0       9759   stm32f1xx_hal_can.o
       252         22          0          0          0      28618   stm32f1xx_hal_cortex.o
       262          4          0          0          0       1731   stm32f1xx_hal_dma.o
       876         38          0          0          0       4479   stm32f1xx_hal_gpio.o
        96         10          0          0          0        878   stm32f1xx_hal_msp.o
      1852        120          0          0          0       6545   stm32f1xx_hal_rcc.o
       754         26          0          0          0       6030   stm32f1xx_hal_tim.o
         4          0          0          0          0       1489   stm32f1xx_hal_tim_ex.o
       180         22          0          0         72       1439   stm32f1xx_hal_timebase_tim.o
      1710         10          0          0          0      10200   stm32f1xx_hal_uart.o
        94         24          0          0          0       4421   stm32f1xx_it.o
         0          0          0          0          0       8872   stream_buffer.o
         2          0         24          4          0       1095   system_stm32f1xx.o
      2504        224          0         60       1220      27038   tasks.o
      1242         96          0         20        280      30759   timers.o
       456         42          0          0        136       5346   usart.o

    ----------------------------------------------------------------------
     30336       4266        880        604      14996     786651   Object Totals
         0          0         32          0          0          0   (incl. Generated)
        36          0         11          4          4          0   (incl. Padding)

    ----------------------------------------------------------------------

      Code (inc. data)   RO Data    RW Data    ZI Data      Debug   Library Member Name

        86          0          0          0          0          0   __dczerorl2.o
         0          0          0          0          0          0   entry.o
         0          0          0          0          0          0   entry10a.o
         0          0          0          0          0          0   entry11a.o
         8          4          0          0          0          0   entry2.o
         4          0          0          0          0          0   entry5.o
         0          0          0          0          0          0   entry7b.o
         0          0          0          0          0          0   entry8b.o
         8          4          0          0          0          0   entry9a.o
        30          0          0          0          0          0   handlers.o
        36          8          0          0          0         68   init.o
         0          0          0          0          0          0   iusefp.o
        30          0          0          0          0         68   llshl.o
        36          0          0          0          0         68   llsshr.o
        32          0          0          0          0         68   llushr.o
        36          0          0          0          0         68   memcpya.o
        36          0          0          0          0        108   memseta.o
      2312         92          0          0          0        600   printfa.o
        14          0          0          0          0         68   strlen.o
        44          0          0          0          0         80   uidiv.o
        98          0          0          0          0         92   uldiv.o
        48          0          0          0          0         68   cdcmple.o
        48          0          0          0          0         68   cdrcmple.o
        20          0          0          0          0         68   cfcmple.o
        20          0          0          0          0         68   cfrcmple.o
        56          0          0          0          0         88   d2f.o
       334          0          0          0          0        148   dadd.o
       222          0          0          0          0        100   ddiv.o
       186          0          0          0          0        176   depilogue.o
        48          0          0          0          0         68   dfixul.o
        34          0          0          0          0         76   dflti.o
        26          0          0          0          0         76   dfltui.o
       228          0          0          0          0         96   dmul.o
        38          0          0          0          0         68   f2d.o
       176          0          0          0          0        140   fadd.o
       124          0          0          0          0         88   fdiv.o
       110          0          0          0          0        168   fepilogue.o
        50          0          0          0          0         68   ffixi.o
        40          0          0          0          0         68   ffixui.o
        18          0          0          0          0         68   fflti.o
        10          0          0          0          0         68   ffltui.o
       100          0          0          0          0         76   fmul.o

    ----------------------------------------------------------------------
      4752        108          0          0          0       3200   Library Totals
         6          0          0          0          0          0   (incl. Padding)

    ----------------------------------------------------------------------

      Code (inc. data)   RO Data    RW Data    ZI Data      Debug   Library Name

      2810        108          0          0          0       1288   mc_w.l
      1936          0          0          0          0       1912   mf_w.l

    ----------------------------------------------------------------------
      4752        108          0          0          0       3200   Library Totals

    ----------------------------------------------------------------------

==============================================================================


      Code (inc. data)   RO Data    RW Data    ZI Data      Debug   

     35088       4374        880        604      14996     773703   Grand Totals
     35088       4374        880        336      14996     773703   ELF Image Totals (compressed)
     35088       4374        880        336          0          0   ROM Totals

==============================================================================

    Total RO  Size (Code + RO Data)                35968 (  35.13kB)
    Total RW  Size (RW Data + ZI Data)             15600 (  15.23kB)
    Total ROM Size (Code + RO Data + RW Data)      36304 (  35.45kB)

==============================================================================

